Component: ARM Compiler 5.06 update 7 (build 960) Tool: armlink [4d3601]

==============================================================================

Section Cross References

    startup_stm32g431xx.o(RESET) refers to startup_stm32g431xx.o(STACK) for __initial_sp
    startup_stm32g431xx.o(RESET) refers to startup_stm32g431xx.o(.text) for Reset_Handler
    startup_stm32g431xx.o(RESET) refers to stm32g4xx_it.o(i.NMI_Handler) for NMI_Handler
    startup_stm32g431xx.o(RESET) refers to stm32g4xx_it.o(i.HardFault_Handler) for HardFault_Handler
    startup_stm32g431xx.o(RESET) refers to stm32g4xx_it.o(i.MemManage_Handler) for MemManage_Handler
    startup_stm32g431xx.o(RESET) refers to stm32g4xx_it.o(i.BusFault_Handler) for BusFault_Handler
    startup_stm32g431xx.o(RESET) refers to stm32g4xx_it.o(i.UsageFault_Handler) for UsageFault_Handler
    startup_stm32g431xx.o(RESET) refers to stm32g4xx_it.o(i.SVC_Handler) for SVC_Handler
    startup_stm32g431xx.o(RESET) refers to stm32g4xx_it.o(i.DebugMon_Handler) for DebugMon_Handler
    startup_stm32g431xx.o(RESET) refers to stm32g4xx_it.o(i.PendSV_Handler) for PendSV_Handler
    startup_stm32g431xx.o(RESET) refers to stm32g4xx_it.o(i.SysTick_Handler) for SysTick_Handler
    startup_stm32g431xx.o(RESET) refers to stm32g4xx_it.o(i.TIM2_IRQHandler) for TIM2_IRQHandler
    startup_stm32g431xx.o(RESET) refers to stm32g4xx_it.o(i.USART1_IRQHandler) for USART1_IRQHandler
    startup_stm32g431xx.o(.text) refers to system_stm32g4xx.o(i.SystemInit) for SystemInit
    startup_stm32g431xx.o(.text) refers to entry.o(.ARM.Collect$$$$00000000) for __main
    main.o(i.SystemClock_Config) refers to memseta.o(.text) for __aeabi_memclr4
    main.o(i.SystemClock_Config) refers to stm32g4xx_hal_pwr_ex.o(i.HAL_PWREx_ControlVoltageScaling) for HAL_PWREx_ControlVoltageScaling
    main.o(i.SystemClock_Config) refers to stm32g4xx_hal_rcc.o(i.HAL_RCC_OscConfig) for HAL_RCC_OscConfig
    main.o(i.SystemClock_Config) refers to main.o(i.Error_Handler) for Error_Handler
    main.o(i.SystemClock_Config) refers to stm32g4xx_hal_rcc.o(i.HAL_RCC_ClockConfig) for HAL_RCC_ClockConfig
    main.o(i.main) refers to stm32g4xx_hal.o(i.HAL_Init) for HAL_Init
    main.o(i.main) refers to main.o(i.SystemClock_Config) for SystemClock_Config
    main.o(i.main) refers to gpio.o(i.MX_GPIO_Init) for MX_GPIO_Init
    main.o(i.main) refers to adc.o(i.MX_ADC2_Init) for MX_ADC2_Init
    main.o(i.main) refers to tim.o(i.MX_TIM17_Init) for MX_TIM17_Init
    main.o(i.main) refers to usart.o(i.MX_USART1_UART_Init) for MX_USART1_UART_Init
    main.o(i.main) refers to tim.o(i.MX_TIM2_Init) for MX_TIM2_Init
    main.o(i.main) refers to stm32g4xx_hal_gpio.o(i.HAL_GPIO_WritePin) for HAL_GPIO_WritePin
    main.o(i.main) refers to lcd.o(i.LCD_Init) for LCD_Init
    main.o(i.main) refers to lcd.o(i.LCD_Clear) for LCD_Clear
    main.o(i.main) refers to lcd.o(i.LCD_SetBackColor) for LCD_SetBackColor
    main.o(i.main) refers to lcd.o(i.LCD_SetTextColor) for LCD_SetTextColor
    main.o(i.main) refers to stm32g4xx_hal_tim.o(i.HAL_TIM_Base_Start_IT) for HAL_TIM_Base_Start_IT
    main.o(i.main) refers to stm32g4xx_hal_tim.o(i.HAL_TIM_PWM_Start) for HAL_TIM_PWM_Start
    main.o(i.main) refers to stm32g4xx_hal_uart.o(i.HAL_UART_Receive_IT) for HAL_UART_Receive_IT
    main.o(i.main) refers to pwm.o(i.pwm_out) for pwm_out
    main.o(i.main) refers to tim.o(.bss) for htim2
    main.o(i.main) refers to uart.o(.data) for rx_data
    main.o(i.main) refers to usart.o(.bss) for huart1
    gpio.o(i.MX_GPIO_Init) refers to memseta.o(.text) for __aeabi_memclr4
    gpio.o(i.MX_GPIO_Init) refers to stm32g4xx_hal_gpio.o(i.HAL_GPIO_WritePin) for HAL_GPIO_WritePin
    gpio.o(i.MX_GPIO_Init) refers to stm32g4xx_hal_gpio.o(i.HAL_GPIO_Init) for HAL_GPIO_Init
    adc.o(i.HAL_ADC_MspDeInit) refers to stm32g4xx_hal_gpio.o(i.HAL_GPIO_DeInit) for HAL_GPIO_DeInit
    adc.o(i.HAL_ADC_MspInit) refers to memseta.o(.text) for __aeabi_memclr4
    adc.o(i.HAL_ADC_MspInit) refers to stm32g4xx_hal_rcc_ex.o(i.HAL_RCCEx_PeriphCLKConfig) for HAL_RCCEx_PeriphCLKConfig
    adc.o(i.HAL_ADC_MspInit) refers to main.o(i.Error_Handler) for Error_Handler
    adc.o(i.HAL_ADC_MspInit) refers to stm32g4xx_hal_gpio.o(i.HAL_GPIO_Init) for HAL_GPIO_Init
    adc.o(i.MX_ADC2_Init) refers to memseta.o(.text) for __aeabi_memclr4
    adc.o(i.MX_ADC2_Init) refers to stm32g4xx_hal_adc.o(i.HAL_ADC_Init) for HAL_ADC_Init
    adc.o(i.MX_ADC2_Init) refers to main.o(i.Error_Handler) for Error_Handler
    adc.o(i.MX_ADC2_Init) refers to stm32g4xx_hal_adc.o(i.HAL_ADC_ConfigChannel) for HAL_ADC_ConfigChannel
    adc.o(i.MX_ADC2_Init) refers to adc.o(.bss) for hadc2
    tim.o(i.HAL_TIM_Base_MspDeInit) refers to stm32g4xx_hal_cortex.o(i.HAL_NVIC_DisableIRQ) for HAL_NVIC_DisableIRQ
    tim.o(i.HAL_TIM_Base_MspInit) refers to stm32g4xx_hal_cortex.o(i.HAL_NVIC_SetPriority) for HAL_NVIC_SetPriority
[...]
    .ARM.Collect$$$$0000000B                 0x080001e0   Section        8  entry9a.o(.ARM.Collect$$$$0000000B)
    .ARM.Collect$$$$0000000E                 0x080001e8   Section        4  entry12b.o(.ARM.Collect$$$$0000000E)
    .ARM.Collect$$$$0000000F                 0x080001ec   Section        0  entry10a.o(.ARM.Collect$$$$0000000F)
    .ARM.Collect$$$$00000011                 0x080001ec   Section        0  entry11a.o(.ARM.Collect$$$$00000011)
    .ARM.Collect$$$$00002712                 0x080001ec   Section        4  entry2.o(.ARM.Collect$$$$00002712)
    __lit__00000000                          0x080001ec   Data           4  entry2.o(.ARM.Collect$$$$00002712)
    .text                                    0x080001f0   Section       36  startup_stm32g431xx.o(.text)
    $v0                                      0x080001f0   Number         0  startup_stm32g431xx.o(.text)
    .text                                    0x08000214   Section        0  uldiv.o(.text)
    .text                                    0x08000276   Section        0  memseta.o(.text)
    .text                                    0x0800029a   Section        0  strlen.o(.text)
    .text                                    0x080002a8   Section        0  dadd.o(.text)
    .text                                    0x080003f6   Section        0  dmul.o(.text)
    .text                                    0x080004da   Section        0  ddiv.o(.text)
    .text                                    0x080005b8   Section        0  dfltui.o(.text)
    .text                                    0x080005d2   Section        0  f2d.o(.text)
    .text                                    0x080005f8   Section       48  cdcmple.o(.text)
    .text                                    0x08000628   Section       48  cdrcmple.o(.text)
    .text                                    0x08000658   Section        0  d2f.o(.text)
    .text                                    0x08000690   Section        0  uidiv.o(.text)
    .text                                    0x080006bc   Section        0  llshl.o(.text)
    .text                                    0x080006da   Section        0  llushr.o(.text)
    .text                                    0x080006fa   Section        0  llsshr.o(.text)
    .text                                    0x0800071e   Section        0  iusefp.o(.text)
    .text                                    0x0800071e   Section        0  fepilogue.o(.text)
    .text                                    0x0800078c   Section        0  depilogue.o(.text)
    .text                                    0x08000846   Section        0  dfixul.o(.text)
    .text                                    0x08000878   Section       36  init.o(.text)
    i.ADC_Enable                             0x0800089c   Section        0  stm32g4xx_hal_adc.o(i.ADC_Enable)
    i.BusFault_Handler                       0x08000964   Section        0  stm32g4xx_it.o(i.BusFault_Handler)
    i.DebugMon_Handler                       0x08000968   Section        0  stm32g4xx_it.o(i.DebugMon_Handler)
    i.Delay_LCD                              0x0800096a   Section        0  lcd.o(i.Delay_LCD)
    i.Error_Handler                          0x08000988   Section        0  main.o(i.Error_Handler)
    i.HAL_ADC_ConfigChannel                  0x08000990   Section        0  stm32g4xx_hal_adc.o(i.HAL_ADC_ConfigChannel)
    i.HAL_ADC_GetValue                       0x08000e98   Section        0  stm32g4xx_hal_adc.o(i.HAL_ADC_GetValue)
    i.HAL_ADC_Init                           0x08000ea0   Section        0  stm32g4xx_hal_adc.o(i.HAL_ADC_Init)
    i.HAL_ADC_MspInit                        0x080010fc   Section        0  adc.o(i.HAL_ADC_MspInit)
    i.HAL_ADC_Start                          0x0800118c   Section        0  stm32g4xx_hal_adc.o(i.HAL_ADC_Start)
    i.HAL_DMA_Abort                          0x080012a8   Section        0  stm32g4xx_hal_dma.o(i.HAL_DMA_Abort)
    i.HAL_DMA_Abort_IT                       0x08001326   Section        0  stm32g4xx_hal_dma.o(i.HAL_DMA_Abort_IT)
    i.HAL_Delay                              0x080013bc   Section        0  stm32g4xx_hal.o(i.HAL_Delay)
    i.HAL_GPIO_Init                          0x080013e4   Section        0  stm32g4xx_hal_gpio.o(i.HAL_GPIO_Init)
    i.HAL_GPIO_ReadPin                       0x080015c0   Section        0  stm32g4xx_hal_gpio.o(i.HAL_GPIO_ReadPin)
    i.HAL_GPIO_TogglePin                     0x080015d0   Section        0  stm32g4xx_hal_gpio.o(i.HAL_GPIO_TogglePin)
    i.HAL_GPIO_WritePin                      0x080015e4   Section        0  stm32g4xx_hal_gpio.o(i.HAL_GPIO_WritePin)
    i.HAL_GetTick                            0x080015f0   Section        0  stm32g4xx_hal.o(i.HAL_GetTick)
    i.HAL_IncTick                            0x080015fc   Section        0  stm32g4xx_hal.o(i.HAL_IncTick)
    i.HAL_Init                               0x08001614   Section        0  stm32g4xx_hal.o(i.HAL_Init)
    i.HAL_InitTick                           0x08001634   Section        0  stm32g4xx_hal.o(i.HAL_InitTick)
    i.HAL_MspInit                            0x0800168c   Section        0  stm32g4xx_hal_msp.o(i.HAL_MspInit)
    i.HAL_NVIC_EnableIRQ                     0x080016d0   Section        0  stm32g4xx_hal_cortex.o(i.HAL_NVIC_EnableIRQ)
    i.HAL_NVIC_SetPriority                   0x080016f8   Section        0  stm32g4xx_hal_cortex.o(i.HAL_NVIC_SetPriority)
    i.HAL_NVIC_SetPriorityGrouping           0x08001774   Section        0  stm32g4xx_hal_cortex.o(i.HAL_NVIC_SetPriorityGrouping)
    i.HAL_PWREx_ControlVoltageScaling        0x0800179c   Section        0  stm32g4xx_hal_pwr_ex.o(i.HAL_PWREx_ControlVoltageScaling)
    i.HAL_PWREx_DisableUCPDDeadBattery       0x080018b4   Section        0  stm32g4xx_hal_pwr_ex.o(i.HAL_PWREx_DisableUCPDDeadBattery)
    i.HAL_RCCEx_PeriphCLKConfig              0x080018c8   Section        0  stm32g4xx_hal_rcc_ex.o(i.HAL_RCCEx_PeriphCLKConfig)
    i.HAL_RCC_ClockConfig                    0x08001c38   Section        0  stm32g4xx_hal_rcc.o(i.HAL_RCC_ClockConfig)
    i.HAL_RCC_GetHCLKFreq                    0x08001e5c   Section        0  stm32g4xx_hal_rcc.o(i.HAL_RCC_GetHCLKFreq)
    i.HAL_RCC_GetPCLK1Freq                   0x08001e68   Section        0  stm32g4xx_hal_rcc.o(i.HAL_RCC_GetPCLK1Freq)
    i.HAL_RCC_GetPCLK2Freq                   0x08001e8c   Section        0  stm32g4xx_hal_rcc.o(i.HAL_RCC_GetPCLK2Freq)
    i.HAL_RCC_GetSysClockFreq                0x08001eb0   Section        0  stm32g4xx_hal_rcc.o(i.HAL_RCC_GetSysClockFreq)
    i.HAL_RCC_OscConfig                      0x08001f48   Section        0  stm32g4xx_hal_rcc.o(i.HAL_RCC_OscConfig)
    i.HAL_SYSTICK_Config                     0x080024a4   Section        0  stm32g4xx_hal_cortex.o(i.HAL_SYSTICK_Config)
    i.HAL_TIMEx_Break2Callback               0x080024d8   Section        0  stm32g4xx_hal_tim_ex.o(i.HAL_TIMEx_Break2Callback)
    i.HAL_TIMEx_BreakCallback                0x080024da   Section        0  stm32g4xx_hal_tim_ex.o(i.HAL_TIMEx_BreakCallback)
    i.HAL_TIMEx_CommutCallback               0x080024dc   Section        0  stm32g4xx_hal_tim_ex.o(i.HAL_TIMEx_CommutCallback)
    i.HAL_TIMEx_ConfigBreakDeadTime          0x080024e0   Section        0  stm32g4xx_hal_tim_ex.o(i.HAL_TIMEx_ConfigBreakDeadTime)
    i.HAL_TIMEx_DirectionChangeCallback      0x080025a8   Section        0  stm32g4xx_hal_tim_ex.o(i.HAL_TIMEx_DirectionChangeCallback)
    i.HAL_TIMEx_EncoderIndexCallback         0x080025aa   Section        0  stm32g4xx_hal_tim_ex.o(i.HAL_TIMEx_EncoderIndexCallback)
    i.HAL_TIMEx_IndexErrorCallback           0x080025ac   Section        0  stm32g4xx_hal_tim_ex.o(i.HAL_TIMEx_IndexErrorCallback)
    i.HAL_TIMEx_MasterConfigSynchronization  0x080025b0   Section        0  stm32g4xx_hal_tim_ex.o(i.HAL_TIMEx_MasterConfigSynchronization)
    i.HAL_TIMEx_TransitionErrorCallback      0x08002668   Section        0  stm32g4xx_hal_tim_ex.o(i.HAL_TIMEx_TransitionErrorCallback)
    i.HAL_TIM_Base_Init                      0x0800266a   Section        0  stm32g4xx_hal_tim.o(i.HAL_TIM_Base_Init)
    i.HAL_TIM_Base_MspInit                   0x080026d8   Section        0  tim.o(i.HAL_TIM_Base_MspInit)
    i.HAL_TIM_Base_Start_IT                  0x08002740   Section        0  stm32g4xx_hal_tim.o(i.HAL_TIM_Base_Start_IT)
    i.HAL_TIM_ConfigClockSource              0x080027dc   Section        0  stm32g4xx_hal_tim.o(i.HAL_TIM_ConfigClockSource)
    i.HAL_TIM_IC_CaptureCallback             0x08002910   Section        0  stm32g4xx_hal_tim.o(i.HAL_TIM_IC_CaptureCallback)
    i.HAL_TIM_IRQHandler                     0x08002912   Section        0  stm32g4xx_hal_tim.o(i.HAL_TIM_IRQHandler)
    i.HAL_TIM_MspPostInit                    0x08002b34   Section        0  tim.o(i.HAL_TIM_MspPostInit)
    i.HAL_TIM_OC_DelayElapsedCallback        0x08002b90   Section        0  stm32g4xx_hal_tim.o(i.HAL_TIM_OC_DelayElapsedCallback)
    i.HAL_TIM_PWM_ConfigChannel              0x08002b92   Section        0  stm32g4xx_hal_tim.o(i.HAL_TIM_PWM_ConfigChannel)
    i.HAL_TIM_PWM_Init                       0x08002d02   Section        0  stm32g4xx_hal_tim.o(i.HAL_TIM_PWM_Init)
    i.HAL_TIM_PWM_MspInit                    0x08002d70   Section        0  stm32g4xx_hal_tim.o(i.HAL_TIM_PWM_MspInit)
    i.HAL_TIM_PWM_PulseFinishedCallback      0x08002d72   Section        0  stm32g4xx_hal_tim.o(i.HAL_TIM_PWM_PulseFinishedCallback)
    i.HAL_TIM_PWM_Start                      0x08002d74   Section        0  stm32g4xx_hal_tim.o(i.HAL_TIM_PWM_Start)
    i.HAL_TIM_PeriodElapsedCallback          0x08002ec0   Section        0  task.o(i.HAL_TIM_PeriodElapsedCallback)
    i.HAL_TIM_TriggerCallback                0x08002ee4   Section        0  stm32g4xx_hal_tim.o(i.HAL_TIM_TriggerCallback)
    i.HAL_UARTEx_DisableFifoMode             0x08002ee6   Section        0  stm32g4xx_hal_uart_ex.o(i.HAL_UARTEx_DisableFifoMode)
    i.HAL_UARTEx_RxEventCallback             0x08002f34   Section        0  stm32g4xx_hal_uart.o(i.HAL_UARTEx_RxEventCallback)
    i.HAL_UARTEx_RxFifoFullCallback          0x08002f36   Section        0  stm32g4xx_hal_uart_ex.o(i.HAL_UARTEx_RxFifoFullCallback)
    i.HAL_UARTEx_SetRxFifoThreshold          0x08002f38   Section        0  stm32g4xx_hal_uart_ex.o(i.HAL_UARTEx_SetRxFifoThreshold)
    i.HAL_UARTEx_SetTxFifoThreshold          0x08002f96   Section        0  stm32g4xx_hal_uart_ex.o(i.HAL_UARTEx_SetTxFifoThreshold)
    i.HAL_UARTEx_TxFifoEmptyCallback         0x08002ff4   Section        0  stm32g4xx_hal_uart_ex.o(i.HAL_UARTEx_TxFifoEmptyCallback)
    i.HAL_UARTEx_WakeupCallback              0x08002ff6   Section        0  stm32g4xx_hal_uart_ex.o(i.HAL_UARTEx_WakeupCallback)
    i.HAL_UART_ErrorCallback                 0x08002ff8   Section        0  stm32g4xx_hal_uart.o(i.HAL_UART_ErrorCallback)
    i.HAL_UART_IRQHandler                    0x08002ffc   Section        0  stm32g4xx_hal_uart.o(i.HAL_UART_IRQHandler)
    i.HAL_UART_Init                          0x080033cc   Section        0  stm32g4xx_hal_uart.o(i.HAL_UART_Init)
    i.HAL_UART_MspInit                       0x08003444   Section        0  usart.o(i.HAL_UART_MspInit)
    i.HAL_UART_Receive_IT                    0x080034e8   Section        0  stm32g4xx_hal_uart.o(i.HAL_UART_Receive_IT)
    i.HAL_UART_RxCpltCallback                0x08003544   Section        0  uart.o(i.HAL_UART_RxCpltCallback)
    i.HAL_UART_Transmit_IT                   0x0800363c   Section        0  stm32g4xx_hal_uart.o(i.HAL_UART_Transmit_IT)
    i.HAL_UART_TxCpltCallback                0x080036e8   Section        0  stm32g4xx_hal_uart.o(i.HAL_UART_TxCpltCallback)
    i.HardFault_Handler                      0x080036ea   Section        0  stm32g4xx_it.o(i.HardFault_Handler)
    i.LCD_BusIn                              0x080036f0   Section        0  lcd.o(i.LCD_BusIn)
    i.LCD_BusOut                             0x08003720   Section        0  lcd.o(i.LCD_BusOut)
    i.LCD_Clear                              0x08003750   Section        0  lcd.o(i.LCD_Clear)
    i.LCD_CtrlLinesConfig                    0x0800379c   Section        0  lcd.o(i.LCD_CtrlLinesConfig)
    i.LCD_DisplayChar                        0x0800385c   Section        0  lcd.o(i.LCD_DisplayChar)
    i.LCD_DisplayStringLine                  0x08003884   Section        0  lcd.o(i.LCD_DisplayStringLine)
    i.LCD_DrawChar                           0x080038e0   Section        0  lcd.o(i.LCD_DrawChar)
    i.LCD_Init                               0x0800394c   Section        0  lcd.o(i.LCD_Init)
    i.LCD_ReadReg                            0x080039a8   Section        0  lcd.o(i.LCD_ReadReg)
    i.LCD_SetBackColor                       0x08003a54   Section        0  lcd.o(i.LCD_SetBackColor)
    i.LCD_SetCursor                          0x08003a64   Section        0  lcd.o(i.LCD_SetCursor)
    i.LCD_SetTextColor                       0x08003a7c   Section        0  lcd.o(i.LCD_SetTextColor)
    i.LCD_WriteRAM                           0x08003a8c   Section        0  lcd.o(i.LCD_WriteRAM)
    i.LCD_WriteRAM_Prepare                   0x08003b04   Section        0  lcd.o(i.LCD_WriteRAM_Prepare)
    i.LCD_WriteReg                           0x08003b7c   Section        0  lcd.o(i.LCD_WriteReg)
    i.LL_ADC_Enable                          0x08003c0c   Section        0  stm32g4xx_hal_adc.o(i.LL_ADC_Enable)
    LL_ADC_Enable                            0x08003c0d   Thumb Code    12  stm32g4xx_hal_adc.o(i.LL_ADC_Enable)
    i.LL_ADC_GetMultimode                    0x08003c1c   Section        0  stm32g4xx_hal_adc.o(i.LL_ADC_GetMultimode)
    LL_ADC_GetMultimode                      0x08003c1d   Thumb Code    10  stm32g4xx_hal_adc.o(i.LL_ADC_GetMultimode)
    i.LL_ADC_GetOffsetChannel                0x08003c26   Section        0  stm32g4xx_hal_adc.o(i.LL_ADC_GetOffsetChannel)
    LL_ADC_GetOffsetChannel                  0x08003c27   Thumb Code    18  stm32g4xx_hal_adc.o(i.LL_ADC_GetOffsetChannel)
    i.LL_ADC_INJ_IsConversionOngoing         0x08003c38   Section        0  stm32g4xx_hal_adc.o(i.LL_ADC_INJ_IsConversionOngoing)
    LL_ADC_INJ_IsConversionOngoing           0x08003c39   Thumb Code    10  stm32g4xx_hal_adc.o(i.LL_ADC_INJ_IsConversionOngoing)
    i.LL_ADC_IsEnabled                       0x08003c42   Section        0  stm32g4xx_hal_adc.o(i.LL_ADC_IsEnabled)
    LL_ADC_IsEnabled                         0x08003c43   Thumb Code    10  stm32g4xx_hal_adc.o(i.LL_ADC_IsEnabled)
    i.LL_ADC_IsInternalRegulatorEnabled      0x08003c4c   Section        0  stm32g4xx_hal_adc.o(i.LL_ADC_IsInternalRegulatorEnabled)
    LL_ADC_IsInternalRegulatorEnabled        0x08003c4d   Thumb Code    10  stm32g4xx_hal_adc.o(i.LL_ADC_IsInternalRegulatorEnabled)
    i.LL_ADC_REG_IsConversionOngoing         0x08003c56   Section        0  stm32g4xx_hal_adc.o(i.LL_ADC_REG_IsConversionOngoing)
    LL_ADC_REG_IsConversionOngoing           0x08003c57   Thumb Code    10  stm32g4xx_hal_adc.o(i.LL_ADC_REG_IsConversionOngoing)
    i.LL_ADC_REG_StartConversion             0x08003c60   Section        0  stm32g4xx_hal_adc.o(i.LL_ADC_REG_StartConversion)
    LL_ADC_REG_StartConversion               0x08003c61   Thumb Code    12  stm32g4xx_hal_adc.o(i.LL_ADC_REG_StartConversion)
    i.LL_ADC_SetChannelSamplingTime          0x08003c70   Section        0  stm32g4xx_hal_adc.o(i.LL_ADC_SetChannelSamplingTime)
    LL_ADC_SetChannelSamplingTime            0x08003c71   Thumb Code    40  stm32g4xx_hal_adc.o(i.LL_ADC_SetChannelSamplingTime)
    i.LL_ADC_SetCommonPathInternalCh         0x08003c98   Section        0  stm32g4xx_hal_adc.o(i.LL_ADC_SetCommonPathInternalCh)
    LL_ADC_SetCommonPathInternalCh           0x08003c99   Thumb Code    12  stm32g4xx_hal_adc.o(i.LL_ADC_SetCommonPathInternalCh)
    i.LL_ADC_SetOffsetState                  0x08003ca4   Section        0  stm32g4xx_hal_adc.o(i.LL_ADC_SetOffsetState)
    LL_ADC_SetOffsetState                    0x08003ca5   Thumb Code    22  stm32g4xx_hal_adc.o(i.LL_ADC_SetOffsetState)
    i.LL_ADC_SetSamplingTimeCommonConfig     0x08003cba   Section        0  stm32g4xx_hal_adc.o(i.LL_ADC_SetSamplingTimeCommonConfig)
    LL_ADC_SetSamplingTimeCommonConfig       0x08003cbb   Thumb Code    12  stm32g4xx_hal_adc.o(i.LL_ADC_SetSamplingTimeCommonConfig)
    i.MX_ADC2_Init                           0x08003cc8   Section        0  adc.o(i.MX_ADC2_Init)
    i.MX_GPIO_Init                           0x08003d4c   Section        0  gpio.o(i.MX_GPIO_Init)
    i.MX_TIM17_Init                          0x08003eac   Section        0  tim.o(i.MX_TIM17_Init)
    i.MX_TIM2_Init                           0x08003f50   Section        0  tim.o(i.MX_TIM2_Init)
    i.MX_USART1_UART_Init                    0x08003fc0   Section        0  usart.o(i.MX_USART1_UART_Init)
    i.MemManage_Handler                      0x0800402c   Section        0  stm32g4xx_it.o(i.MemManage_Handler)
    i.NMI_Handler                            0x08004030   Section        0  stm32g4xx_it.o(i.NMI_Handler)
    i.PendSV_Handler                         0x08004034   Section        0  stm32g4xx_it.o(i.PendSV_Handler)
    i.RCC_GetSysClockFreqFromPLLSource       0x08004038   Section        0  stm32g4xx_hal_rcc.o(i.RCC_GetSysClockFreqFromPLLSource)
    RCC_GetSysClockFreqFromPLLSource         0x08004039   Thumb Code    90  stm32g4xx_hal_rcc.o(i.RCC_GetSysClockFreqFromPLLSource)
    i.REG_8230_Init                          0x080040a0   Section        0  lcd.o(i.REG_8230_Init)
    i.REG_932X_Init                          0x080041c0   Section        0  lcd.o(i.REG_932X_Init)
    i.SVC_Handler                            0x080043c0   Section        0  stm32g4xx_it.o(i.SVC_Handler)
    i.SysTick_Handler                        0x080043c2   Section        0  stm32g4xx_it.o(i.SysTick_Handler)
    i.SystemClock_Config                     0x080043ca   Section        0  main.o(i.SystemClock_Config)
    i.SystemInit                             0x08004434   Section        0  system_stm32g4xx.o(i.SystemInit)
    i.TIM2_IRQHandler                        0x08004448   Section        0  stm32g4xx_it.o(i.TIM2_IRQHandler)
    i.TIM_Base_SetConfig                     0x08004458   Section        0  stm32g4xx_hal_tim.o(i.TIM_Base_SetConfig)
    i.TIM_CCxChannelCmd                      0x0800451c   Section        0  stm32g4xx_hal_tim.o(i.TIM_CCxChannelCmd)
    i.TIM_ETR_SetConfig                      0x0800453e   Section        0  stm32g4xx_hal_tim.o(i.TIM_ETR_SetConfig)
    i.TIM_ITRx_SetConfig                     0x08004554   Section        0  stm32g4xx_hal_tim.o(i.TIM_ITRx_SetConfig)
    TIM_ITRx_SetConfig                       0x08004555   Thumb Code    18  stm32g4xx_hal_tim.o(i.TIM_ITRx_SetConfig)
    i.TIM_OC1_SetConfig                      0x0800456c   Section        0  stm32g4xx_hal_tim.o(i.TIM_OC1_SetConfig)
    TIM_OC1_SetConfig                        0x0800456d   Thumb Code   150  stm32g4xx_hal_tim.o(i.TIM_OC1_SetConfig)
    i.TIM_OC2_SetConfig                      0x0800461c   Section        0  stm32g4xx_hal_tim.o(i.TIM_OC2_SetConfig)
    i.TIM_OC3_SetConfig                      0x080046d4   Section        0  stm32g4xx_hal_tim.o(i.TIM_OC3_SetConfig)
    TIM_OC3_SetConfig                        0x080046d5   Thumb Code   158  stm32g4xx_hal_tim.o(i.TIM_OC3_SetConfig)
    i.TIM_OC4_SetConfig                      0x0800478c   Section        0  stm32g4xx_hal_tim.o(i.TIM_OC4_SetConfig)
    TIM_OC4_SetConfig                        0x0800478d   Thumb Code   160  stm32g4xx_hal_tim.o(i.TIM_OC4_SetConfig)
    i.TIM_OC5_SetConfig                      0x08004844   Section        0  stm32g4xx_hal_tim.o(i.TIM_OC5_SetConfig)
    TIM_OC5_SetConfig                        0x08004845   Thumb Code    86  stm32g4xx_hal_tim.o(i.TIM_OC5_SetConfig)
    i.TIM_OC6_SetConfig                      0x080048b4   Section        0  stm32g4xx_hal_tim.o(i.TIM_OC6_SetConfig)
    TIM_OC6_SetConfig                        0x080048b5   Thumb Code    88  stm32g4xx_hal_tim.o(i.TIM_OC6_SetConfig)
    i.TIM_TI1_ConfigInputStage               0x08004924   Section        0  stm32g4xx_hal_tim.o(i.TIM_TI1_ConfigInputStage)
    TIM_TI1_ConfigInputStage                 0x08004925   Thumb Code    86  stm32g4xx_hal_tim.o(i.TIM_TI1_ConfigInputStage)
    i.TIM_TI2_ConfigInputStage               0x08004990   Section        0  stm32g4xx_hal_tim.o(i.TIM_TI2_ConfigInputStage)
    TIM_TI2_ConfigInputStage                 0x08004991   Thumb Code    88  stm32g4xx_hal_tim.o(i.TIM_TI2_ConfigInputStage)
    i.UARTEx_SetNbDataToProcess              0x080049fc   Section        0  stm32g4xx_hal_uart_ex.o(i.UARTEx_SetNbDataToProcess)
    UARTEx_SetNbDataToProcess                0x080049fd   Thumb Code    78  stm32g4xx_hal_uart_ex.o(i.UARTEx_SetNbDataToProcess)
    i.UART_AdvFeatureConfig                  0x08004a54   Section        0  stm32g4xx_hal_uart.o(i.UART_AdvFeatureConfig)
    i.UART_CheckIdleState                    0x08004b4c   Section        0  stm32g4xx_hal_uart.o(i.UART_CheckIdleState)
    i.UART_DMAAbortOnError                   0x08004c36   Section        0  stm32g4xx_hal_uart.o(i.UART_DMAAbortOnError)
    UART_DMAAbortOnError                     0x08004c37   Thumb Code    14  stm32g4xx_hal_uart.o(i.UART_DMAAbortOnError)
    i.UART_EndRxTransfer                     0x08004c44   Section        0  stm32g4xx_hal_uart.o(i.UART_EndRxTransfer)
    UART_EndRxTransfer                       0x08004c45   Thumb Code   104  stm32g4xx_hal_uart.o(i.UART_EndRxTransfer)
    i.UART_EndTransmit_IT                    0x08004cb0   Section        0  stm32g4xx_hal_uart.o(i.UART_EndTransmit_IT)
    UART_EndTransmit_IT                      0x08004cb1   Thumb Code    48  stm32g4xx_hal_uart.o(i.UART_EndTransmit_IT)
    i.UART_RxISR_16BIT                       0x08004ce0   Section        0  stm32g4xx_hal_uart.o(i.UART_RxISR_16BIT)
    UART_RxISR_16BIT                         0x08004ce1   Thumb Code   256  stm32g4xx_hal_uart.o(i.UART_RxISR_16BIT)
    i.UART_RxISR_16BIT_FIFOEN                0x08004de4   Section        0  stm32g4xx_hal_uart.o(i.UART_RxISR_16BIT_FIFOEN)
    UART_RxISR_16BIT_FIFOEN                  0x08004de5   Thumb Code   498  stm32g4xx_hal_uart.o(i.UART_RxISR_16BIT_FIFOEN)
    i.UART_RxISR_8BIT                        0x08004fe4   Section        0  stm32g4xx_hal_uart.o(i.UART_RxISR_8BIT)
    UART_RxISR_8BIT                          0x08004fe5   Thumb Code   254  stm32g4xx_hal_uart.o(i.UART_RxISR_8BIT)
    i.UART_RxISR_8BIT_FIFOEN                 0x080050e8   Section        0  stm32g4xx_hal_uart.o(i.UART_RxISR_8BIT_FIFOEN)
    UART_RxISR_8BIT_FIFOEN                   0x080050e9   Thumb Code   496  stm32g4xx_hal_uart.o(i.UART_RxISR_8BIT_FIFOEN)
    i.UART_SetConfig                         0x080052e4   Section        0  stm32g4xx_hal_uart.o(i.UART_SetConfig)
    i.UART_Start_Receive_IT                  0x08005668   Section        0  stm32g4xx_hal_uart.o(i.UART_Start_Receive_IT)
    i.UART_TxISR_16BIT                       0x080057c4   Section        0  stm32g4xx_hal_uart.o(i.UART_TxISR_16BIT)
    UART_TxISR_16BIT                         0x080057c5   Thumb Code    98  stm32g4xx_hal_uart.o(i.UART_TxISR_16BIT)
    i.UART_TxISR_16BIT_FIFOEN                0x08005826   Section        0  stm32g4xx_hal_uart.o(i.UART_TxISR_16BIT_FIFOEN)
    UART_TxISR_16BIT_FIFOEN                  0x08005827   Thumb Code   130  stm32g4xx_hal_uart.o(i.UART_TxISR_16BIT_FIFOEN)
    i.UART_TxISR_8BIT                        0x080058a8   Section        0  stm32g4xx_hal_uart.o(i.UART_TxISR_8BIT)
    UART_TxISR_8BIT                          0x080058a9   Thumb Code    92  stm32g4xx_hal_uart.o(i.UART_TxISR_8BIT)
    i.UART_TxISR_8BIT_FIFOEN                 0x08005904   Section        0  stm32g4xx_hal_uart.o(i.UART_TxISR_8BIT_FIFOEN)
    UART_TxISR_8BIT_FIFOEN                   0x08005905   Thumb Code   126  stm32g4xx_hal_uart.o(i.UART_TxISR_8BIT_FIFOEN)
    i.UART_WaitOnFlagUntilTimeout            0x08005982   Section        0  stm32g4xx_hal_uart.o(i.UART_WaitOnFlagUntilTimeout)
    i.USART1_IRQHandler                      0x08005a30   Section        0  stm32g4xx_it.o(i.USART1_IRQHandler)
    i.UsageFault_Handler                     0x08005a40   Section        0  stm32g4xx_it.o(i.UsageFault_Handler)
    i.__0sprintf                             0x08005a44   Section        0  printfa.o(i.__0sprintf)
    i.__NVIC_GetPriorityGrouping             0x08005a6c   Section        0  stm32g4xx_hal_cortex.o(i.__NVIC_GetPriorityGrouping)
    __NVIC_GetPriorityGrouping               0x08005a6d   Thumb Code    10  stm32g4xx_hal_cortex.o(i.__NVIC_GetPriorityGrouping)
    i.__NVIC_SetPriority                     0x08005a7c   Section        0  stm32g4xx_hal_cortex.o(i.__NVIC_SetPriority)
    __NVIC_SetPriority                       0x08005a7d   Thumb Code    32  stm32g4xx_hal_cortex.o(i.__NVIC_SetPriority)
    i.__scatterload_copy                     0x08005aa4   Section       14  handlers.o(i.__scatterload_copy)
    i.__scatterload_null                     0x08005ab2   Section        2  handlers.o(i.__scatterload_null)
    i.__scatterload_zeroinit                 0x08005ab4   Section       14  handlers.o(i.__scatterload_zeroinit)
    i._fp_digits                             0x08005ac4   Section        0  printfa.o(i._fp_digits)
    _fp_digits                               0x08005ac5   Thumb Code   366  printfa.o(i._fp_digits)
    i._printf_core                           0x08005c48   Section        0  printfa.o(i._printf_core)
    _printf_core                             0x08005c49   Thumb Code  1704  printfa.o(i._printf_core)
    i._printf_post_padding                   0x080062fc   Section        0  printfa.o(i._printf_post_padding)
    _printf_post_padding                     0x080062fd   Thumb Code    36  printfa.o(i._printf_post_padding)
    i._printf_pre_padding                    0x08006320   Section        0  printfa.o(i._printf_pre_padding)
    _printf_pre_padding                      0x08006321   Thumb Code    46  printfa.o(i._printf_pre_padding)
    i._sputc                                 0x0800634e   Section        0  printfa.o(i._sputc)
    _sputc                                   0x0800634f   Thumb Code    10  printfa.o(i._sputc)
    i.get_temperature                        0x08006358   Section        0  adc_samp.o(i.get_temperature)
    i.key_scan                               0x0800646c   Section        0  key.o(i.key_scan)
    i.lcd_show                               0x0800662c   Section        0  lcd_bsp.o(i.lcd_show)
    i.led_show                               0x08006780   Section        0  led.o(i.led_show)
    i.main                                   0x08006844   Section        0  main.o(i.main)
    i.pwm_out                                0x080068f8   Section        0  pwm.o(i.pwm_out)
    i.rpm_set                                0x0800690c   Section        0  key.o(i.rpm_set)
    .constdata                               0x08006974   Section       24  stm32g4xx_hal_uart.o(.constdata)
    .constdata                               0x0800698c   Section       16  stm32g4xx_hal_uart_ex.o(.constdata)
    numerator                                0x0800698c   Data           8  stm32g4xx_hal_uart_ex.o(.constdata)
    denominator                              0x08006994   Data           8  stm32g4xx_hal_uart_ex.o(.constdata)
    .constdata                               0x0800699c   Section       24  system_stm32g4xx.o(.constdata)
    .constdata                               0x080069b4   Section     4560  lcd.o(.constdata)
    .data                                    0x20000000   Section       12  stm32g4xx_hal.o(.data)
    .data                                    0x2000000c   Section        4  system_stm32g4xx.o(.data)
    .data                                    0x20000010   Section        4  adc_samp.o(.data)
    .data                                    0x20000014   Section        6  lcd.o(.data)
    TextColor                                0x20000014   Data           2  lcd.o(.data)
    BackColor                                0x20000016   Data           2  lcd.o(.data)
    .data                                    0x2000001a   Section        9  key.o(.data)
    flag1                                    0x2000001f   Data           1  key.o(.data)
    flag2                                    0x20000020   Data           1  key.o(.data)
    flag3                                    0x20000021   Data           1  key.o(.data)
    flag4                                    0x20000022   Data           1  key.o(.data)
    .data                                    0x20000023   Section        1  uart.o(.data)
    .bss                                     0x20000024   Section      108  adc.o(.bss)
    .bss                                     0x20000090   Section      152  tim.o(.bss)
    .bss                                     0x20000128   Section      148  usart.o(.bss)
    .bss                                     0x200001bc   Section       20  lcd_bsp.o(.bss)
    .bss                                     0x200001d0   Section       32  uart.o(.bss)
    STACK                                    0x200001f0   Section     1024  startup_stm32g431xx.o(STACK)

    Global Symbols

    Symbol Name                              Value     Ov Type        Size  Object(Section)

    BuildAttributes$$THM_ISAv4$E$P$D$K$B$S$7EM$VFPi3$EXTD16$VFPS$VFMA$PE$A:L22UL41UL21$X:L11$S22US41US21$IEEE1$IW$USESV6$~STKCKD$USESV7$~SHL$OTIME$ROPI$EBA8$MICROLIB$REQ8$PRES8$EABIv2 0x00000000   Number         0  anon$$obj.o ABSOLUTE
    __ARM_use_no_argv                        0x00000000   Number         0  main.o ABSOLUTE
    _printf_a                                0x00000000   Number         0  stubs.o ABSOLUTE
    _printf_c                                0x00000000   Number         0  stubs.o ABSOLUTE
    _printf_charcount                        0x00000000   Number         0  stubs.o ABSOLUTE
    _printf_d                                0x00000000   Number         0  stubs.o ABSOLUTE
    _printf_e                                0x00000000   Number         0  stubs.o ABSOLUTE
    _printf_f                                0x00000000   Number         0  stubs.o ABSOLUTE
    _printf_flags                            0x00000000   Number         0  stubs.o ABSOLUTE
    _printf_fp_dec                           0x00000000   Number         0  stubs.o ABSOLUTE
    _printf_fp_hex                           0x00000000   Number         0  stubs.o ABSOLUTE
    _printf_g                                0x00000000   Number         0  stubs.o ABSOLUTE
    _printf_i                                0x00000000   Number         0  stubs.o ABSOLUTE
    _printf_int_dec                          0x00000000   Number         0  stubs.o ABSOLUTE
    _printf_l                                0x00000000   Number         0  stubs.o ABSOLUTE
    _printf_lc                               0x00000000   Number         0  stubs.o ABSOLUTE
    _printf_ll                               0x00000000   Number         0  stubs.o ABSOLUTE
    _printf_lld                              0x00000000   Number         0  stubs.o ABSOLUTE
    _printf_lli                              0x00000000   Number         0  stubs.o ABSOLUTE
    _printf_llo                              0x00000000   Number         0  stubs.o ABSOLUTE
    _printf_llu                              0x00000000   Number         0  stubs.o ABSOLUTE
    _printf_llx                              0x00000000   Number         0  stubs.o ABSOLUTE
    _printf_longlong_dec                     0x00000000   Number         0  stubs.o ABSOLUTE
    _printf_longlong_hex                     0x00000000   Number         0  stubs.o ABSOLUTE
    _printf_longlong_oct                     0x00000000   Number         0  stubs.o ABSOLUTE
    _printf_ls                               0x00000000   Number         0  stubs.o ABSOLUTE
    _printf_mbtowc                           0x00000000   Number         0  stubs.o ABSOLUTE
    _printf_n                                0x00000000   Number         0  stubs.o ABSOLUTE
    _printf_o                                0x00000000   Number         0  stubs.o ABSOLUTE
    _printf_p                                0x00000000   Number         0  stubs.o ABSOLUTE
    _printf_percent                          0x00000000   Number         0  stubs.o ABSOLUTE
    _printf_pre_padding                      0x00000000   Number         0  stubs.o ABSOLUTE
    _printf_return_value                     0x00000000   Number         0  stubs.o ABSOLUTE
    _printf_s                                0x00000000   Number         0  stubs.o ABSOLUTE
    _printf_sizespec                         0x00000000   Number         0  stubs.o ABSOLUTE
    _printf_str                              0x00000000   Number         0  stubs.o ABSOLUTE
    _printf_truncate_signed                  0x00000000   Number         0  stubs.o ABSOLUTE
    _printf_truncate_unsigned                0x00000000   Number         0  stubs.o ABSOLUTE
    _printf_u                                0x00000000   Number         0  stubs.o ABSOLUTE
    _printf_wc                               0x00000000   Number         0  stubs.o ABSOLUTE
    _printf_wctomb                           0x00000000   Number         0  stubs.o ABSOLUTE
    _printf_widthprec                        0x00000000   Number         0  stubs.o ABSOLUTE
    _printf_x                                0x00000000   Number         0  stubs.o ABSOLUTE
    __arm_fini_                               - Undefined Weak Reference
    __cpp_initialize__aeabi_                  - Undefined Weak Reference
    __cxa_finalize                            - Undefined Weak Reference
    __decompress                              - Undefined Weak Reference
    _clock_init                               - Undefined Weak Reference
    _microlib_exit                            - Undefined Weak Reference
    __Vectors_Size                           0x000001d8   Number         0  startup_stm32g431xx.o ABSOLUTE
    __Vectors                                0x08000000   Data           4  startup_stm32g431xx.o(RESET)
    __Vectors_End                            0x080001d8   Data           0  startup_stm32g431xx.o(RESET)
    __main                                   0x080001d9   Thumb Code     0  entry.o(.ARM.Collect$$$$00000000)
    _main_stk                                0x080001d9   Thumb Code     0  entry2.o(.ARM.Collect$$$$00000001)
    _main_scatterload                        0x080001dd   Thumb Code     0  entry5.o(.ARM.Collect$$$$00000004)
    __main_after_scatterload                 0x080001e1   Thumb Code     0  entry5.o(.ARM.Collect$$$$00000004)
    _main_clock                              0x080001e1   Thumb Code     0  entry7b.o(.ARM.Collect$$$$00000008)
    _main_cpp_init                           0x080001e1   Thumb Code     0  entry8b.o(.ARM.Collect$$$$0000000A)
    _main_init                               0x080001e1   Thumb Code     0  entry9a.o(.ARM.Collect$$$$0000000B)
    __rt_lib_shutdown_fini                   0x080001e9   Thumb Code     0  entry12b.o(.ARM.Collect$$$$0000000E)
    __rt_final_cpp                           0x080001ed   Thumb Code     0  entry10a.o(.ARM.Collect$$$$0000000F)
    __rt_final_exit                          0x080001ed   Thumb Code     0  entry11a.o(.ARM.Collect$$$$00000011)
    Reset_Handler                            0x080001f1   Thumb Code     8  startup_stm32g431xx.o(.text)
    ADC1_2_IRQHandler                        0x0800020b   Thumb Code     0  startup_stm32g431xx.o(.text)
    COMP1_2_3_IRQHandler                     0x0800020b   Thumb Code     0  startup_stm32g431xx.o(.text)
    COMP4_IRQHandler                         0x0800020b   Thumb Code     0  startup_stm32g431xx.o(.text)
    CORDIC_IRQHandler                        0x0800020b   Thumb Code     0  startup_stm32g431xx.o(.text)
    CRS_IRQHandler                           0x0800020b   Thumb Code     0  startup_stm32g431xx.o(.text)
    DMA1_Channel1_IRQHandler                 0x0800020b   Thumb Code     0  startup_stm32g431xx.o(.text)
    DMA1_Channel2_IRQHandler                 0x0800020b   Thumb Code     0  startup_stm32g431xx.o(.text)
    DMA1_Channel3_IRQHandler                 0x0800020b   Thumb Code     0  startup_stm32g431xx.o(.text)
    DMA1_Channel4_IRQHandler                 0x0800020b   Thumb Code     0  startup_stm32g431xx.o(.text)
    DMA1_Channel5_IRQHandler                 0x0800020b   Thumb Code     0  startup_stm32g431xx.o(.text)
    DMA1_Channel6_IRQHandler                 0x0800020b   Thumb Code     0  startup_stm32g431xx.o(.text)
    DMA2_Channel1_IRQHandler                 0x0800020b   Thumb Code     0  startup_stm32g431xx.o(.text)
    DMA2_Channel2_IRQHandler                 0x0800020b   Thumb Code     0  startup_stm32g431xx.o(.text)
    DMA2_Channel3_IRQHandler                 0x0800020b   Thumb Code     0  startup_stm32g431xx.o(.text)
    DMA2_Channel4_IRQHandler                 0x0800020b   Thumb Code     0  startup_stm32g431xx.o(.text)
    DMA2_Channel5_IRQHandler                 0x0800020b   Thumb Code     0  startup_stm32g431xx.o(.text)
    DMA2_Channel6_IRQHandler                 0x0800020b   Thumb Code     0  startup_stm32g431xx.o(.text)
    DMAMUX_OVR_IRQHandler                    0x0800020b   Thumb Code     0  startup_stm32g431xx.o(.text)
    EXTI0_IRQHandler                         0x0800020b   Thumb Code     0  startup_stm32g431xx.o(.text)
    EXTI15_10_IRQHandler                     0x0800020b   Thumb Code     0  startup_stm32g431xx.o(.text)
    EXTI1_IRQHandler                         0x0800020b   Thumb Code     0  startup_stm32g431xx.o(.text)
    EXTI2_IRQHandler                         0x0800020b   Thumb Code     0  startup_stm32g431xx.o(.text)
    EXTI3_IRQHandler                         0x0800020b   Thumb Code     0  startup_stm32g431xx.o(.text)
    EXTI4_IRQHandler                         0x0800020b   Thumb Code     0  startup_stm32g431xx.o(.text)
    EXTI9_5_IRQHandler                       0x0800020b   Thumb Code     0  startup_stm32g431xx.o(.text)
    FDCAN1_IT0_IRQHandler                    0x0800020b   Thumb Code     0  startup_stm32g431xx.o(.text)
    FDCAN1_IT1_IRQHandler                    0x0800020b   Thumb Code     0  startup_stm32g431xx.o(.text)
    FLASH_IRQHandler                         0x0800020b   Thumb Code     0  startup_stm32g431xx.o(.text)
    FMAC_IRQHandler                          0x0800020b   Thumb Code     0  startup_stm32g431xx.o(.text)
    FPU_IRQHandler                           0x0800020b   Thumb Code     0  startup_stm32g431xx.o(.text)
    I2C1_ER_IRQHandler                       0x0800020b   Thumb Code     0  startup_stm32g431xx.o(.text)
    I2C1_EV_IRQHandler                       0x0800020b   Thumb Code     0  startup_stm32g431xx.o(.text)
    I2C2_ER_IRQHandler                       0x0800020b   Thumb Code     0  startup_stm32g431xx.o(.text)
    I2C2_EV_IRQHandler                       0x0800020b   Thumb Code     0  startup_stm32g431xx.o(.text)
    I2C3_ER_IRQHandler                       0x0800020b   Thumb Code     0  startup_stm32g431xx.o(.text)
    I2C3_EV_IRQHandler                       0x0800020b   Thumb Code     0  startup_stm32g431xx.o(.text)
    LPTIM1_IRQHandler                        0x0800020b   Thumb Code     0  startup_stm32g431xx.o(.text)
    LPUART1_IRQHandler                       0x0800020b   Thumb Code     0  startup_stm32g431xx.o(.text)
    PVD_PVM_IRQHandler                       0x0800020b   Thumb Code     0  startup_stm32g431xx.o(.text)
    RCC_IRQHandler                           0x0800020b   Thumb Code     0  startup_stm32g431xx.o(.text)
    RNG_IRQHandler                           0x0800020b   Thumb Code     0  startup_stm32g431xx.o(.text)
    RTC_Alarm_IRQHandler                     0x0800020b   Thumb Code     0  startup_stm32g431xx.o(.text)
    RTC_TAMP_LSECSS_IRQHandler               0x0800020b   Thumb Code     0  startup_stm32g431xx.o(.text)
    RTC_WKUP_IRQHandler                      0x0800020b   Thumb Code     0  startup_stm32g431xx.o(.text)
    SAI1_IRQHandler                          0x0800020b   Thumb Code     0  startup_stm32g431xx.o(.text)
    SPI1_IRQHandler                          0x0800020b   Thumb Code     0  startup_stm32g431xx.o(.text)
    SPI2_IRQHandler                          0x0800020b   Thumb Code     0  startup_stm32g431xx.o(.text)
    SPI3_IRQHandler                          0x0800020b   Thumb Code     0  startup_stm32g431xx.o(.text)
    TIM1_BRK_TIM15_IRQHandler                0x0800020b   Thumb Code     0  startup_stm32g431xx.o(.text)
    TIM1_CC_IRQHandler                       0x0800020b   Thumb Code     0  startup_stm32g431xx.o(.text)
    TIM1_TRG_COM_TIM17_IRQHandler            0x0800020b   Thumb Code     0  startup_stm32g431xx.o(.text)
    TIM1_UP_TIM16_IRQHandler                 0x0800020b   Thumb Code     0  startup_stm32g431xx.o(.text)
    TIM3_IRQHandler                          0x0800020b   Thumb Code     0  startup_stm32g431xx.o(.text)
    TIM4_IRQHandler                          0x0800020b   Thumb Code     0  startup_stm32g431xx.o(.text)
    TIM6_DAC_IRQHandler                      0x0800020b   Thumb Code     0  startup_stm32g431xx.o(.text)
    TIM7_IRQHandler                          0x0800020b   Thumb Code     0  startup_stm32g431xx.o(.text)
    TIM8_BRK_IRQHandler                      0x0800020b   Thumb Code     0  startup_stm32g431xx.o(.text)
    TIM8_CC_IRQHandler                       0x0800020b   Thumb Code     0  startup_stm32g431xx.o(.text)
    TIM8_TRG_COM_IRQHandler                  0x0800020b   Thumb Code     0  startup_stm32g431xx.o(.text)
    TIM8_UP_IRQHandler                       0x0800020b   Thumb Code     0  startup_stm32g431xx.o(.text)
    UART4_IRQHandler                         0x0800020b   Thumb Code     0  startup_stm32g431xx.o(.text)
    UCPD1_IRQHandler                         0x0800020b   Thumb Code     0  startup_stm32g431xx.o(.text)
    USART2_IRQHandler                        0x0800020b   Thumb Code     0  startup_stm32g431xx.o(.text)
    USART3_IRQHandler                        0x0800020b   Thumb Code     0  startup_stm32g431xx.o(.text)
    USBWakeUp_IRQHandler                     0x0800020b   Thumb Code     0  startup_stm32g431xx.o(.text)
    USB_HP_IRQHandler                        0x0800020b   Thumb Code     0  startup_stm32g431xx.o(.text)
    USB_LP_IRQHandler                        0x0800020b   Thumb Code     0  startup_stm32g431xx.o(.text)
    WWDG_IRQHandler                          0x0800020b   Thumb Code     0  startup_stm32g431xx.o(.text)
    __aeabi_uldivmod                         0x08000215   Thumb Code    98  uldiv.o(.text)
    __aeabi_memset                           0x08000277   Thumb Code    14  memseta.o(.text)
    __aeabi_memset4                          0x08000277   Thumb Code     0  memseta.o(.text)
    __aeabi_memset8                          0x08000277   Thumb Code     0  memseta.o(.text)
    __aeabi_memclr                           0x08000285   Thumb Code     4  memseta.o(.text)
    __aeabi_memclr4                          0x08000285   Thumb Code     0  memseta.o(.text)
    __aeabi_memclr8                          0x08000285   Thumb Code     0  memseta.o(.text)
    _memset$wrapper                          0x08000289   Thumb Code    18  memseta.o(.text)
    strlen                                   0x0800029b   Thumb Code    14  strlen.o(.text)
    __aeabi_dadd                             0x080002a9   Thumb Code   322  dadd.o(.text)
    __aeabi_dsub                             0x080003eb   Thumb Code     6  dadd.o(.text)
    __aeabi_drsub                            0x080003f1   Thumb Code     6  dadd.o(.text)
    __aeabi_dmul                             0x080003f7   Thumb Code   228  dmul.o(.text)
    __aeabi_ddiv                             0x080004db   Thumb Code   222  ddiv.o(.text)
    __aeabi_ui2d                             0x080005b9   Thumb Code    26  dfltui.o(.text)
    __aeabi_f2d                              0x080005d3   Thumb Code    38  f2d.o(.text)
    __aeabi_cdcmpeq                          0x080005f9   Thumb Code     0  cdcmple.o(.text)
    __aeabi_cdcmple                          0x080005f9   Thumb Code    48  cdcmple.o(.text)
    __aeabi_cdrcmple                         0x08000629   Thumb Code    48  cdrcmple.o(.text)
    __aeabi_d2f                              0x08000659   Thumb Code    56  d2f.o(.text)
    __aeabi_uidiv                            0x08000691   Thumb Code     0  uidiv.o(.text)
    __aeabi_uidivmod                         0x08000691   Thumb Code    44  uidiv.o(.text)
    __aeabi_llsl                             0x080006bd   Thumb Code    30  llshl.o(.text)
    _ll_shift_l                              0x080006bd   Thumb Code     0  llshl.o(.text)
    __aeabi_llsr                             0x080006db   Thumb Code    32  llushr.o(.text)
    _ll_ushift_r                             0x080006db   Thumb Code     0  llushr.o(.text)
    __aeabi_lasr                             0x080006fb   Thumb Code    36  llsshr.o(.text)
    _ll_sshift_r                             0x080006fb   Thumb Code     0  llsshr.o(.text)
    __I$use$fp                               0x0800071f   Thumb Code     0  iusefp.o(.text)
    _float_round                             0x0800071f   Thumb Code    18  fepilogue.o(.text)
    _float_epilogue                          0x08000731   Thumb Code    92  fepilogue.o(.text)
    _double_round                            0x0800078d   Thumb Code    30  depilogue.o(.text)
    _double_epilogue                         0x080007ab   Thumb Code   156  depilogue.o(.text)
    __aeabi_d2ulz                            0x08000847   Thumb Code    48  dfixul.o(.text)
    __scatterload                            0x08000879   Thumb Code    28  init.o(.text)
    __scatterload_rt2                        0x08000879   Thumb Code     0  init.o(.text)
    ADC_Enable                               0x0800089d   Thumb Code   182  stm32g4xx_hal_adc.o(i.ADC_Enable)
    BusFault_Handler                         0x08000965   Thumb Code     4  stm32g4xx_it.o(i.BusFault_Handler)
    DebugMon_Handler                         0x08000969   Thumb Code     2  stm32g4xx_it.o(i.DebugMon_Handler)
    Delay_LCD                                0x0800096b   Thumb Code    30  lcd.o(i.Delay_LCD)
    Error_Handler                            0x08000989   Thumb Code     6  main.o(i.Error_Handler)
    HAL_ADC_ConfigChannel                    0x08000991   Thumb Code  1252  stm32g4xx_hal_adc.o(i.HAL_ADC_ConfigChannel)
    HAL_ADC_GetValue                         0x08000e99   Thumb Code     8  stm32g4xx_hal_adc.o(i.HAL_ADC_GetValue)
    HAL_ADC_Init                             0x08000ea1   Thumb Code   576  stm32g4xx_hal_adc.o(i.HAL_ADC_Init)
    HAL_ADC_MspInit                          0x080010fd   Thumb Code   130  adc.o(i.HAL_ADC_MspInit)
    HAL_ADC_Start                            0x0800118d   Thumb Code   276  stm32g4xx_hal_adc.o(i.HAL_ADC_Start)
    HAL_DMA_Abort                            0x080012a9   Thumb Code   126  stm32g4xx_hal_dma.o(i.HAL_DMA_Abort)
    HAL_DMA_Abort_IT                         0x08001327   Thumb Code   148  stm32g4xx_hal_dma.o(i.HAL_DMA_Abort_IT)
    HAL_Delay                                0x080013bd   Thumb Code    36  stm32g4xx_hal.o(i.HAL_Delay)
    HAL_GPIO_Init                            0x080013e5   Thumb Code   442  stm32g4xx_hal_gpio.o(i.HAL_GPIO_Init)
    HAL_GPIO_ReadPin                         0x080015c1   Thumb Code    16  stm32g4xx_hal_gpio.o(i.HAL_GPIO_ReadPin)
    HAL_GPIO_TogglePin                       0x080015d1   Thumb Code    20  stm32g4xx_hal_gpio.o(i.HAL_GPIO_TogglePin)
    HAL_GPIO_WritePin                        0x080015e5   Thumb Code    10  stm32g4xx_hal_gpio.o(i.HAL_GPIO_WritePin)
    HAL_GetTick                              0x080015f1   Thumb Code     6  stm32g4xx_hal.o(i.HAL_GetTick)
    HAL_IncTick                              0x080015fd   Thumb Code    16  stm32g4xx_hal.o(i.HAL_IncTick)
    HAL_Init                                 0x08001615   Thumb Code    30  stm32g4xx_hal.o(i.HAL_Init)
    HAL_InitTick                             0x08001635   Thumb Code    74  stm32g4xx_hal.o(i.HAL_InitTick)
    HAL_MspInit                              0x0800168d   Thumb Code    62  stm32g4xx_hal_msp.o(i.HAL_MspInit)
    HAL_NVIC_EnableIRQ                       0x080016d1   Thumb Code    40  stm32g4xx_hal_cortex.o(i.HAL_NVIC_EnableIRQ)
    HAL_NVIC_SetPriority                     0x080016f9   Thumb Code   122  stm32g4xx_hal_cortex.o(i.HAL_NVIC_SetPriority)
    HAL_NVIC_SetPriorityGrouping             0x08001775   Thumb Code    32  stm32g4xx_hal_cortex.o(i.HAL_NVIC_SetPriorityGrouping)
    HAL_PWREx_ControlVoltageScaling          0x0800179d   Thumb Code   268  stm32g4xx_hal_pwr_ex.o(i.HAL_PWREx_ControlVoltageScaling)
    HAL_PWREx_DisableUCPDDeadBattery         0x080018b5   Thumb Code    14  stm32g4xx_hal_pwr_ex.o(i.HAL_PWREx_DisableUCPDDeadBattery)
    HAL_RCCEx_PeriphCLKConfig                0x080018c9   Thumb Code   872  stm32g4xx_hal_rcc_ex.o(i.HAL_RCCEx_PeriphCLKConfig)
    HAL_RCC_ClockConfig                      0x08001c39   Thumb Code   522  stm32g4xx_hal_rcc.o(i.HAL_RCC_ClockConfig)
    HAL_RCC_GetHCLKFreq                      0x08001e5d   Thumb Code     6  stm32g4xx_hal_rcc.o(i.HAL_RCC_GetHCLKFreq)
    HAL_RCC_GetPCLK1Freq                     0x08001e69   Thumb Code    26  stm32g4xx_hal_rcc.o(i.HAL_RCC_GetPCLK1Freq)
    HAL_RCC_GetPCLK2Freq                     0x08001e8d   Thumb Code    26  stm32g4xx_hal_rcc.o(i.HAL_RCC_GetPCLK2Freq)
    HAL_RCC_GetSysClockFreq                  0x08001eb1   Thumb Code   138  stm32g4xx_hal_rcc.o(i.HAL_RCC_GetSysClockFreq)
    HAL_RCC_OscConfig                        0x08001f49   Thumb Code  1360  stm32g4xx_hal_rcc.o(i.HAL_RCC_OscConfig)
    HAL_SYSTICK_Config                       0x080024a5   Thumb Code    52  stm32g4xx_hal_cortex.o(i.HAL_SYSTICK_Config)
    HAL_TIMEx_Break2Callback                 0x080024d9   Thumb Code     2  stm32g4xx_hal_tim_ex.o(i.HAL_TIMEx_Break2Callback)
    HAL_TIMEx_BreakCallback                  0x080024db   Thumb Code     2  stm32g4xx_hal_tim_ex.o(i.HAL_TIMEx_BreakCallback)
    HAL_TIMEx_CommutCallback                 0x080024dd   Thumb Code     2  stm32g4xx_hal_tim_ex.o(i.HAL_TIMEx_CommutCallback)
    HAL_TIMEx_ConfigBreakDeadTime            0x080024e1   Thumb Code   192  stm32g4xx_hal_tim_ex.o(i.HAL_TIMEx_ConfigBreakDeadTime)
    HAL_TIMEx_DirectionChangeCallback        0x080025a9   Thumb Code     2  stm32g4xx_hal_tim_ex.o(i.HAL_TIMEx_DirectionChangeCallback)
    HAL_TIMEx_EncoderIndexCallback           0x080025ab   Thumb Code     2  stm32g4xx_hal_tim_ex.o(i.HAL_TIMEx_EncoderIndexCallback)
    HAL_TIMEx_IndexErrorCallback             0x080025ad   Thumb Code     2  stm32g4xx_hal_tim_ex.o(i.HAL_TIMEx_IndexErrorCallback)
    HAL_TIMEx_MasterConfigSynchronization    0x080025b1   Thumb Code   158  stm32g4xx_hal_tim_ex.o(i.HAL_TIMEx_MasterConfigSynchronization)
    HAL_TIMEx_TransitionErrorCallback        0x08002669   Thumb Code     2  stm32g4xx_hal_tim_ex.o(i.HAL_TIMEx_TransitionErrorCallback)
    HAL_TIM_Base_Init                        0x0800266b   Thumb Code   110  stm32g4xx_hal_tim.o(i.HAL_TIM_Base_Init)
    HAL_TIM_Base_MspInit                     0x080026d9   Thumb Code    96  tim.o(i.HAL_TIM_Base_MspInit)
    HAL_TIM_Base_Start_IT                    0x08002741   Thumb Code   130  stm32g4xx_hal_tim.o(i.HAL_TIM_Base_Start_IT)
    HAL_TIM_ConfigClockSource                0x080027dd   Thumb Code   300  stm32g4xx_hal_tim.o(i.HAL_TIM_ConfigClockSource)
    HAL_TIM_IC_CaptureCallback               0x08002911   Thumb Code     2  stm32g4xx_hal_tim.o(i.HAL_TIM_IC_CaptureCallback)
    HAL_TIM_IRQHandler                       0x08002913   Thumb Code   544  stm32g4xx_hal_tim.o(i.HAL_TIM_IRQHandler)
    HAL_TIM_MspPostInit                      0x08002b35   Thumb Code    82  tim.o(i.HAL_TIM_MspPostInit)
    HAL_TIM_OC_DelayElapsedCallback          0x08002b91   Thumb Code     2  stm32g4xx_hal_tim.o(i.HAL_TIM_OC_DelayElapsedCallback)
    HAL_TIM_PWM_ConfigChannel                0x08002b93   Thumb Code   368  stm32g4xx_hal_tim.o(i.HAL_TIM_PWM_ConfigChannel)
    HAL_TIM_PWM_Init                         0x08002d03   Thumb Code   110  stm32g4xx_hal_tim.o(i.HAL_TIM_PWM_Init)
    HAL_TIM_PWM_MspInit                      0x08002d71   Thumb Code     2  stm32g4xx_hal_tim.o(i.HAL_TIM_PWM_MspInit)
    HAL_TIM_PWM_PulseFinishedCallback        0x08002d73   Thumb Code     2  stm32g4xx_hal_tim.o(i.HAL_TIM_PWM_PulseFinishedCallback)
    HAL_TIM_PWM_Start                        0x08002d75   Thumb Code   298  stm32g4xx_hal_tim.o(i.HAL_TIM_PWM_Start)
    HAL_TIM_PeriodElapsedCallback            0x08002ec1   Thumb Code    32  task.o(i.HAL_TIM_PeriodElapsedCallback)
    HAL_TIM_TriggerCallback                  0x08002ee5   Thumb Code     2  stm32g4xx_hal_tim.o(i.HAL_TIM_TriggerCallback)
    HAL_UARTEx_DisableFifoMode               0x08002ee7   Thumb Code    78  stm32g4xx_hal_uart_ex.o(i.HAL_UARTEx_DisableFifoMode)
    HAL_UARTEx_RxEventCallback               0x08002f35   Thumb Code     2  stm32g4xx_hal_uart.o(i.HAL_UARTEx_RxEventCallback)
    HAL_UARTEx_RxFifoFullCallback            0x08002f37   Thumb Code     2  stm32g4xx_hal_uart_ex.o(i.HAL_UARTEx_RxFifoFullCallback)
    HAL_UARTEx_SetRxFifoThreshold            0x08002f39   Thumb Code    94  stm32g4xx_hal_uart_ex.o(i.HAL_UARTEx_SetRxFifoThreshold)
    HAL_UARTEx_SetTxFifoThreshold            0x08002f97   Thumb Code    94  stm32g4xx_hal_uart_ex.o(i.HAL_UARTEx_SetTxFifoThreshold)
    HAL_UARTEx_TxFifoEmptyCallback           0x08002ff5   Thumb Code     2  stm32g4xx_hal_uart_ex.o(i.HAL_UARTEx_TxFifoEmptyCallback)
    HAL_UARTEx_WakeupCallback                0x08002ff7   Thumb Code     2  stm32g4xx_hal_uart_ex.o(i.HAL_UARTEx_WakeupCallback)
    HAL_UART_ErrorCallback                   0x08002ff9   Thumb Code     2  stm32g4xx_hal_uart.o(i.HAL_UART_ErrorCallback)
    HAL_UART_IRQHandler                      0x08002ffd   Thumb Code   962  stm32g4xx_hal_uart.o(i.HAL_UART_IRQHandler)
    HAL_UART_Init                            0x080033cd   Thumb Code   120  stm32g4xx_hal_uart.o(i.HAL_UART_Init)
    HAL_UART_MspInit                         0x08003445   Thumb Code   154  usart.o(i.HAL_UART_MspInit)
    HAL_UART_Receive_IT                      0x080034e9   Thumb Code    88  stm32g4xx_hal_uart.o(i.HAL_UART_Receive_IT)
    HAL_UART_RxCpltCallback                  0x08003545   Thumb Code   168  uart.o(i.HAL_UART_RxCpltCallback)
    HAL_UART_Transmit_IT                     0x0800363d   Thumb Code   156  stm32g4xx_hal_uart.o(i.HAL_UART_Transmit_IT)
    HAL_UART_TxCpltCallback                  0x080036e9   Thumb Code     2  stm32g4xx_hal_uart.o(i.HAL_UART_TxCpltCallback)
    HardFault_Handler                        0x080036eb   Thumb Code     4  stm32g4xx_it.o(i.HardFault_Handler)
    LCD_BusIn                                0x080036f1   Thumb Code    42  lcd.o(i.LCD_BusIn)
    LCD_BusOut                               0x08003721   Thumb Code    42  lcd.o(i.LCD_BusOut)
    LCD_Clear                                0x08003751   Thumb Code    68  lcd.o(i.LCD_Clear)
    LCD_CtrlLinesConfig                      0x0800379d   Thumb Code   182  lcd.o(i.LCD_CtrlLinesConfig)
    LCD_DisplayChar                          0x0800385d   Thumb Code    34  lcd.o(i.LCD_DisplayChar)
    LCD_DisplayStringLine                    0x08003885   Thumb Code    82  lcd.o(i.LCD_DisplayStringLine)
    LCD_DrawChar                             0x080038e1   Thumb Code   100  lcd.o(i.LCD_DrawChar)
    LCD_Init                                 0x0800394d   Thumb Code    80  lcd.o(i.LCD_Init)
    LCD_ReadReg                              0x080039a9   Thumb Code   164  lcd.o(i.LCD_ReadReg)
    LCD_SetBackColor                         0x08003a55   Thumb Code    12  lcd.o(i.LCD_SetBackColor)
    LCD_SetCursor                            0x08003a65   Thumb Code    24  lcd.o(i.LCD_SetCursor)
    LCD_SetTextColor                         0x08003a7d   Thumb Code    12  lcd.o(i.LCD_SetTextColor)
    LCD_WriteRAM                             0x08003a8d   Thumb Code   110  lcd.o(i.LCD_WriteRAM)
    LCD_WriteRAM_Prepare                     0x08003b05   Thumb Code   112  lcd.o(i.LCD_WriteRAM_Prepare)
    LCD_WriteReg                             0x08003b7d   Thumb Code   136  lcd.o(i.LCD_WriteReg)
    MX_ADC2_Init                             0x08003cc9   Thumb Code   120  adc.o(i.MX_ADC2_Init)
    MX_GPIO_Init                             0x08003d4d   Thumb Code   334  gpio.o(i.MX_GPIO_Init)
    MX_TIM17_Init                            0x08003ead   Thumb Code   156  tim.o(i.MX_TIM17_Init)
    MX_TIM2_Init                             0x08003f51   Thumb Code   106  tim.o(i.MX_TIM2_Init)
    MX_USART1_UART_Init                      0x08003fc1   Thumb Code    98  usart.o(i.MX_USART1_UART_Init)
    MemManage_Handler                        0x0800402d   Thumb Code     4  stm32g4xx_it.o(i.MemManage_Handler)
    NMI_Handler                              0x08004031   Thumb Code     4  stm32g4xx_it.o(i.NMI_Handler)
    PendSV_Handler                           0x08004035   Thumb Code     2  stm32g4xx_it.o(i.PendSV_Handler)
    REG_8230_Init                            0x080040a1   Thumb Code   288  lcd.o(i.REG_8230_Init)
    REG_932X_Init                            0x080041c1   Thumb Code   512  lcd.o(i.REG_932X_Init)
    SVC_Handler                              0x080043c1   Thumb Code     2  stm32g4xx_it.o(i.SVC_Handler)
    SysTick_Handler                          0x080043c3   Thumb Code     8  stm32g4xx_it.o(i.SysTick_Handler)
    SystemClock_Config                       0x080043cb   Thumb Code   104  main.o(i.SystemClock_Config)
    SystemInit                               0x08004435   Thumb Code    14  system_stm32g4xx.o(i.SystemInit)
    TIM2_IRQHandler                          0x08004449   Thumb Code    10  stm32g4xx_it.o(i.TIM2_IRQHandler)
    TIM_Base_SetConfig                       0x08004459   Thumb Code   166  stm32g4xx_hal_tim.o(i.TIM_Base_SetConfig)
    TIM_CCxChannelCmd                        0x0800451d   Thumb Code    34  stm32g4xx_hal_tim.o(i.TIM_CCxChannelCmd)
    TIM_ETR_SetConfig                        0x0800453f   Thumb Code    22  stm32g4xx_hal_tim.o(i.TIM_ETR_SetConfig)
    TIM_OC2_SetConfig                        0x0800461d   Thumb Code   160  stm32g4xx_hal_tim.o(i.TIM_OC2_SetConfig)
    UART_AdvFeatureConfig                    0x08004a55   Thumb Code   248  stm32g4xx_hal_uart.o(i.UART_AdvFeatureConfig)
    UART_CheckIdleState                      0x08004b4d   Thumb Code   234  stm32g4xx_hal_uart.o(i.UART_CheckIdleState)
    UART_SetConfig                           0x080052e5   Thumb Code   858  stm32g4xx_hal_uart.o(i.UART_SetConfig)
    UART_Start_Receive_IT                    0x08005669   Thumb Code   332  stm32g4xx_hal_uart.o(i.UART_Start_Receive_IT)
    UART_WaitOnFlagUntilTimeout              0x08005983   Thumb Code   172  stm32g4xx_hal_uart.o(i.UART_WaitOnFlagUntilTimeout)
    USART1_IRQHandler                        0x08005a31   Thumb Code    10  stm32g4xx_it.o(i.USART1_IRQHandler)
    UsageFault_Handler                       0x08005a41   Thumb Code     4  stm32g4xx_it.o(i.UsageFault_Handler)
    __0sprintf                               0x08005a45   Thumb Code    34  printfa.o(i.__0sprintf)
    __1sprintf                               0x08005a45   Thumb Code     0  printfa.o(i.__0sprintf)
    __2sprintf                               0x08005a45   Thumb Code     0  printfa.o(i.__0sprintf)
    __c89sprintf                             0x08005a45   Thumb Code     0  printfa.o(i.__0sprintf)
    sprintf                                  0x08005a45   Thumb Code     0  printfa.o(i.__0sprintf)
    __scatterload_copy                       0x08005aa5   Thumb Code    14  handlers.o(i.__scatterload_copy)
    __scatterload_null                       0x08005ab3   Thumb Code     2  handlers.o(i.__scatterload_null)
    __scatterload_zeroinit                   0x08005ab5   Thumb Code    14  handlers.o(i.__scatterload_zeroinit)
    get_temperature                          0x08006359   Thumb Code   220  adc_samp.o(i.get_temperature)
    key_scan                                 0x0800646d   Thumb Code   412  key.o(i.key_scan)
    lcd_show                                 0x0800662d   Thumb Code   160  lcd_bsp.o(i.lcd_show)
    led_show                                 0x08006781   Thumb Code   174  led.o(i.led_show)
    main                                     0x08006845   Thumb Code   144  main.o(i.main)
    pwm_out                                  0x080068f9   Thumb Code    12  pwm.o(i.pwm_out)
    rpm_set                                  0x0800690d   Thumb Code    88  key.o(i.rpm_set)
    UARTPrescTable                           0x08006974   Data          24  stm32g4xx_hal_uart.o(.constdata)
    AHBPrescTable                            0x0800699c   Data          16  system_stm32g4xx.o(.constdata)
    APBPrescTable                            0x080069ac   Data           8  system_stm32g4xx.o(.constdata)
    ASCII_Table                              0x080069b4   Data        4560  lcd.o(.constdata)
    Region$$Table$$Base                      0x08007b84   Number         0  anon$$obj.o(Region$$Table)
    Region$$Table$$Limit                     0x08007ba4   Number         0  anon$$obj.o(Region$$Table)
    uwTick                                   0x20000000   Data           4  stm32g4xx_hal.o(.data)
    uwTickPrio                               0x20000004   Data           4  stm32g4xx_hal.o(.data)
    uwTickFreq                               0x20000008   Data           4  stm32g4xx_hal.o(.data)
    SystemCoreClock                          0x2000000c   Data           4  system_stm32g4xx.o(.data)
    temperature                              0x20000010   Data           4  adc_samp.o(.data)
    dummy                                    0x20000018   Data           2  lcd.o(.data)
    UI                                       0x2000001a   Data           1  key.o(.data)
    mode                                     0x2000001b   Data           1  key.o(.data)
    rpm                                      0x2000001c   Data           2  key.o(.data)
    TH                                       0x2000001e   Data           1  key.o(.data)
    rx_data                                  0x20000023   Data           1  uart.o(.data)
    hadc2                                    0x20000024   Data         108  adc.o(.bss)
    htim2                                    0x20000090   Data          76  tim.o(.bss)
    htim17                                   0x200000dc   Data          76  tim.o(.bss)
    huart1                                   0x20000128   Data         148  usart.o(.bss)
    s                                        0x200001bc   Data          20  lcd_bsp.o(.bss)
    tx_buffer                                0x200001d0   Data          32  uart.o(.bss)
    __initial_sp                             0x200005f0   Data           0  startup_stm32g431xx.o(STACK)



==============================================================================

Memory Map of the image

  Image Entry point : 0x080001d9

  Load Region LR_IROM1 (Base: 0x08000000, Size: 0x00007bc8, Max: 0x00020000, ABSOLUTE)

    Execution Region ER_IROM1 (Exec base: 0x08000000, Load base: 0x08000000, Size: 0x00007ba4, Max: 0x00020000, ABSOLUTE)

    Exec Addr    Load Addr    Size         Type   Attr      Idx    E Section Name        Object

    0x08000000   0x08000000   0x000001d8   Data   RO            3    RESET               startup_stm32g431xx.o
    0x080001d8   0x080001d8   0x00000000   Code   RO         4703  * .ARM.Collect$$$$00000000  mc_w.l(entry.o)
    0x080001d8   0x080001d8   0x00000004   Code   RO         4989    .ARM.Collect$$$$00000001  mc_w.l(entry2.o)
    0x080001dc   0x080001dc   0x00000004   Code   RO         4992    .ARM.Collect$$$$00000004  mc_w.l(entry5.o)
    0x080001e0   0x080001e0   0x00000000   Code   RO         4994    .ARM.Collect$$$$00000008  mc_w.l(entry7b.o)
    0x080001e0   0x080001e0   0x00000000   Code   RO         4996    .ARM.Collect$$$$0000000A  mc_w.l(entry8b.o)
    0x080001e0   0x080001e0   0x00000008   Code   RO         4997    .ARM.Collect$$$$0000000B  mc_w.l(entry9a.o)
    0x080001e8   0x080001e8   0x00000004   Code   RO         5004    .ARM.Collect$$$$0000000E  mc_w.l(entry12b.o)
    0x080001ec   0x080001ec   0x00000000   Code   RO         4999    .ARM.Collect$$$$0000000F  mc_w.l(entry10a.o)
    0x080001ec   0x080001ec   0x00000000   Code   RO         5001    .ARM.Collect$$$$00000011  mc_w.l(entry11a.o)
    0x080001ec   0x080001ec   0x00000004   Code   RO         4990    .ARM.Collect$$$$00002712  mc_w.l(entry2.o)
    0x080001f0   0x080001f0   0x00000024   Code   RO            4    .text               startup_stm32g431xx.o
    0x08000214   0x08000214   0x00000062   Code   RO         4706    .text               mc_w.l(uldiv.o)
    0x08000276   0x08000276   0x00000024   Code   RO         4708    .text               mc_w.l(memseta.o)
    0x0800029a   0x0800029a   0x0000000e   Code   RO         4710    .text               mc_w.l(strlen.o)
    0x080002a8   0x080002a8   0x0000014e   Code   RO         4973    .text               mf_w.l(dadd.o)
    0x080003f6   0x080003f6   0x000000e4   Code   RO         4975    .text               mf_w.l(dmul.o)
    0x080004da   0x080004da   0x000000de   Code   RO         4977    .text               mf_w.l(ddiv.o)
    0x080005b8   0x080005b8   0x0000001a   Code   RO         4979    .text               mf_w.l(dfltui.o)
    0x080005d2   0x080005d2   0x00000026   Code   RO         4981    .text               mf_w.l(f2d.o)
    0x080005f8   0x080005f8   0x00000030   Code   RO         4983    .text               mf_w.l(cdcmple.o)
    0x08000628   0x08000628   0x00000030   Code   RO         4985    .text               mf_w.l(cdrcmple.o)
    0x08000658   0x08000658   0x00000038   Code   RO         4987    .text               mf_w.l(d2f.o)
    0x08000690   0x08000690   0x0000002c   Code   RO         5008    .text               mc_w.l(uidiv.o)
    0x080006bc   0x080006bc   0x0000001e   Code   RO         5010    .text               mc_w.l(llshl.o)
    0x080006da   0x080006da   0x00000020   Code   RO         5012    .text               mc_w.l(llushr.o)
    0x080006fa   0x080006fa   0x00000024   Code   RO         5014    .text               mc_w.l(llsshr.o)
    0x0800071e   0x0800071e   0x00000000   Code   RO         5016    .text               mc_w.l(iusefp.o)
    0x0800071e   0x0800071e   0x0000006e   Code   RO         5017    .text               mf_w.l(fepilogue.o)
    0x0800078c   0x0800078c   0x000000ba   Code   RO         5019    .text               mf_w.l(depilogue.o)
    0x08000846   0x08000846   0x00000030   Code   RO         5021    .text               mf_w.l(dfixul.o)
    0x08000876   0x08000876   0x00000002   PAD
    0x08000878   0x08000878   0x00000024   Code   RO         5023    .text               mc_w.l(init.o)
    0x0800089c   0x0800089c   0x000000c8   Code   RO          476    i.ADC_Enable        stm32g4xx_hal_adc.o
    0x08000964   0x08000964   0x00000004   Code   RO          359    i.BusFault_Handler  stm32g4xx_it.o
    0x08000968   0x08000968   0x00000002   Code   RO          360    i.DebugMon_Handler  stm32g4xx_it.o
    0x0800096a   0x0800096a   0x0000001e   Code   RO         4374    i.Delay_LCD         lcd.o
    0x08000988   0x08000988   0x00000006   Code   RO           13    i.Error_Handler     main.o
    0x0800098e   0x0800098e   0x00000002   PAD
    0x08000990   0x08000990   0x00000508   Code   RO          478    i.HAL_ADC_ConfigChannel  stm32g4xx_hal_adc.o
    0x08000e98   0x08000e98   0x00000008   Code   RO          485    i.HAL_ADC_GetValue  stm32g4xx_hal_adc.o
    0x08000ea0   0x08000ea0   0x0000025c   Code   RO          487    i.HAL_ADC_Init      stm32g4xx_hal_adc.o
    0x080010fc   0x080010fc   0x00000090   Code   RO          222    i.HAL_ADC_MspInit   adc.o
    0x0800118c   0x0800118c   0x0000011c   Code   RO          493    i.HAL_ADC_Start     stm32g4xx_hal_adc.o
    0x080012a8   0x080012a8   0x0000007e   Code   RO         1897    i.HAL_DMA_Abort     stm32g4xx_hal_dma.o
    0x08001326   0x08001326   0x00000094   Code   RO         1898    i.HAL_DMA_Abort_IT  stm32g4xx_hal_dma.o
    0x080013ba   0x080013ba   0x00000002   PAD
    0x080013bc   0x080013bc   0x00000028   Code   RO          990    i.HAL_Delay         stm32g4xx_hal.o
    0x080013e4   0x080013e4   0x000001dc   Code   RO         1759    i.HAL_GPIO_Init     stm32g4xx_hal_gpio.o
    0x080015c0   0x080015c0   0x00000010   Code   RO         1761    i.HAL_GPIO_ReadPin  stm32g4xx_hal_gpio.o
    0x080015d0   0x080015d0   0x00000014   Code   RO         1762    i.HAL_GPIO_TogglePin  stm32g4xx_hal_gpio.o
    0x080015e4   0x080015e4   0x0000000a   Code   RO         1763    i.HAL_GPIO_WritePin  stm32g4xx_hal_gpio.o
    0x080015ee   0x080015ee   0x00000002   PAD
    0x080015f0   0x080015f0   0x0000000c   Code   RO          994    i.HAL_GetTick       stm32g4xx_hal.o
    0x080015fc   0x080015fc   0x00000018   Code   RO         1000    i.HAL_IncTick       stm32g4xx_hal.o
    0x08001614   0x08001614   0x0000001e   Code   RO         1001    i.HAL_Init          stm32g4xx_hal.o
    0x08001632   0x08001632   0x00000002   PAD
    0x08001634   0x08001634   0x00000058   Code   RO         1002    i.HAL_InitTick      stm32g4xx_hal.o
    0x0800168c   0x0800168c   0x00000044   Code   RO          447    i.HAL_MspInit       stm32g4xx_hal_msp.o
    0x080016d0   0x080016d0   0x00000028   Code   RO         2408    i.HAL_NVIC_EnableIRQ  stm32g4xx_hal_cortex.o
    0x080016f8   0x080016f8   0x0000007a   Code   RO         2414    i.HAL_NVIC_SetPriority  stm32g4xx_hal_cortex.o
    0x08001772   0x08001772   0x00000002   PAD
    0x08001774   0x08001774   0x00000028   Code   RO         2415    i.HAL_NVIC_SetPriorityGrouping  stm32g4xx_hal_cortex.o
    0x0800179c   0x0800179c   0x00000118   Code   RO         2162    i.HAL_PWREx_ControlVoltageScaling  stm32g4xx_hal_pwr_ex.o
    0x080018b4   0x080018b4   0x00000014   Code   RO         2174    i.HAL_PWREx_DisableUCPDDeadBattery  stm32g4xx_hal_pwr_ex.o
    0x080018c8   0x080018c8   0x00000370   Code   RO         1366    i.HAL_RCCEx_PeriphCLKConfig  stm32g4xx_hal_rcc_ex.o
    0x08001c38   0x08001c38   0x00000224   Code   RO         1236    i.HAL_RCC_ClockConfig  stm32g4xx_hal_rcc.o
    0x08001e5c   0x08001e5c   0x0000000c   Code   RO         1242    i.HAL_RCC_GetHCLKFreq  stm32g4xx_hal_rcc.o
    0x08001e68   0x08001e68   0x00000024   Code   RO         1244    i.HAL_RCC_GetPCLK1Freq  stm32g4xx_hal_rcc.o
    0x08001e8c   0x08001e8c   0x00000024   Code   RO         1245    i.HAL_RCC_GetPCLK2Freq  stm32g4xx_hal_rcc.o
    0x08001eb0   0x08001eb0   0x00000098   Code   RO         1246    i.HAL_RCC_GetSysClockFreq  stm32g4xx_hal_rcc.o
    0x08001f48   0x08001f48   0x0000055c   Code   RO         1249    i.HAL_RCC_OscConfig  stm32g4xx_hal_rcc.o
    0x080024a4   0x080024a4   0x00000034   Code   RO         2419    i.HAL_SYSTICK_Config  stm32g4xx_hal_cortex.o
    0x080024d8   0x080024d8   0x00000002   Code   RO         3280    i.HAL_TIMEx_Break2Callback  stm32g4xx_hal_tim_ex.o
    0x080024da   0x080024da   0x00000002   Code   RO         3281    i.HAL_TIMEx_BreakCallback  stm32g4xx_hal_tim_ex.o
    0x080024dc   0x080024dc   0x00000002   Code   RO         3282    i.HAL_TIMEx_CommutCallback  stm32g4xx_hal_tim_ex.o
    0x080024de   0x080024de   0x00000002   PAD
    0x080024e0   0x080024e0   0x000000c8   Code   RO         3285    i.HAL_TIMEx_ConfigBreakDeadTime  stm32g4xx_hal_tim_ex.o
    0x080025a8   0x080025a8   0x00000002   Code   RO         3293    i.HAL_TIMEx_DirectionChangeCallback  stm32g4xx_hal_tim_ex.o
    0x080025aa   0x080025aa   0x00000002   Code   RO         3307    i.HAL_TIMEx_EncoderIndexCallback  stm32g4xx_hal_tim_ex.o
    0x080025ac   0x080025ac   0x00000002   Code   RO         3321    i.HAL_TIMEx_IndexErrorCallback  stm32g4xx_hal_tim_ex.o
    0x080025ae   0x080025ae   0x00000002   PAD
    0x080025b0   0x080025b0   0x000000b8   Code   RO         3322    i.HAL_TIMEx_MasterConfigSynchronization  stm32g4xx_hal_tim_ex.o
    0x08002668   0x08002668   0x00000002   Code   RO         3343    i.HAL_TIMEx_TransitionErrorCallback  stm32g4xx_hal_tim_ex.o
    0x0800266a   0x0800266a   0x0000006e   Code   RO         2555    i.HAL_TIM_Base_Init  stm32g4xx_hal_tim.o
    0x080026d8   0x080026d8   0x00000068   Code   RO          264    i.HAL_TIM_Base_MspInit  tim.o
    0x08002740   0x08002740   0x0000009c   Code   RO         2560    i.HAL_TIM_Base_Start_IT  stm32g4xx_hal_tim.o
    0x080027dc   0x080027dc   0x00000134   Code   RO         2564    i.HAL_TIM_ConfigClockSource  stm32g4xx_hal_tim.o
    0x08002910   0x08002910   0x00000002   Code   RO         2589    i.HAL_TIM_IC_CaptureCallback  stm32g4xx_hal_tim.o
    0x08002912   0x08002912   0x00000220   Code   RO         2603    i.HAL_TIM_IRQHandler  stm32g4xx_hal_tim.o
    0x08002b32   0x08002b32   0x00000002   PAD
    0x08002b34   0x08002b34   0x0000005c   Code   RO          265    i.HAL_TIM_MspPostInit  tim.o
    0x08002b90   0x08002b90   0x00000002   Code   RO         2606    i.HAL_TIM_OC_DelayElapsedCallback  stm32g4xx_hal_tim.o
    0x08002b92   0x08002b92   0x00000170   Code   RO         2627    i.HAL_TIM_PWM_ConfigChannel  stm32g4xx_hal_tim.o
    0x08002d02   0x08002d02   0x0000006e   Code   RO         2630    i.HAL_TIM_PWM_Init  stm32g4xx_hal_tim.o
    0x08002d70   0x08002d70   0x00000002   Code   RO         2632    i.HAL_TIM_PWM_MspInit  stm32g4xx_hal_tim.o
    0x08002d72   0x08002d72   0x00000002   Code   RO         2633    i.HAL_TIM_PWM_PulseFinishedCallback  stm32g4xx_hal_tim.o
    0x08002d74   0x08002d74   0x0000014c   Code   RO         2635    i.HAL_TIM_PWM_Start  stm32g4xx_hal_tim.o
    0x08002ec0   0x08002ec0   0x00000024   Code   RO         4619    i.HAL_TIM_PeriodElapsedCallback  task.o
    0x08002ee4   0x08002ee4   0x00000002   Code   RO         2646    i.HAL_TIM_TriggerCallback  stm32g4xx_hal_tim.o
    0x08002ee6   0x08002ee6   0x0000004e   Code   RO         4134    i.HAL_UARTEx_DisableFifoMode  stm32g4xx_hal_uart_ex.o
    0x08002f34   0x08002f34   0x00000002   Code   RO         3718    i.HAL_UARTEx_RxEventCallback  stm32g4xx_hal_uart.o
    0x08002f36   0x08002f36   0x00000002   Code   RO         4142    i.HAL_UARTEx_RxFifoFullCallback  stm32g4xx_hal_uart_ex.o
    0x08002f38   0x08002f38   0x0000005e   Code   RO         4143    i.HAL_UARTEx_SetRxFifoThreshold  stm32g4xx_hal_uart_ex.o
    0x08002f96   0x08002f96   0x0000005e   Code   RO         4144    i.HAL_UARTEx_SetTxFifoThreshold  stm32g4xx_hal_uart_ex.o
    0x08002ff4   0x08002ff4   0x00000002   Code   RO         4146    i.HAL_UARTEx_TxFifoEmptyCallback  stm32g4xx_hal_uart_ex.o
    0x08002ff6   0x08002ff6   0x00000002   Code   RO         4147    i.HAL_UARTEx_WakeupCallback  stm32g4xx_hal_uart_ex.o
    0x08002ff8   0x08002ff8   0x00000002   Code   RO         3734    i.HAL_UART_ErrorCallback  stm32g4xx_hal_uart.o
    0x08002ffa   0x08002ffa   0x00000002   PAD
    0x08002ffc   0x08002ffc   0x000003d0   Code   RO         3737    i.HAL_UART_IRQHandler  stm32g4xx_hal_uart.o
    0x080033cc   0x080033cc   0x00000078   Code   RO         3738    i.HAL_UART_Init     stm32g4xx_hal_uart.o
    0x08003444   0x08003444   0x000000a4   Code   RO          318    i.HAL_UART_MspInit  usart.o
    0x080034e8   0x080034e8   0x0000005c   Code   RO         3743    i.HAL_UART_Receive_IT  stm32g4xx_hal_uart.o
    0x08003544   0x08003544   0x000000f8   Code   RO         4671    i.HAL_UART_RxCpltCallback  uart.o
    0x0800363c   0x0800363c   0x000000ac   Code   RO         3749    i.HAL_UART_Transmit_IT  stm32g4xx_hal_uart.o
    0x080036e8   0x080036e8   0x00000002   Code   RO         3750    i.HAL_UART_TxCpltCallback  stm32g4xx_hal_uart.o
    0x080036ea   0x080036ea   0x00000004   Code   RO          361    i.HardFault_Handler  stm32g4xx_it.o
    0x080036ee   0x080036ee   0x00000002   PAD
    0x080036f0   0x080036f0   0x00000030   Code   RO         4375    i.LCD_BusIn         lcd.o
    0x08003720   0x08003720   0x00000030   Code   RO         4376    i.LCD_BusOut        lcd.o
    0x08003750   0x08003750   0x0000004c   Code   RO         4377    i.LCD_Clear         lcd.o
    0x0800379c   0x0800379c   0x000000c0   Code   RO         4379    i.LCD_CtrlLinesConfig  lcd.o
    0x0800385c   0x0800385c   0x00000028   Code   RO         4380    i.LCD_DisplayChar   lcd.o
    0x08003884   0x08003884   0x0000005c   Code   RO         4383    i.LCD_DisplayStringLine  lcd.o
    0x080038e0   0x080038e0   0x0000006c   Code   RO         4384    i.LCD_DrawChar      lcd.o
    0x0800394c   0x0800394c   0x0000005c   Code   RO         4390    i.LCD_Init          lcd.o
    0x080039a8   0x080039a8   0x000000ac   Code   RO         4393    i.LCD_ReadReg       lcd.o
    0x08003a54   0x08003a54   0x00000010   Code   RO         4394    i.LCD_SetBackColor  lcd.o
    0x08003a64   0x08003a64   0x00000018   Code   RO         4395    i.LCD_SetCursor     lcd.o
    0x08003a7c   0x08003a7c   0x00000010   Code   RO         4397    i.LCD_SetTextColor  lcd.o
    0x08003a8c   0x08003a8c   0x00000078   Code   RO         4400    i.LCD_WriteRAM      lcd.o
    0x08003b04   0x08003b04   0x00000078   Code   RO         4401    i.LCD_WriteRAM_Prepare  lcd.o
    0x08003b7c   0x08003b7c   0x00000090   Code   RO         4402    i.LCD_WriteReg      lcd.o
    0x08003c0c   0x08003c0c   0x00000010   Code   RO          501    i.LL_ADC_Enable     stm32g4xx_hal_adc.o
    0x08003c1c   0x08003c1c   0x0000000a   Code   RO          502    i.LL_ADC_GetMultimode  stm32g4xx_hal_adc.o
    0x08003c26   0x08003c26   0x00000012   Code   RO          503    i.LL_ADC_GetOffsetChannel  stm32g4xx_hal_adc.o
    0x08003c38   0x08003c38   0x0000000a   Code   RO          504    i.LL_ADC_INJ_IsConversionOngoing  stm32g4xx_hal_adc.o
    0x08003c42   0x08003c42   0x0000000a   Code   RO          506    i.LL_ADC_IsEnabled  stm32g4xx_hal_adc.o
    0x08003c4c   0x08003c4c   0x0000000a   Code   RO          507    i.LL_ADC_IsInternalRegulatorEnabled  stm32g4xx_hal_adc.o
    0x08003c56   0x08003c56   0x0000000a   Code   RO          508    i.LL_ADC_REG_IsConversionOngoing  stm32g4xx_hal_adc.o
    0x08003c60   0x08003c60   0x00000010   Code   RO          510    i.LL_ADC_REG_StartConversion  stm32g4xx_hal_adc.o
    0x08003c70   0x08003c70   0x00000028   Code   RO          512    i.LL_ADC_SetChannelSamplingTime  stm32g4xx_hal_adc.o
    0x08003c98   0x08003c98   0x0000000c   Code   RO          513    i.LL_ADC_SetCommonPathInternalCh  stm32g4xx_hal_adc.o
    0x08003ca4   0x08003ca4   0x00000016   Code   RO          514    i.LL_ADC_SetOffsetState  stm32g4xx_hal_adc.o
    0x08003cba   0x08003cba   0x0000000c   Code   RO          515    i.LL_ADC_SetSamplingTimeCommonConfig  stm32g4xx_hal_adc.o
    0x08003cc6   0x08003cc6   0x00000002   PAD
    0x08003cc8   0x08003cc8   0x00000084   Code   RO          223    i.MX_ADC2_Init      adc.o
    0x08003d4c   0x08003d4c   0x00000160   Code   RO          197    i.MX_GPIO_Init      gpio.o
    0x08003eac   0x08003eac   0x000000a4   Code   RO          266    i.MX_TIM17_Init     tim.o
    0x08003f50   0x08003f50   0x00000070   Code   RO          267    i.MX_TIM2_Init      tim.o
    0x08003fc0   0x08003fc0   0x0000006c   Code   RO          319    i.MX_USART1_UART_Init  usart.o
    0x0800402c   0x0800402c   0x00000004   Code   RO          362    i.MemManage_Handler  stm32g4xx_it.o
    0x08004030   0x08004030   0x00000004   Code   RO          363    i.NMI_Handler       stm32g4xx_it.o
    0x08004034   0x08004034   0x00000002   Code   RO          364    i.PendSV_Handler    stm32g4xx_it.o
    0x08004036   0x08004036   0x00000002   PAD
    0x08004038   0x08004038   0x00000068   Code   RO         1250    i.RCC_GetSysClockFreqFromPLLSource  stm32g4xx_hal_rcc.o
    0x080040a0   0x080040a0   0x00000120   Code   RO         4403    i.REG_8230_Init     lcd.o
    0x080041c0   0x080041c0   0x00000200   Code   RO         4404    i.REG_932X_Init     lcd.o
    0x080043c0   0x080043c0   0x00000002   Code   RO          365    i.SVC_Handler       stm32g4xx_it.o
    0x080043c2   0x080043c2   0x00000008   Code   RO          366    i.SysTick_Handler   stm32g4xx_it.o
    0x080043ca   0x080043ca   0x00000068   Code   RO           14    i.SystemClock_Config  main.o
    0x08004432   0x08004432   0x00000002   PAD
    0x08004434   0x08004434   0x00000014   Code   RO         4258    i.SystemInit        system_stm32g4xx.o
    0x08004448   0x08004448   0x00000010   Code   RO          367    i.TIM2_IRQHandler   stm32g4xx_it.o
    0x08004458   0x08004458   0x000000c4   Code   RO         2648    i.TIM_Base_SetConfig  stm32g4xx_hal_tim.o
    0x0800451c   0x0800451c   0x00000022   Code   RO         2649    i.TIM_CCxChannelCmd  stm32g4xx_hal_tim.o
    0x0800453e   0x0800453e   0x00000016   Code   RO         2659    i.TIM_ETR_SetConfig  stm32g4xx_hal_tim.o
    0x08004554   0x08004554   0x00000018   Code   RO         2660    i.TIM_ITRx_SetConfig  stm32g4xx_hal_tim.o
    0x0800456c   0x0800456c   0x000000b0   Code   RO         2661    i.TIM_OC1_SetConfig  stm32g4xx_hal_tim.o
    0x0800461c   0x0800461c   0x000000b8   Code   RO         2662    i.TIM_OC2_SetConfig  stm32g4xx_hal_tim.o
    0x080046d4   0x080046d4   0x000000b8   Code   RO         2663    i.TIM_OC3_SetConfig  stm32g4xx_hal_tim.o
    0x0800478c   0x0800478c   0x000000b8   Code   RO         2664    i.TIM_OC4_SetConfig  stm32g4xx_hal_tim.o
    0x08004844   0x08004844   0x00000070   Code   RO         2665    i.TIM_OC5_SetConfig  stm32g4xx_hal_tim.o
    0x080048b4   0x080048b4   0x00000070   Code   RO         2666    i.TIM_OC6_SetConfig  stm32g4xx_hal_tim.o
    0x08004924   0x08004924   0x0000006c   Code   RO         2668    i.TIM_TI1_ConfigInputStage  stm32g4xx_hal_tim.o
    0x08004990   0x08004990   0x0000006c   Code   RO         2670    i.TIM_TI2_ConfigInputStage  stm32g4xx_hal_tim.o
    0x080049fc   0x080049fc   0x00000058   Code   RO         4148    i.UARTEx_SetNbDataToProcess  stm32g4xx_hal_uart_ex.o
    0x08004a54   0x08004a54   0x000000f8   Code   RO         3752    i.UART_AdvFeatureConfig  stm32g4xx_hal_uart.o
    0x08004b4c   0x08004b4c   0x000000ea   Code   RO         3753    i.UART_CheckIdleState  stm32g4xx_hal_uart.o
    0x08004c36   0x08004c36   0x0000000e   Code   RO         3754    i.UART_DMAAbortOnError  stm32g4xx_hal_uart.o
    0x08004c44   0x08004c44   0x0000006c   Code   RO         3764    i.UART_EndRxTransfer  stm32g4xx_hal_uart.o
    0x08004cb0   0x08004cb0   0x00000030   Code   RO         3765    i.UART_EndTransmit_IT  stm32g4xx_hal_uart.o
    0x08004ce0   0x08004ce0   0x00000104   Code   RO         3767    i.UART_RxISR_16BIT  stm32g4xx_hal_uart.o
    0x08004de4   0x08004de4   0x00000200   Code   RO         3768    i.UART_RxISR_16BIT_FIFOEN  stm32g4xx_hal_uart.o
    0x08004fe4   0x08004fe4   0x00000104   Code   RO         3769    i.UART_RxISR_8BIT   stm32g4xx_hal_uart.o
    0x080050e8   0x080050e8   0x000001fc   Code   RO         3770    i.UART_RxISR_8BIT_FIFOEN  stm32g4xx_hal_uart.o
    0x080052e4   0x080052e4   0x00000384   Code   RO         3771    i.UART_SetConfig    stm32g4xx_hal_uart.o
    0x08005668   0x08005668   0x0000015c   Code   RO         3773    i.UART_Start_Receive_IT  stm32g4xx_hal_uart.o
    0x080057c4   0x080057c4   0x00000062   Code   RO         3774    i.UART_TxISR_16BIT  stm32g4xx_hal_uart.o
    0x08005826   0x08005826   0x00000082   Code   RO         3775    i.UART_TxISR_16BIT_FIFOEN  stm32g4xx_hal_uart.o
    0x080058a8   0x080058a8   0x0000005c   Code   RO         3776    i.UART_TxISR_8BIT   stm32g4xx_hal_uart.o
    0x08005904   0x08005904   0x0000007e   Code   RO         3777    i.UART_TxISR_8BIT_FIFOEN  stm32g4xx_hal_uart.o
    0x08005982   0x08005982   0x000000ac   Code   RO         3778    i.UART_WaitOnFlagUntilTimeout  stm32g4xx_hal_uart.o
    0x08005a2e   0x08005a2e   0x00000002   PAD
    0x08005a30   0x08005a30   0x00000010   Code   RO          368    i.USART1_IRQHandler  stm32g4xx_it.o
    0x08005a40   0x08005a40   0x00000004   Code   RO          369    i.UsageFault_Handler  stm32g4xx_it.o
    0x08005a44   0x08005a44   0x00000028   Code   RO         4947    i.__0sprintf        mc_w.l(printfa.o)
    0x08005a6c   0x08005a6c   0x00000010   Code   RO         2421    i.__NVIC_GetPriorityGrouping  stm32g4xx_hal_cortex.o
    0x08005a7c   0x08005a7c   0x00000028   Code   RO         2422    i.__NVIC_SetPriority  stm32g4xx_hal_cortex.o
    0x08005aa4   0x08005aa4   0x0000000e   Code   RO         5029    i.__scatterload_copy  mc_w.l(handlers.o)
    0x08005ab2   0x08005ab2   0x00000002   Code   RO         5030    i.__scatterload_null  mc_w.l(handlers.o)
    0x08005ab4   0x08005ab4   0x0000000e   Code   RO         5031    i.__scatterload_zeroinit  mc_w.l(handlers.o)
    0x08005ac2   0x08005ac2   0x00000002   PAD
    0x08005ac4   0x08005ac4   0x00000184   Code   RO         4952    i._fp_digits        mc_w.l(printfa.o)
    0x08005c48   0x08005c48   0x000006b4   Code   RO         4953    i._printf_core      mc_w.l(printfa.o)
    0x080062fc   0x080062fc   0x00000024   Code   RO         4954    i._printf_post_padding  mc_w.l(printfa.o)
    0x08006320   0x08006320   0x0000002e   Code   RO         4955    i._printf_pre_padding  mc_w.l(printfa.o)
    0x0800634e   0x0800634e   0x0000000a   Code   RO         4957    i._sputc            mc_w.l(printfa.o)
    0x08006358   0x08006358   0x00000114   Code   RO         4347    i.get_temperature   adc_samp.o
    0x0800646c   0x0800646c   0x000001c0   Code   RO         4585    i.key_scan          key.o
    0x0800662c   0x0800662c   0x00000154   Code   RO         4319    i.lcd_show          lcd_bsp.o
    0x08006780   0x08006780   0x000000c4   Code   RO         4294    i.led_show          led.o
    0x08006844   0x08006844   0x000000b4   Code   RO           15    i.main              main.o
    0x080068f8   0x080068f8   0x00000014   Code   RO         4643    i.pwm_out           pwm.o
    0x0800690c   0x0800690c   0x00000068   Code   RO         4586    i.rpm_set           key.o
    0x08006974   0x08006974   0x00000018   Data   RO         3779    .constdata          stm32g4xx_hal_uart.o
    0x0800698c   0x0800698c   0x00000010   Data   RO         4150    .constdata          stm32g4xx_hal_uart_ex.o
    0x0800699c   0x0800699c   0x00000018   Data   RO         4259    .constdata          system_stm32g4xx.o
    0x080069b4   0x080069b4   0x000011d0   Data   RO         4405    .constdata          lcd.o
    0x08007b84   0x08007b84   0x00000020   Data   RO         5027    Region$$Table       anon$$obj.o


    Execution Region RW_IRAM1 (Exec base: 0x20000000, Load base: 0x08007ba4, Size: 0x000005f0, Max: 0x00008000, ABSOLUTE)

    Exec Addr    Load Addr    Size         Type   Attr      Idx    E Section Name        Object

    0x20000000   0x08007ba4   0x0000000c   Data   RW         1021    .data               stm32g4xx_hal.o
    0x2000000c   0x08007bb0   0x00000004   Data   RW         4260    .data               system_stm32g4xx.o
    0x20000010   0x08007bb4   0x00000004   Data   RW         4348    .data               adc_samp.o
    0x20000014   0x08007bb8   0x00000006   Data   RW         4406    .data               lcd.o
    0x2000001a   0x08007bbe   0x00000009   Data   RW         4587    .data               key.o
    0x20000023   0x08007bc7   0x00000001   Data   RW         4673    .data               uart.o
    0x20000024        -       0x0000006c   Zero   RW          224    .bss                adc.o
    0x20000090        -       0x00000098   Zero   RW          268    .bss                tim.o
    0x20000128        -       0x00000094   Zero   RW          320    .bss                usart.o
    0x200001bc        -       0x00000014   Zero   RW         4320    .bss                lcd_bsp.o
    0x200001d0        -       0x00000020   Zero   RW         4672    .bss                uart.o
    0x200001f0        -       0x00000400   Zero   RW            1    STACK               startup_stm32g431xx.o


==============================================================================

Image component sizes


      Code (inc. data)   RO Data    RW Data    ZI Data      Debug   Object Name

       276         26          0          0        108       1785   adc.o
       276         56          0          4          0        872   adc_samp.o
       352         18          0          0          0       1075   gpio.o
       552         52          0          9          0       1590   key.o
      2138        108       4560          6          0      11188   lcd.o
       340        180          0          0         20       1164   lcd_bsp.o
       196         22          0          0          0        595   led.o
       290         36          0          0          0     659541   main.o
        20          8          0          0          0        422   pwm.o
        36          8        472          0       1024        828   startup_stm32g431xx.o
       194         32          0         12          0       4273   stm32g4xx_hal.o
      2570        112          0          0          0      78999   stm32g4xx_hal_adc.o
       310         22          0          0          0      34291   stm32g4xx_hal_cortex.o
       274          0          0          0          0       1803   stm32g4xx_hal_dma.o
       522         34          0          0          0       3356   stm32g4xx_hal_gpio.o
        68          6          0          0          0        842   stm32g4xx_hal_msp.o
       300         18          0          0          0       1397   stm32g4xx_hal_pwr_ex.o
      2260        106          0          0          0       7208   stm32g4xx_hal_rcc.o
       880          8          0          0          0       1884   stm32g4xx_hal_rcc_ex.o
      3382        304          0          0          0      18208   stm32g4xx_hal_tim.o
       398         34          0          0          0       6344   stm32g4xx_hal_tim_ex.o
      5424        152         24          0          0      40469   stm32g4xx_hal_uart.o
       360         10         16          0          0       5374   stm32g4xx_hal_uart_ex.o
        66         12          0          0          0       5128   stm32g4xx_it.o
        20          6         24          4          0       1103   system_stm32g4xx.o
        36          4          0          0          0        808   task.o
       472         32          0          0        152       3051   tim.o
       248         80          0          1         32       1285   uart.o
       272         20          0          0        148       1762   usart.o

    ----------------------------------------------------------------------
     22560       1506       5128         36       1484     896645   Object Totals
         0          0         32          0          0          0   (incl. Generated)
        28          0          0          0          0          0   (incl. Padding)

    ----------------------------------------------------------------------

      Code (inc. data)   RO Data    RW Data    ZI Data      Debug   Library Member Name

         0          0          0          0          0          0   entry.o
         0          0          0          0          0          0   entry10a.o
         0          0          0          0          0          0   entry11a.o
         4          0          0          0          0          0   entry12b.o
         8          4          0          0          0          0   entry2.o
         4          0          0          0          0          0   entry5.o
         0          0          0          0          0          0   entry7b.o
         0          0          0          0          0          0   entry8b.o
         8          4          0          0          0          0   entry9a.o
        30          0          0          0          0          0   handlers.o
        36          8          0          0          0         68   init.o
         0          0          0          0          0          0   iusefp.o
        30          0          0          0          0         68   llshl.o
        36          0          0          0          0         68   llsshr.o
        32          0          0          0          0         68   llushr.o
        36          0          0          0          0        108   memseta.o
      2236         86          0          0          0        532   printfa.o
        14          0          0          0          0         68   strlen.o
        44          0          0          0          0         80   uidiv.o
        98          0          0          0          0         92   uldiv.o
        48          0          0          0          0         68   cdcmple.o
        48          0          0          0          0         68   cdrcmple.o
        56          0          0          0          0         88   d2f.o
       334          0          0          0          0        148   dadd.o
       222          0          0          0          0        100   ddiv.o
       186          0          0          0          0        176   depilogue.o
        48          0          0          0          0         68   dfixul.o
        26          0          0          0          0         76   dfltui.o
       228          0          0          0          0         96   dmul.o
        38          0          0          0          0         68   f2d.o
       110          0          0          0          0        168   fepilogue.o

    ----------------------------------------------------------------------
      3964        102          0          0          0       2276   Library Totals
         4          0          0          0          0          0   (incl. Padding)

    ----------------------------------------------------------------------

      Code (inc. data)   RO Data    RW Data    ZI Data      Debug   Library Name

      2616        102          0          0          0       1152   mc_w.l
      1344          0          0          0          0       1124   mf_w.l

    ----------------------------------------------------------------------
      3964        102          0          0          0       2276   Library Totals

    ----------------------------------------------------------------------

==============================================================================


      Code (inc. data)   RO Data    RW Data    ZI Data      Debug   

     26524       1608       5128         36       1484     882981   Grand Totals
     26524       1608       5128         36       1484     882981   ELF Image Totals
     26524       1608       5128         36          0          0   ROM Totals

==============================================================================

    Total RO  Size (Code + RO Data)                31652 (  30.91kB)
    Total RW  Size (RW Data + ZI Data)              1520 (   1.48kB)
    Total ROM Size (Code + RO Data + RW Data)      31688 (  30.95kB)

==============================================================================

