<html>
<body>
<pre>
<h1>µVision Build Log</h1>
<h2>Tool Versions:</h2>
IDE-Version: ¦ÌVision V5.34.0.0
Copyright (C) 2021 ARM Ltd and ARM Germany GmbH. All rights reserved.
License Information: 1 yshen68@hotmail.com, 11, LIC=S5ISZ-JSI14-8Y8VV-PZWC0-LG29X-U37UU
 
Tool Versions:
Toolchain:       MDK-ARM Professional  Version: 5.34.0.0
Toolchain Path:  C:\Keil_v5\ARM\ARMCC\Bin
C Compiler:      Armcc.exe V5.06 update 7 (build 960)
Assembler:       Armasm.exe V5.06 update 7 (build 960)
Linker/Locator:  ArmLink.exe V5.06 update 7 (build 960)
Library Manager: ArmAr.exe V5.06 update 7 (build 960)
Hex Converter:   FromElf.exe V5.06 update 7 (build 960)
CPU DLL:         SARMCM3.DLL V5.34.0.0
Dialog DLL:      DCM.DLL V1.17.3.0
Target DLL:      CMSIS_AGDI.dll V1.32.13.0
Dialog DLL:      TCM.DLL V1.48.0.0
 
<h2>Project:</h2>
C:\Users\yshen\Desktop\Moni16\MDK-ARM\Moni16.uvprojx
Project File Date:  04/11/2026

<h2>Output:</h2>
*** Using Compiler 'V5.06 update 7 (build 960)', folder: 'C:\Keil_v5\ARM\ARMCC\Bin'
Build target 'Moni16'
compiling lcd_bsp.c...
../APP/Inc/lcd_bsp.h(6): warning:  #1295-D: Deprecated declaration lcd_show - give arg types
  void lcd_show();
../APP/Inc/lcd_bsp.h(8): warning:  #1-D: last line of file ends without a newline
  #endif
..\APP\Src\lcd_bsp.c(16): warning:  #223-D: function "sprintf" declared implicitly
  			sprintf(s, "     F1=%dHz      ", (int)freq1);
..\APP\Src\lcd_bsp.c(39): warning:  #1-D: last line of file ends without a newline
  }
..\APP\Src\lcd_bsp.c: 4 warnings, 0 errors
linking...
Program Size: Code=21954 RO-data=5130 RW-data=48 ZI-data=2304  
FromELF: creating hex file...
"Moni16\Moni16.axf" - 0 Error(s), 4 Warning(s).

<h2>Software Packages used:</h2>

Package Vendor: Keil
                https://www.keil.com/pack/Keil.STM32G4xx_DFP.2.0.0.pack
                Keil.STM32G4xx_DFP.2.0.0
                STMicroelectronics STM32G4 Series Device Support

<h2>Collection of Component include folders:</h2>

<h2>Collection of Component Files used:</h2>
Build Time Elapsed:  00:00:08
</pre>
</body>
</html>
