Component: ARM Compiler 5.06 update 7 (build 960) Tool: armlink [4d3601]

==============================================================================

Section Cross References

    startup_stm32g431xx.o(RESET) refers to startup_stm32g431xx.o(STACK) for __initial_sp
    startup_stm32g431xx.o(RESET) refers to startup_stm32g431xx.o(.text) for Reset_Handler
    startup_stm32g431xx.o(RESET) refers to stm32g4xx_it.o(i.NMI_Handler) for NMI_Handler
    startup_stm32g431xx.o(RESET) refers to stm32g4xx_it.o(i.HardFault_Handler) for HardFault_Handler
    startup_stm32g431xx.o(RESET) refers to stm32g4xx_it.o(i.MemManage_Handler) for MemManage_Handler
    startup_stm32g431xx.o(RESET) refers to stm32g4xx_it.o(i.BusFault_Handler) for BusFault_Handler
    startup_stm32g431xx.o(RESET) refers to stm32g4xx_it.o(i.UsageFault_Handler) for UsageFault_Handler
    startup_stm32g431xx.o(RESET) refers to stm32g4xx_it.o(i.SVC_Handler) for SVC_Handler
    startup_stm32g431xx.o(RESET) refers to stm32g4xx_it.o(i.DebugMon_Handler) for DebugMon_Handler
    startup_stm32g431xx.o(RESET) refers to stm32g4xx_it.o(i.PendSV_Handler) for PendSV_Handler
    startup_stm32g431xx.o(RESET) refers to stm32g4xx_it.o(i.SysTick_Handler) for SysTick_Handler
    startup_stm32g431xx.o(RESET) refers to stm32g4xx_it.o(i.TIM1_TRG_COM_TIM17_IRQHandler) for TIM1_TRG_COM_TIM17_IRQHandler
    startup_stm32g431xx.o(RESET) refers to stm32g4xx_it.o(i.TIM4_IRQHandler) for TIM4_IRQHandler
    startup_stm32g431xx.o(.text) refers to system_stm32g4xx.o(i.SystemInit) for SystemInit
    startup_stm32g431xx.o(.text) refers to entry.o(.ARM.Collect$$$$00000000) for __main
    main.o(i.SystemClock_Config) refers to memseta.o(.text) for __aeabi_memclr4
    main.o(i.SystemClock_Config) refers to stm32g4xx_hal_pwr_ex.o(i.HAL_PWREx_ControlVoltageScaling) for HAL_PWREx_ControlVoltageScaling
    main.o(i.SystemClock_Config) refers to stm32g4xx_hal_rcc.o(i.HAL_RCC_OscConfig) for HAL_RCC_OscConfig
    main.o(i.SystemClock_Config) refers to main.o(i.Error_Handler) for Error_Handler
    main.o(i.SystemClock_Config) refers to stm32g4xx_hal_rcc.o(i.HAL_RCC_ClockConfig) for HAL_RCC_ClockConfig
    main.o(i.main) refers to stm32g4xx_hal.o(i.HAL_Init) for HAL_Init
    main.o(i.main) refers to main.o(i.SystemClock_Config) for SystemClock_Config
    main.o(i.main) refers to gpio.o(i.MX_GPIO_Init) for MX_GPIO_Init
    main.o(i.main) refers to adc.o(i.MX_ADC2_Init) for MX_ADC2_Init
    main.o(i.main) refers to tim.o(i.MX_TIM2_Init) for MX_TIM2_Init
    main.o(i.main) refers to tim.o(i.MX_TIM4_Init) for MX_TIM4_Init
    main.o(i.main) refers to tim.o(i.MX_TIM17_Init) for MX_TIM17_Init
    main.o(i.main) refers to stm32g4xx_hal_gpio.o(i.HAL_GPIO_WritePin) for HAL_GPIO_WritePin
    main.o(i.main) refers to lcd.o(i.LCD_Init) for LCD_Init
    main.o(i.main) refers to lcd.o(i.LCD_Clear) for LCD_Clear
    main.o(i.main) refers to lcd.o(i.LCD_SetBackColor) for LCD_SetBackColor
    main.o(i.main) refers to lcd.o(i.LCD_SetTextColor) for LCD_SetTextColor
    main.o(i.main) refers to stm32g4xx_hal_tim.o(i.HAL_TIM_IC_Start_IT) for HAL_TIM_IC_Start_IT
    main.o(i.main) refers to stm32g4xx_hal_tim.o(i.HAL_TIM_PWM_Start) for HAL_TIM_PWM_Start
    main.o(i.main) refers to stm32g4xx_hal_tim.o(i.HAL_TIM_Base_Start_IT) for HAL_TIM_Base_Start_IT
    main.o(i.main) refers to tim.o(.bss) for htim17
    gpio.o(i.MX_GPIO_Init) refers to memseta.o(.text) for __aeabi_memclr4
    gpio.o(i.MX_GPIO_Init) refers to stm32g4xx_hal_gpio.o(i.HAL_GPIO_WritePin) for HAL_GPIO_WritePin
    gpio.o(i.MX_GPIO_Init) refers to stm32g4xx_hal_gpio.o(i.HAL_GPIO_Init) for HAL_GPIO_Init
    adc.o(i.HAL_ADC_MspDeInit) refers to stm32g4xx_hal_gpio.o(i.HAL_GPIO_DeInit) for HAL_GPIO_DeInit
    adc.o(i.HAL_ADC_MspInit) refers to memseta.o(.text) for __aeabi_memclr4
    adc.o(i.HAL_ADC_MspInit) refers to stm32g4xx_hal_rcc_ex.o(i.HAL_RCCEx_PeriphCLKConfig) for HAL_RCCEx_PeriphCLKConfig
    adc.o(i.HAL_ADC_MspInit) refers to main.o(i.Error_Handler) for Error_Handler
    adc.o(i.HAL_ADC_MspInit) refers to stm32g4xx_hal_gpio.o(i.HAL_GPIO_Init) for HAL_GPIO_Init
    adc.o(i.MX_ADC2_Init) refers to memseta.o(.text) for __aeabi_memclr4
    adc.o(i.MX_ADC2_Init) refers to stm32g4xx_hal_adc.o(i.HAL_ADC_Init) for HAL_ADC_Init
    adc.o(i.MX_ADC2_Init) refers to main.o(i.Error_Handler) for Error_Handler
    adc.o(i.MX_ADC2_Init) refers to stm32g4xx_hal_adc.o(i.HAL_ADC_ConfigChannel) for HAL_ADC_ConfigChannel
    adc.o(i.MX_ADC2_Init) refers to adc.o(.bss) for hadc2
    tim.o(i.HAL_TIM_Base_MspDeInit) refers to stm32g4xx_hal_cortex.o(i.HAL_NVIC_DisableIRQ) for HAL_NVIC_DisableIRQ
    tim.o(i.HAL_TIM_Base_MspDeInit) refers to stm32g4xx_hal_gpio.o(i.HAL_GPIO_DeInit) for HAL_GPIO_DeInit
    tim.o(i.HAL_TIM_Base_MspInit) refers to memseta.o(.text) for __aeabi_memclr4
    tim.o(i.HAL_TIM_Base_MspInit) refers to stm32g4xx_hal_cortex.o(i.HAL_NVIC_SetPriority) for HAL_NVIC_SetPriority
[...]
    ../clib/microlib/init/entry.s            0x00000000   Number         0  entry9b.o ABSOLUTE
    ../clib/microlib/init/entry.s            0x00000000   Number         0  entry12a.o ABSOLUTE
    ../clib/microlib/init/entry.s            0x00000000   Number         0  entry10a.o ABSOLUTE
    ../clib/microlib/init/entry.s            0x00000000   Number         0  entry10b.o ABSOLUTE
    ../clib/microlib/init/entry.s            0x00000000   Number         0  entry11b.o ABSOLUTE
    ../clib/microlib/init/entry.s            0x00000000   Number         0  entry12b.o ABSOLUTE
    ../clib/microlib/longlong.c              0x00000000   Number         0  llshl.o ABSOLUTE
    ../clib/microlib/longlong.c              0x00000000   Number         0  llushr.o ABSOLUTE
    ../clib/microlib/longlong.c              0x00000000   Number         0  llsshr.o ABSOLUTE
    ../clib/microlib/printf/printf.c         0x00000000   Number         0  printf0.o ABSOLUTE
    ../clib/microlib/printf/printf.c         0x00000000   Number         0  printfb.o ABSOLUTE
    ../clib/microlib/printf/printf.c         0x00000000   Number         0  printfa.o ABSOLUTE
    ../clib/microlib/printf/printf.c         0x00000000   Number         0  printf8.o ABSOLUTE
    ../clib/microlib/printf/printf.c         0x00000000   Number         0  printf6.o ABSOLUTE
    ../clib/microlib/printf/printf.c         0x00000000   Number         0  printf5.o ABSOLUTE
    ../clib/microlib/printf/printf.c         0x00000000   Number         0  printf4.o ABSOLUTE
    ../clib/microlib/printf/printf.c         0x00000000   Number         0  printf3.o ABSOLUTE
    ../clib/microlib/printf/printf.c         0x00000000   Number         0  printf2.o ABSOLUTE
    ../clib/microlib/printf/printf.c         0x00000000   Number         0  printf1.o ABSOLUTE
    ../clib/microlib/printf/printf.c         0x00000000   Number         0  printf7.o ABSOLUTE
    ../clib/microlib/printf/stubs.s          0x00000000   Number         0  stubs.o ABSOLUTE
    ../clib/microlib/stdio/fputc.c           0x00000000   Number         0  fputc.o ABSOLUTE
    ../clib/microlib/stdio/semi.s            0x00000000   Number         0  semi.o ABSOLUTE
    ../clib/microlib/stdio/streams.c         0x00000000   Number         0  stdout.o ABSOLUTE
    ../clib/microlib/string/memset.c         0x00000000   Number         0  memseta.o ABSOLUTE
    ../clib/microlib/stubs.s                 0x00000000   Number         0  iusefp.o ABSOLUTE
    ../clib/microlib/stubs.s                 0x00000000   Number         0  iusesemip.o ABSOLUTE
    ../fplib/microlib/d2f.c                  0x00000000   Number         0  d2f.o ABSOLUTE
    ../fplib/microlib/f2d.c                  0x00000000   Number         0  f2d.o ABSOLUTE
    ../fplib/microlib/fpadd.c                0x00000000   Number         0  dadd.o ABSOLUTE
    ../fplib/microlib/fpdiv.c                0x00000000   Number         0  ddiv.o ABSOLUTE
    ../fplib/microlib/fpepilogue.c           0x00000000   Number         0  depilogue.o ABSOLUTE
    ../fplib/microlib/fpepilogue.c           0x00000000   Number         0  fepilogue.o ABSOLUTE
    ../fplib/microlib/fpfix.c                0x00000000   Number         0  dfixul.o ABSOLUTE
    ../fplib/microlib/fpfix.c                0x00000000   Number         0  dfixui.o ABSOLUTE
    ../fplib/microlib/fpflt.c                0x00000000   Number         0  dflti.o ABSOLUTE
    ../fplib/microlib/fpflt.c                0x00000000   Number         0  dfltui.o ABSOLUTE
    ../fplib/microlib/fpmul.c                0x00000000   Number         0  dmul.o ABSOLUTE
    ..\APP\Src\Task.c                        0x00000000   Number         0  task.o ABSOLUTE
    ..\APP\Src\adc_samp.c                    0x00000000   Number         0  adc_samp.o ABSOLUTE
    ..\APP\Src\key.c                         0x00000000   Number         0  key.o ABSOLUTE
    ..\APP\Src\lcd.c                         0x00000000   Number         0  lcd.o ABSOLUTE
    ..\APP\Src\lcd_bsp.c                     0x00000000   Number         0  lcd_bsp.o ABSOLUTE
    ..\APP\Src\led.c                         0x00000000   Number         0  led.o ABSOLUTE
    ..\APP\Src\pwm_in.c                      0x00000000   Number         0  pwm_in.o ABSOLUTE
    ..\APP\Src\pwm_out.c                     0x00000000   Number         0  pwm_out.o ABSOLUTE
    ..\Core\Src\adc.c                        0x00000000   Number         0  adc.o ABSOLUTE
    ..\Core\Src\gpio.c                       0x00000000   Number         0  gpio.o ABSOLUTE
    ..\Core\Src\main.c                       0x00000000   Number         0  main.o ABSOLUTE
    ..\Core\Src\stm32g4xx_hal_msp.c          0x00000000   Number         0  stm32g4xx_hal_msp.o ABSOLUTE
    ..\Core\Src\stm32g4xx_it.c               0x00000000   Number         0  stm32g4xx_it.o ABSOLUTE
    ..\Core\Src\system_stm32g4xx.c           0x00000000   Number         0  system_stm32g4xx.o ABSOLUTE
    ..\Core\Src\tim.c                        0x00000000   Number         0  tim.o ABSOLUTE
    ..\Drivers\STM32G4xx_HAL_Driver\Src\stm32g4xx_hal.c 0x00000000   Number         0  stm32g4xx_hal.o ABSOLUTE
    ..\Drivers\STM32G4xx_HAL_Driver\Src\stm32g4xx_hal_adc.c 0x00000000   Number         0  stm32g4xx_hal_adc.o ABSOLUTE
    ..\Drivers\STM32G4xx_HAL_Driver\Src\stm32g4xx_hal_adc_ex.c 0x00000000   Number         0  stm32g4xx_hal_adc_ex.o ABSOLUTE
    ..\Drivers\STM32G4xx_HAL_Driver\Src\stm32g4xx_hal_cortex.c 0x00000000   Number         0  stm32g4xx_hal_cortex.o ABSOLUTE
    ..\Drivers\STM32G4xx_HAL_Driver\Src\stm32g4xx_hal_dma.c 0x00000000   Number         0  stm32g4xx_hal_dma.o ABSOLUTE
    ..\Drivers\STM32G4xx_HAL_Driver\Src\stm32g4xx_hal_dma_ex.c 0x00000000   Number         0  stm32g4xx_hal_dma_ex.o ABSOLUTE
    ..\Drivers\STM32G4xx_HAL_Driver\Src\stm32g4xx_hal_exti.c 0x00000000   Number         0  stm32g4xx_hal_exti.o ABSOLUTE
    ..\Drivers\STM32G4xx_HAL_Driver\Src\stm32g4xx_hal_flash.c 0x00000000   Number         0  stm32g4xx_hal_flash.o ABSOLUTE
    ..\Drivers\STM32G4xx_HAL_Driver\Src\stm32g4xx_hal_flash_ex.c 0x00000000   Number         0  stm32g4xx_hal_flash_ex.o ABSOLUTE
    ..\Drivers\STM32G4xx_HAL_Driver\Src\stm32g4xx_hal_flash_ramfunc.c 0x00000000   Number         0  stm32g4xx_hal_flash_ramfunc.o ABSOLUTE
    ..\Drivers\STM32G4xx_HAL_Driver\Src\stm32g4xx_hal_gpio.c 0x00000000   Number         0  stm32g4xx_hal_gpio.o ABSOLUTE
    ..\Drivers\STM32G4xx_HAL_Driver\Src\stm32g4xx_hal_pwr.c 0x00000000   Number         0  stm32g4xx_hal_pwr.o ABSOLUTE
    ..\Drivers\STM32G4xx_HAL_Driver\Src\stm32g4xx_hal_pwr_ex.c 0x00000000   Number         0  stm32g4xx_hal_pwr_ex.o ABSOLUTE
    ..\Drivers\STM32G4xx_HAL_Driver\Src\stm32g4xx_hal_rcc.c 0x00000000   Number         0  stm32g4xx_hal_rcc.o ABSOLUTE
    ..\Drivers\STM32G4xx_HAL_Driver\Src\stm32g4xx_hal_rcc_ex.c 0x00000000   Number         0  stm32g4xx_hal_rcc_ex.o ABSOLUTE
    ..\Drivers\STM32G4xx_HAL_Driver\Src\stm32g4xx_hal_tim.c 0x00000000   Number         0  stm32g4xx_hal_tim.o ABSOLUTE
    ..\Drivers\STM32G4xx_HAL_Driver\Src\stm32g4xx_hal_tim_ex.c 0x00000000   Number         0  stm32g4xx_hal_tim_ex.o ABSOLUTE
    ..\\APP\\Src\\Task.c                     0x00000000   Number         0  task.o ABSOLUTE
    ..\\APP\\Src\\adc_samp.c                 0x00000000   Number         0  adc_samp.o ABSOLUTE
    ..\\APP\\Src\\key.c                      0x00000000   Number         0  key.o ABSOLUTE
    ..\\APP\\Src\\lcd.c                      0x00000000   Number         0  lcd.o ABSOLUTE
    ..\\APP\\Src\\lcd_bsp.c                  0x00000000   Number         0  lcd_bsp.o ABSOLUTE
    ..\\APP\\Src\\led.c                      0x00000000   Number         0  led.o ABSOLUTE
    ..\\APP\\Src\\pwm_in.c                   0x00000000   Number         0  pwm_in.o ABSOLUTE
    ..\\APP\\Src\\pwm_out.c                  0x00000000   Number         0  pwm_out.o ABSOLUTE
    cdcmple.s                                0x00000000   Number         0  cdcmple.o ABSOLUTE
    cdrcmple.s                               0x00000000   Number         0  cdrcmple.o ABSOLUTE
    dc.s                                     0x00000000   Number         0  dc.o ABSOLUTE
    handlers.s                               0x00000000   Number         0  handlers.o ABSOLUTE
    init.s                                   0x00000000   Number         0  init.o ABSOLUTE
    startup_stm32g431xx.s                    0x00000000   Number         0  startup_stm32g431xx.o ABSOLUTE
    RESET                                    0x08000000   Section      472  startup_stm32g431xx.o(RESET)
    .ARM.Collect$$$$00000000                 0x080001d8   Section        0  entry.o(.ARM.Collect$$$$00000000)
    .ARM.Collect$$$$00000001                 0x080001d8   Section        4  entry2.o(.ARM.Collect$$$$00000001)
    .ARM.Collect$$$$00000004                 0x080001dc   Section        4  entry5.o(.ARM.Collect$$$$00000004)
    .ARM.Collect$$$$00000008                 0x080001e0   Section        0  entry7b.o(.ARM.Collect$$$$00000008)
    .ARM.Collect$$$$0000000A                 0x080001e0   Section        0  entry8b.o(.ARM.Collect$$$$0000000A)
    .ARM.Collect$$$$0000000B                 0x080001e0   Section        8  entry9a.o(.ARM.Collect$$$$0000000B)
    .ARM.Collect$$$$0000000E                 0x080001e8   Section        4  entry12b.o(.ARM.Collect$$$$0000000E)
    .ARM.Collect$$$$0000000F                 0x080001ec   Section        0  entry10a.o(.ARM.Collect$$$$0000000F)
    .ARM.Collect$$$$00000011                 0x080001ec   Section        0  entry11a.o(.ARM.Collect$$$$00000011)
    .ARM.Collect$$$$00002712                 0x080001ec   Section        4  entry2.o(.ARM.Collect$$$$00002712)
    __lit__00000000                          0x080001ec   Data           4  entry2.o(.ARM.Collect$$$$00002712)
    .text                                    0x080001f0   Section       36  startup_stm32g431xx.o(.text)
    $v0                                      0x080001f0   Number         0  startup_stm32g431xx.o(.text)
    .text                                    0x08000214   Section        0  memseta.o(.text)
    .text                                    0x08000238   Section        0  dadd.o(.text)
    .text                                    0x08000386   Section        0  dmul.o(.text)
    .text                                    0x0800046a   Section        0  ddiv.o(.text)
    .text                                    0x08000548   Section        0  dflti.o(.text)
    .text                                    0x0800056a   Section        0  dfltui.o(.text)
    .text                                    0x08000584   Section        0  dfixui.o(.text)
    .text                                    0x080005b6   Section        0  f2d.o(.text)
    .text                                    0x080005dc   Section       48  cdcmple.o(.text)
    .text                                    0x0800060c   Section        0  d2f.o(.text)
    .text                                    0x08000644   Section        0  uidiv.o(.text)
    .text                                    0x08000670   Section        0  uldiv.o(.text)
    .text                                    0x080006d2   Section        0  llshl.o(.text)
    .text                                    0x080006f0   Section        0  llushr.o(.text)
    .text                                    0x08000710   Section        0  llsshr.o(.text)
    .text                                    0x08000734   Section        0  fepilogue.o(.text)
    .text                                    0x08000734   Section        0  iusefp.o(.text)
    .text                                    0x080007a2   Section        0  depilogue.o(.text)
    .text                                    0x0800085c   Section        0  dfixul.o(.text)
    .text                                    0x0800088c   Section       48  cdrcmple.o(.text)
    .text                                    0x080008bc   Section       36  init.o(.text)
    i.ADC_Disable                            0x080008e0   Section        0  stm32g4xx_hal_adc.o(i.ADC_Disable)
    i.ADC_Enable                             0x08000974   Section        0  stm32g4xx_hal_adc.o(i.ADC_Enable)
    i.BusFault_Handler                       0x08000a3c   Section        0  stm32g4xx_it.o(i.BusFault_Handler)
    i.DebugMon_Handler                       0x08000a40   Section        0  stm32g4xx_it.o(i.DebugMon_Handler)
    i.Delay_LCD                              0x08000a42   Section        0  lcd.o(i.Delay_LCD)
    i.Error_Handler                          0x08000a60   Section        0  main.o(i.Error_Handler)
    i.HAL_ADCEx_Calibration_Start            0x08000a68   Section        0  stm32g4xx_hal_adc_ex.o(i.HAL_ADCEx_Calibration_Start)
    i.HAL_ADC_ConfigChannel                  0x08000b18   Section        0  stm32g4xx_hal_adc.o(i.HAL_ADC_ConfigChannel)
    i.HAL_ADC_GetValue                       0x08001020   Section        0  stm32g4xx_hal_adc.o(i.HAL_ADC_GetValue)
    i.HAL_ADC_Init                           0x08001028   Section        0  stm32g4xx_hal_adc.o(i.HAL_ADC_Init)
    i.HAL_ADC_MspInit                        0x08001284   Section        0  adc.o(i.HAL_ADC_MspInit)
    i.HAL_ADC_Start                          0x08001314   Section        0  stm32g4xx_hal_adc.o(i.HAL_ADC_Start)
    i.HAL_Delay                              0x08001430   Section        0  stm32g4xx_hal.o(i.HAL_Delay)
    i.HAL_GPIO_Init                          0x08001458   Section        0  stm32g4xx_hal_gpio.o(i.HAL_GPIO_Init)
    i.HAL_GPIO_ReadPin                       0x08001634   Section        0  stm32g4xx_hal_gpio.o(i.HAL_GPIO_ReadPin)
    i.HAL_GPIO_TogglePin                     0x08001644   Section        0  stm32g4xx_hal_gpio.o(i.HAL_GPIO_TogglePin)
    i.HAL_GPIO_WritePin                      0x08001658   Section        0  stm32g4xx_hal_gpio.o(i.HAL_GPIO_WritePin)
    i.HAL_GetTick                            0x08001664   Section        0  stm32g4xx_hal.o(i.HAL_GetTick)
    i.HAL_IncTick                            0x08001670   Section        0  stm32g4xx_hal.o(i.HAL_IncTick)
    i.HAL_Init                               0x08001688   Section        0  stm32g4xx_hal.o(i.HAL_Init)
    i.HAL_InitTick                           0x080016a8   Section        0  stm32g4xx_hal.o(i.HAL_InitTick)
    i.HAL_MspInit                            0x08001700   Section        0  stm32g4xx_hal_msp.o(i.HAL_MspInit)
    i.HAL_NVIC_EnableIRQ                     0x08001744   Section        0  stm32g4xx_hal_cortex.o(i.HAL_NVIC_EnableIRQ)
    i.HAL_NVIC_SetPriority                   0x0800176c   Section        0  stm32g4xx_hal_cortex.o(i.HAL_NVIC_SetPriority)
    i.HAL_NVIC_SetPriorityGrouping           0x080017e8   Section        0  stm32g4xx_hal_cortex.o(i.HAL_NVIC_SetPriorityGrouping)
    i.HAL_PWREx_ControlVoltageScaling        0x08001810   Section        0  stm32g4xx_hal_pwr_ex.o(i.HAL_PWREx_ControlVoltageScaling)
    i.HAL_PWREx_DisableUCPDDeadBattery       0x08001928   Section        0  stm32g4xx_hal_pwr_ex.o(i.HAL_PWREx_DisableUCPDDeadBattery)
    i.HAL_RCCEx_PeriphCLKConfig              0x0800193c   Section        0  stm32g4xx_hal_rcc_ex.o(i.HAL_RCCEx_PeriphCLKConfig)
    i.HAL_RCC_ClockConfig                    0x08001cac   Section        0  stm32g4xx_hal_rcc.o(i.HAL_RCC_ClockConfig)
    i.HAL_RCC_GetSysClockFreq                0x08001ed0   Section        0  stm32g4xx_hal_rcc.o(i.HAL_RCC_GetSysClockFreq)
    i.HAL_RCC_OscConfig                      0x08001f68   Section        0  stm32g4xx_hal_rcc.o(i.HAL_RCC_OscConfig)
    i.HAL_SYSTICK_Config                     0x080024c4   Section        0  stm32g4xx_hal_cortex.o(i.HAL_SYSTICK_Config)
    i.HAL_TIMEx_Break2Callback               0x080024f8   Section        0  stm32g4xx_hal_tim_ex.o(i.HAL_TIMEx_Break2Callback)
    i.HAL_TIMEx_BreakCallback                0x080024fa   Section        0  stm32g4xx_hal_tim_ex.o(i.HAL_TIMEx_BreakCallback)
    i.HAL_TIMEx_CommutCallback               0x080024fc   Section        0  stm32g4xx_hal_tim_ex.o(i.HAL_TIMEx_CommutCallback)
    i.HAL_TIMEx_DirectionChangeCallback      0x080024fe   Section        0  stm32g4xx_hal_tim_ex.o(i.HAL_TIMEx_DirectionChangeCallback)
    i.HAL_TIMEx_EncoderIndexCallback         0x08002500   Section        0  stm32g4xx_hal_tim_ex.o(i.HAL_TIMEx_EncoderIndexCallback)
    i.HAL_TIMEx_IndexErrorCallback           0x08002502   Section        0  stm32g4xx_hal_tim_ex.o(i.HAL_TIMEx_IndexErrorCallback)
    i.HAL_TIMEx_MasterConfigSynchronization  0x08002504   Section        0  stm32g4xx_hal_tim_ex.o(i.HAL_TIMEx_MasterConfigSynchronization)
    i.HAL_TIMEx_TransitionErrorCallback      0x080025bc   Section        0  stm32g4xx_hal_tim_ex.o(i.HAL_TIMEx_TransitionErrorCallback)
    i.HAL_TIM_Base_Init                      0x080025be   Section        0  stm32g4xx_hal_tim.o(i.HAL_TIM_Base_Init)
    i.HAL_TIM_Base_MspInit                   0x0800262c   Section        0  tim.o(i.HAL_TIM_Base_MspInit)
    i.HAL_TIM_Base_Start_IT                  0x080026ec   Section        0  stm32g4xx_hal_tim.o(i.HAL_TIM_Base_Start_IT)
    i.HAL_TIM_ConfigClockSource              0x08002788   Section        0  stm32g4xx_hal_tim.o(i.HAL_TIM_ConfigClockSource)
    i.HAL_TIM_IC_CaptureCallback             0x080028bc   Section        0  pwm_in.o(i.HAL_TIM_IC_CaptureCallback)
    i.HAL_TIM_IC_ConfigChannel               0x080028d4   Section        0  stm32g4xx_hal_tim.o(i.HAL_TIM_IC_ConfigChannel)
    i.HAL_TIM_IC_Init                        0x080029b2   Section        0  stm32g4xx_hal_tim.o(i.HAL_TIM_IC_Init)
    i.HAL_TIM_IC_MspInit                     0x08002a20   Section        0  stm32g4xx_hal_tim.o(i.HAL_TIM_IC_MspInit)
    i.HAL_TIM_IC_Start_IT                    0x08002a24   Section        0  stm32g4xx_hal_tim.o(i.HAL_TIM_IC_Start_IT)
    i.HAL_TIM_IRQHandler                     0x08002bd4   Section        0  stm32g4xx_hal_tim.o(i.HAL_TIM_IRQHandler)
    i.HAL_TIM_MspPostInit                    0x08002df4   Section        0  tim.o(i.HAL_TIM_MspPostInit)
    i.HAL_TIM_OC_DelayElapsedCallback        0x08002e48   Section        0  stm32g4xx_hal_tim.o(i.HAL_TIM_OC_DelayElapsedCallback)
    i.HAL_TIM_PWM_ConfigChannel              0x08002e4a   Section        0  stm32g4xx_hal_tim.o(i.HAL_TIM_PWM_ConfigChannel)
    i.HAL_TIM_PWM_Init                       0x08002fba   Section        0  stm32g4xx_hal_tim.o(i.HAL_TIM_PWM_Init)
    i.HAL_TIM_PWM_MspInit                    0x08003028   Section        0  tim.o(i.HAL_TIM_PWM_MspInit)
    i.HAL_TIM_PWM_PulseFinishedCallback      0x08003054   Section        0  stm32g4xx_hal_tim.o(i.HAL_TIM_PWM_PulseFinishedCallback)
    i.HAL_TIM_PWM_Start                      0x08003058   Section        0  stm32g4xx_hal_tim.o(i.HAL_TIM_PWM_Start)
    i.HAL_TIM_PeriodElapsedCallback          0x080031a4   Section        0  task.o(i.HAL_TIM_PeriodElapsedCallback)
    i.HAL_TIM_ReadCapturedValue              0x080031c8   Section        0  stm32g4xx_hal_tim.o(i.HAL_TIM_ReadCapturedValue)
    i.HAL_TIM_TriggerCallback                0x080031fa   Section        0  stm32g4xx_hal_tim.o(i.HAL_TIM_TriggerCallback)
    i.HardFault_Handler                      0x080031fc   Section        0  stm32g4xx_it.o(i.HardFault_Handler)
    i.LCD_BusIn                              0x08003200   Section        0  lcd.o(i.LCD_BusIn)
    i.LCD_BusOut                             0x08003230   Section        0  lcd.o(i.LCD_BusOut)
    i.LCD_Clear                              0x08003260   Section        0  lcd.o(i.LCD_Clear)
    i.LCD_CtrlLinesConfig                    0x080032ac   Section        0  lcd.o(i.LCD_CtrlLinesConfig)
    i.LCD_DisplayChar                        0x0800336c   Section        0  lcd.o(i.LCD_DisplayChar)
    i.LCD_DisplayStringLine                  0x08003394   Section        0  lcd.o(i.LCD_DisplayStringLine)
    i.LCD_DrawChar                           0x080033ec   Section        0  lcd.o(i.LCD_DrawChar)
    i.LCD_Init                               0x08003458   Section        0  lcd.o(i.LCD_Init)
    i.LCD_ReadReg                            0x080034b4   Section        0  lcd.o(i.LCD_ReadReg)
    i.LCD_SetBackColor                       0x08003560   Section        0  lcd.o(i.LCD_SetBackColor)
    i.LCD_SetCursor                          0x08003570   Section        0  lcd.o(i.LCD_SetCursor)
    i.LCD_SetTextColor                       0x08003588   Section        0  lcd.o(i.LCD_SetTextColor)
    i.LCD_WriteRAM                           0x08003598   Section        0  lcd.o(i.LCD_WriteRAM)
    i.LCD_WriteRAM_Prepare                   0x08003610   Section        0  lcd.o(i.LCD_WriteRAM_Prepare)
    i.LCD_WriteReg                           0x08003688   Section        0  lcd.o(i.LCD_WriteReg)
    i.LL_ADC_Enable                          0x08003718   Section        0  stm32g4xx_hal_adc.o(i.LL_ADC_Enable)
    LL_ADC_Enable                            0x08003719   Thumb Code    12  stm32g4xx_hal_adc.o(i.LL_ADC_Enable)
    i.LL_ADC_GetMultimode                    0x08003728   Section        0  stm32g4xx_hal_adc.o(i.LL_ADC_GetMultimode)
    LL_ADC_GetMultimode                      0x08003729   Thumb Code    10  stm32g4xx_hal_adc.o(i.LL_ADC_GetMultimode)
    i.LL_ADC_GetOffsetChannel                0x08003732   Section        0  stm32g4xx_hal_adc.o(i.LL_ADC_GetOffsetChannel)
    LL_ADC_GetOffsetChannel                  0x08003733   Thumb Code    18  stm32g4xx_hal_adc.o(i.LL_ADC_GetOffsetChannel)
    i.LL_ADC_INJ_IsConversionOngoing         0x08003744   Section        0  stm32g4xx_hal_adc.o(i.LL_ADC_INJ_IsConversionOngoing)
    LL_ADC_INJ_IsConversionOngoing           0x08003745   Thumb Code    10  stm32g4xx_hal_adc.o(i.LL_ADC_INJ_IsConversionOngoing)
    i.LL_ADC_IsDisableOngoing                0x0800374e   Section        0  stm32g4xx_hal_adc.o(i.LL_ADC_IsDisableOngoing)
    LL_ADC_IsDisableOngoing                  0x0800374f   Thumb Code    10  stm32g4xx_hal_adc.o(i.LL_ADC_IsDisableOngoing)
    i.LL_ADC_IsEnabled                       0x08003758   Section        0  stm32g4xx_hal_adc.o(i.LL_ADC_IsEnabled)
    LL_ADC_IsEnabled                         0x08003759   Thumb Code    10  stm32g4xx_hal_adc.o(i.LL_ADC_IsEnabled)
    i.LL_ADC_IsInternalRegulatorEnabled      0x08003762   Section        0  stm32g4xx_hal_adc.o(i.LL_ADC_IsInternalRegulatorEnabled)
    LL_ADC_IsInternalRegulatorEnabled        0x08003763   Thumb Code    10  stm32g4xx_hal_adc.o(i.LL_ADC_IsInternalRegulatorEnabled)
    i.LL_ADC_REG_IsConversionOngoing         0x0800376c   Section        0  stm32g4xx_hal_adc.o(i.LL_ADC_REG_IsConversionOngoing)
    LL_ADC_REG_IsConversionOngoing           0x0800376d   Thumb Code    10  stm32g4xx_hal_adc.o(i.LL_ADC_REG_IsConversionOngoing)
    i.LL_ADC_REG_StartConversion             0x08003778   Section        0  stm32g4xx_hal_adc.o(i.LL_ADC_REG_StartConversion)
    LL_ADC_REG_StartConversion               0x08003779   Thumb Code    12  stm32g4xx_hal_adc.o(i.LL_ADC_REG_StartConversion)
    i.LL_ADC_SetChannelSamplingTime          0x08003788   Section        0  stm32g4xx_hal_adc.o(i.LL_ADC_SetChannelSamplingTime)
    LL_ADC_SetChannelSamplingTime            0x08003789   Thumb Code    40  stm32g4xx_hal_adc.o(i.LL_ADC_SetChannelSamplingTime)
    i.LL_ADC_SetCommonPathInternalCh         0x080037b0   Section        0  stm32g4xx_hal_adc.o(i.LL_ADC_SetCommonPathInternalCh)
    LL_ADC_SetCommonPathInternalCh           0x080037b1   Thumb Code    12  stm32g4xx_hal_adc.o(i.LL_ADC_SetCommonPathInternalCh)
    i.LL_ADC_SetOffsetState                  0x080037bc   Section        0  stm32g4xx_hal_adc.o(i.LL_ADC_SetOffsetState)
    LL_ADC_SetOffsetState                    0x080037bd   Thumb Code    22  stm32g4xx_hal_adc.o(i.LL_ADC_SetOffsetState)
    i.LL_ADC_SetSamplingTimeCommonConfig     0x080037d2   Section        0  stm32g4xx_hal_adc.o(i.LL_ADC_SetSamplingTimeCommonConfig)
    LL_ADC_SetSamplingTimeCommonConfig       0x080037d3   Thumb Code    12  stm32g4xx_hal_adc.o(i.LL_ADC_SetSamplingTimeCommonConfig)
    i.MX_ADC2_Init                           0x080037e0   Section        0  adc.o(i.MX_ADC2_Init)
    i.MX_GPIO_Init                           0x08003864   Section        0  gpio.o(i.MX_GPIO_Init)
    i.MX_TIM17_Init                          0x080039dc   Section        0  tim.o(i.MX_TIM17_Init)
    i.MX_TIM2_Init                           0x08003a44   Section        0  tim.o(i.MX_TIM2_Init)
    i.MX_TIM4_Init                           0x08003abc   Section        0  tim.o(i.MX_TIM4_Init)
    i.MemManage_Handler                      0x08003b2c   Section        0  stm32g4xx_it.o(i.MemManage_Handler)
    i.NMI_Handler                            0x08003b30   Section        0  stm32g4xx_it.o(i.NMI_Handler)
    i.PendSV_Handler                         0x08003b34   Section        0  stm32g4xx_it.o(i.PendSV_Handler)
    i.RCC_GetSysClockFreqFromPLLSource       0x08003b38   Section        0  stm32g4xx_hal_rcc.o(i.RCC_GetSysClockFreqFromPLLSource)
    RCC_GetSysClockFreqFromPLLSource         0x08003b39   Thumb Code    90  stm32g4xx_hal_rcc.o(i.RCC_GetSysClockFreqFromPLLSource)
    i.REG_8230_Init                          0x08003ba0   Section        0  lcd.o(i.REG_8230_Init)
    i.REG_932X_Init                          0x08003cc0   Section        0  lcd.o(i.REG_932X_Init)
    i.SVC_Handler                            0x08003ec0   Section        0  stm32g4xx_it.o(i.SVC_Handler)
    i.SysTick_Handler                        0x08003ec2   Section        0  stm32g4xx_it.o(i.SysTick_Handler)
    i.SystemClock_Config                     0x08003eca   Section        0  main.o(i.SystemClock_Config)
    i.SystemInit                             0x08003f34   Section        0  system_stm32g4xx.o(i.SystemInit)
    i.TIM1_TRG_COM_TIM17_IRQHandler          0x08003f48   Section        0  stm32g4xx_it.o(i.TIM1_TRG_COM_TIM17_IRQHandler)
    i.TIM4_IRQHandler                        0x08003f58   Section        0  stm32g4xx_it.o(i.TIM4_IRQHandler)
    i.TIM_Base_SetConfig                     0x08003f68   Section        0  stm32g4xx_hal_tim.o(i.TIM_Base_SetConfig)
    i.TIM_CCxChannelCmd                      0x0800402c   Section        0  stm32g4xx_hal_tim.o(i.TIM_CCxChannelCmd)
    i.TIM_ETR_SetConfig                      0x0800404e   Section        0  stm32g4xx_hal_tim.o(i.TIM_ETR_SetConfig)
    i.TIM_ITRx_SetConfig                     0x08004064   Section        0  stm32g4xx_hal_tim.o(i.TIM_ITRx_SetConfig)
    TIM_ITRx_SetConfig                       0x08004065   Thumb Code    18  stm32g4xx_hal_tim.o(i.TIM_ITRx_SetConfig)
    i.TIM_OC1_SetConfig                      0x0800407c   Section        0  stm32g4xx_hal_tim.o(i.TIM_OC1_SetConfig)
    TIM_OC1_SetConfig                        0x0800407d   Thumb Code   150  stm32g4xx_hal_tim.o(i.TIM_OC1_SetConfig)
    i.TIM_OC2_SetConfig                      0x0800412c   Section        0  stm32g4xx_hal_tim.o(i.TIM_OC2_SetConfig)
    i.TIM_OC3_SetConfig                      0x080041e4   Section        0  stm32g4xx_hal_tim.o(i.TIM_OC3_SetConfig)
    TIM_OC3_SetConfig                        0x080041e5   Thumb Code   158  stm32g4xx_hal_tim.o(i.TIM_OC3_SetConfig)
    i.TIM_OC4_SetConfig                      0x0800429c   Section        0  stm32g4xx_hal_tim.o(i.TIM_OC4_SetConfig)
    TIM_OC4_SetConfig                        0x0800429d   Thumb Code   160  stm32g4xx_hal_tim.o(i.TIM_OC4_SetConfig)
    i.TIM_OC5_SetConfig                      0x08004354   Section        0  stm32g4xx_hal_tim.o(i.TIM_OC5_SetConfig)
    TIM_OC5_SetConfig                        0x08004355   Thumb Code    86  stm32g4xx_hal_tim.o(i.TIM_OC5_SetConfig)
    i.TIM_OC6_SetConfig                      0x080043c4   Section        0  stm32g4xx_hal_tim.o(i.TIM_OC6_SetConfig)
    TIM_OC6_SetConfig                        0x080043c5   Thumb Code    88  stm32g4xx_hal_tim.o(i.TIM_OC6_SetConfig)
    i.TIM_TI1_ConfigInputStage               0x08004434   Section        0  stm32g4xx_hal_tim.o(i.TIM_TI1_ConfigInputStage)
    TIM_TI1_ConfigInputStage                 0x08004435   Thumb Code    86  stm32g4xx_hal_tim.o(i.TIM_TI1_ConfigInputStage)
    i.TIM_TI1_SetConfig                      0x080044a0   Section        0  stm32g4xx_hal_tim.o(i.TIM_TI1_SetConfig)
    i.TIM_TI2_ConfigInputStage               0x08004554   Section        0  stm32g4xx_hal_tim.o(i.TIM_TI2_ConfigInputStage)
    TIM_TI2_ConfigInputStage                 0x08004555   Thumb Code    88  stm32g4xx_hal_tim.o(i.TIM_TI2_ConfigInputStage)
    i.TIM_TI2_SetConfig                      0x080045c0   Section        0  stm32g4xx_hal_tim.o(i.TIM_TI2_SetConfig)
    TIM_TI2_SetConfig                        0x080045c1   Thumb Code   106  stm32g4xx_hal_tim.o(i.TIM_TI2_SetConfig)
    i.TIM_TI3_SetConfig                      0x08004640   Section        0  stm32g4xx_hal_tim.o(i.TIM_TI3_SetConfig)
    TIM_TI3_SetConfig                        0x08004641   Thumb Code   104  stm32g4xx_hal_tim.o(i.TIM_TI3_SetConfig)
    i.TIM_TI4_SetConfig                      0x080046bc   Section        0  stm32g4xx_hal_tim.o(i.TIM_TI4_SetConfig)
    TIM_TI4_SetConfig                        0x080046bd   Thumb Code   108  stm32g4xx_hal_tim.o(i.TIM_TI4_SetConfig)
    i.UsageFault_Handler                     0x0800473c   Section        0  stm32g4xx_it.o(i.UsageFault_Handler)
    i.__0sprintf                             0x08004740   Section        0  printfa.o(i.__0sprintf)
    i.__NVIC_GetPriorityGrouping             0x08004768   Section        0  stm32g4xx_hal_cortex.o(i.__NVIC_GetPriorityGrouping)
    __NVIC_GetPriorityGrouping               0x08004769   Thumb Code    10  stm32g4xx_hal_cortex.o(i.__NVIC_GetPriorityGrouping)
    i.__NVIC_SetPriority                     0x08004778   Section        0  stm32g4xx_hal_cortex.o(i.__NVIC_SetPriority)
    __NVIC_SetPriority                       0x08004779   Thumb Code    32  stm32g4xx_hal_cortex.o(i.__NVIC_SetPriority)
    i.__scatterload_copy                     0x080047a0   Section       14  handlers.o(i.__scatterload_copy)
    i.__scatterload_null                     0x080047ae   Section        2  handlers.o(i.__scatterload_null)
    i.__scatterload_zeroinit                 0x080047b0   Section       14  handlers.o(i.__scatterload_zeroinit)
    i._fp_digits                             0x080047c0   Section        0  printfa.o(i._fp_digits)
    _fp_digits                               0x080047c1   Thumb Code   366  printfa.o(i._fp_digits)
    i._printf_core                           0x08004944   Section        0  printfa.o(i._printf_core)
    _printf_core                             0x08004945   Thumb Code  1704  printfa.o(i._printf_core)
    i._printf_post_padding                   0x08004ff8   Section        0  printfa.o(i._printf_post_padding)
    _printf_post_padding                     0x08004ff9   Thumb Code    36  printfa.o(i._printf_post_padding)
    i._printf_pre_padding                    0x0800501c   Section        0  printfa.o(i._printf_pre_padding)
    _printf_pre_padding                      0x0800501d   Thumb Code    46  printfa.o(i._printf_pre_padding)
    i._sputc                                 0x0800504a   Section        0  printfa.o(i._sputc)
    _sputc                                   0x0800504b   Thumb Code    10  printfa.o(i._sputc)
    i.duty_set                               0x08005054   Section        0  adc_samp.o(i.duty_set)
    i.key_scan                               0x08005148   Section        0  key.o(i.key_scan)
    i.lcd_show                               0x08005434   Section        0  lcd_bsp.o(i.lcd_show)
    i.led_show                               0x0800564c   Section        0  led.o(i.led_show)
    i.main                                   0x080056ec   Section        0  main.o(i.main)
    i.max_speed                              0x08005780   Section        0  pwm_in.o(i.max_speed)
    i.pwm_out                                0x08005874   Section        0  pwm_out.o(i.pwm_out)
    i.vel_meas                               0x08005924   Section        0  pwm_in.o(i.vel_meas)
    .constdata                               0x08005948   Section       24  system_stm32g4xx.o(.constdata)
    .constdata                               0x08005960   Section     4560  lcd.o(.constdata)
    .data                                    0x20000000   Section       12  stm32g4xx_hal.o(.data)
    .data                                    0x2000000c   Section        4  system_stm32g4xx.o(.data)
    .data                                    0x20000010   Section        1  adc_samp.o(.data)
    .data                                    0x20000011   Section        1  pwm_out.o(.data)
    .data                                    0x20000014   Section       20  pwm_in.o(.data)
    .data                                    0x20000028   Section       29  key.o(.data)
    flag1                                    0x20000041   Data           1  key.o(.data)
    flag2                                    0x20000042   Data           1  key.o(.data)
    flag3                                    0x20000043   Data           1  key.o(.data)
    flag4                                    0x20000044   Data           1  key.o(.data)
    .data                                    0x20000046   Section        6  lcd.o(.data)
    TextColor                                0x20000046   Data           2  lcd.o(.data)
    BackColor                                0x20000048   Data           2  lcd.o(.data)
    .bss                                     0x2000004c   Section      108  adc.o(.bss)
    .bss                                     0x200000b8   Section      228  tim.o(.bss)
    .bss                                     0x2000019c   Section       20  lcd_bsp.o(.bss)
    STACK                                    0x200001b0   Section     1024  startup_stm32g431xx.o(STACK)

    Global Symbols

    Symbol Name                              Value     Ov Type        Size  Object(Section)

    BuildAttributes$$THM_ISAv4$E$P$D$K$B$S$7EM$VFPi3$EXTD16$VFPS$VFMA$PE$A:L22UL41UL21$X:L11$S22US41US21$IEEE1$IW$USESV6$~STKCKD$USESV7$~SHL$OTIME$ROPI$EBA8$MICROLIB$REQ8$PRES8$EABIv2 0x00000000   Number         0  anon$$obj.o ABSOLUTE
    __ARM_use_no_argv                        0x00000000   Number         0  main.o ABSOLUTE
    _printf_a                                0x00000000   Number         0  stubs.o ABSOLUTE
    _printf_c                                0x00000000   Number         0  stubs.o ABSOLUTE
    _printf_charcount                        0x00000000   Number         0  stubs.o ABSOLUTE
    _printf_d                                0x00000000   Number         0  stubs.o ABSOLUTE
    _printf_e                                0x00000000   Number         0  stubs.o ABSOLUTE
    _printf_f                                0x00000000   Number         0  stubs.o ABSOLUTE
    _printf_flags                            0x00000000   Number         0  stubs.o ABSOLUTE
    _printf_fp_dec                           0x00000000   Number         0  stubs.o ABSOLUTE
    _printf_fp_hex                           0x00000000   Number         0  stubs.o ABSOLUTE
    _printf_g                                0x00000000   Number         0  stubs.o ABSOLUTE
    _printf_i                                0x00000000   Number         0  stubs.o ABSOLUTE
    _printf_int_dec                          0x00000000   Number         0  stubs.o ABSOLUTE
    _printf_l                                0x00000000   Number         0  stubs.o ABSOLUTE
    _printf_lc                               0x00000000   Number         0  stubs.o ABSOLUTE
    _printf_ll                               0x00000000   Number         0  stubs.o ABSOLUTE
    _printf_lld                              0x00000000   Number         0  stubs.o ABSOLUTE
    _printf_lli                              0x00000000   Number         0  stubs.o ABSOLUTE
    _printf_llo                              0x00000000   Number         0  stubs.o ABSOLUTE
    _printf_llu                              0x00000000   Number         0  stubs.o ABSOLUTE
    _printf_llx                              0x00000000   Number         0  stubs.o ABSOLUTE
    _printf_longlong_dec                     0x00000000   Number         0  stubs.o ABSOLUTE
    _printf_longlong_hex                     0x00000000   Number         0  stubs.o ABSOLUTE
    _printf_longlong_oct                     0x00000000   Number         0  stubs.o ABSOLUTE
    _printf_ls                               0x00000000   Number         0  stubs.o ABSOLUTE
    _printf_mbtowc                           0x00000000   Number         0  stubs.o ABSOLUTE
    _printf_n                                0x00000000   Number         0  stubs.o ABSOLUTE
    _printf_o                                0x00000000   Number         0  stubs.o ABSOLUTE
    _printf_p                                0x00000000   Number         0  stubs.o ABSOLUTE
    _printf_percent                          0x00000000   Number         0  stubs.o ABSOLUTE
    _printf_pre_padding                      0x00000000   Number         0  stubs.o ABSOLUTE
    _printf_return_value                     0x00000000   Number         0  stubs.o ABSOLUTE
    _printf_s                                0x00000000   Number         0  stubs.o ABSOLUTE
    _printf_sizespec                         0x00000000   Number         0  stubs.o ABSOLUTE
    _printf_str                              0x00000000   Number         0  stubs.o ABSOLUTE
    _printf_truncate_signed                  0x00000000   Number         0  stubs.o ABSOLUTE
    _printf_truncate_unsigned                0x00000000   Number         0  stubs.o ABSOLUTE
    _printf_u                                0x00000000   Number         0  stubs.o ABSOLUTE
    _printf_wc                               0x00000000   Number         0  stubs.o ABSOLUTE
    _printf_wctomb                           0x00000000   Number         0  stubs.o ABSOLUTE
    _printf_widthprec                        0x00000000   Number         0  stubs.o ABSOLUTE
    _printf_x                                0x00000000   Number         0  stubs.o ABSOLUTE
    __arm_fini_                               - Undefined Weak Reference
    __cpp_initialize__aeabi_                  - Undefined Weak Reference
    __cxa_finalize                            - Undefined Weak Reference
    __decompress                              - Undefined Weak Reference
    _clock_init                               - Undefined Weak Reference
    _microlib_exit                            - Undefined Weak Reference
    __Vectors_Size                           0x000001d8   Number         0  startup_stm32g431xx.o ABSOLUTE
    __Vectors                                0x08000000   Data           4  startup_stm32g431xx.o(RESET)
    __Vectors_End                            0x080001d8   Data           0  startup_stm32g431xx.o(RESET)
    __main                                   0x080001d9   Thumb Code     0  entry.o(.ARM.Collect$$$$00000000)
    _main_stk                                0x080001d9   Thumb Code     0  entry2.o(.ARM.Collect$$$$00000001)
    _main_scatterload                        0x080001dd   Thumb Code     0  entry5.o(.ARM.Collect$$$$00000004)
    __main_after_scatterload                 0x080001e1   Thumb Code     0  entry5.o(.ARM.Collect$$$$00000004)
    _main_clock                              0x080001e1   Thumb Code     0  entry7b.o(.ARM.Collect$$$$00000008)
    _main_cpp_init                           0x080001e1   Thumb Code     0  entry8b.o(.ARM.Collect$$$$0000000A)
    _main_init                               0x080001e1   Thumb Code     0  entry9a.o(.ARM.Collect$$$$0000000B)
    __rt_lib_shutdown_fini                   0x080001e9   Thumb Code     0  entry12b.o(.ARM.Collect$$$$0000000E)
    __rt_final_cpp                           0x080001ed   Thumb Code     0  entry10a.o(.ARM.Collect$$$$0000000F)
    __rt_final_exit                          0x080001ed   Thumb Code     0  entry11a.o(.ARM.Collect$$$$00000011)
    Reset_Handler                            0x080001f1   Thumb Code     8  startup_stm32g431xx.o(.text)
    ADC1_2_IRQHandler                        0x0800020b   Thumb Code     0  startup_stm32g431xx.o(.text)
    COMP1_2_3_IRQHandler                     0x0800020b   Thumb Code     0  startup_stm32g431xx.o(.text)
    COMP4_IRQHandler                         0x0800020b   Thumb Code     0  startup_stm32g431xx.o(.text)
    CORDIC_IRQHandler                        0x0800020b   Thumb Code     0  startup_stm32g431xx.o(.text)
    CRS_IRQHandler                           0x0800020b   Thumb Code     0  startup_stm32g431xx.o(.text)
    DMA1_Channel1_IRQHandler                 0x0800020b   Thumb Code     0  startup_stm32g431xx.o(.text)
    DMA1_Channel2_IRQHandler                 0x0800020b   Thumb Code     0  startup_stm32g431xx.o(.text)
    DMA1_Channel3_IRQHandler                 0x0800020b   Thumb Code     0  startup_stm32g431xx.o(.text)
    DMA1_Channel4_IRQHandler                 0x0800020b   Thumb Code     0  startup_stm32g431xx.o(.text)
    DMA1_Channel5_IRQHandler                 0x0800020b   Thumb Code     0  startup_stm32g431xx.o(.text)
    DMA1_Channel6_IRQHandler                 0x0800020b   Thumb Code     0  startup_stm32g431xx.o(.text)
    DMA2_Channel1_IRQHandler                 0x0800020b   Thumb Code     0  startup_stm32g431xx.o(.text)
    DMA2_Channel2_IRQHandler                 0x0800020b   Thumb Code     0  startup_stm32g431xx.o(.text)
    DMA2_Channel3_IRQHandler                 0x0800020b   Thumb Code     0  startup_stm32g431xx.o(.text)
    DMA2_Channel4_IRQHandler                 0x0800020b   Thumb Code     0  startup_stm32g431xx.o(.text)
    DMA2_Channel5_IRQHandler                 0x0800020b   Thumb Code     0  startup_stm32g431xx.o(.text)
    DMA2_Channel6_IRQHandler                 0x0800020b   Thumb Code     0  startup_stm32g431xx.o(.text)
    DMAMUX_OVR_IRQHandler                    0x0800020b   Thumb Code     0  startup_stm32g431xx.o(.text)
    EXTI0_IRQHandler                         0x0800020b   Thumb Code     0  startup_stm32g431xx.o(.text)
    EXTI15_10_IRQHandler                     0x0800020b   Thumb Code     0  startup_stm32g431xx.o(.text)
    EXTI1_IRQHandler                         0x0800020b   Thumb Code     0  startup_stm32g431xx.o(.text)
    EXTI2_IRQHandler                         0x0800020b   Thumb Code     0  startup_stm32g431xx.o(.text)
    EXTI3_IRQHandler                         0x0800020b   Thumb Code     0  startup_stm32g431xx.o(.text)
    EXTI4_IRQHandler                         0x0800020b   Thumb Code     0  startup_stm32g431xx.o(.text)
    EXTI9_5_IRQHandler                       0x0800020b   Thumb Code     0  startup_stm32g431xx.o(.text)
    FDCAN1_IT0_IRQHandler                    0x0800020b   Thumb Code     0  startup_stm32g431xx.o(.text)
    FDCAN1_IT1_IRQHandler                    0x0800020b   Thumb Code     0  startup_stm32g431xx.o(.text)
    FLASH_IRQHandler                         0x0800020b   Thumb Code     0  startup_stm32g431xx.o(.text)
    FMAC_IRQHandler                          0x0800020b   Thumb Code     0  startup_stm32g431xx.o(.text)
    FPU_IRQHandler                           0x0800020b   Thumb Code     0  startup_stm32g431xx.o(.text)
    I2C1_ER_IRQHandler                       0x0800020b   Thumb Code     0  startup_stm32g431xx.o(.text)
    I2C1_EV_IRQHandler                       0x0800020b   Thumb Code     0  startup_stm32g431xx.o(.text)
    I2C2_ER_IRQHandler                       0x0800020b   Thumb Code     0  startup_stm32g431xx.o(.text)
    I2C2_EV_IRQHandler                       0x0800020b   Thumb Code     0  startup_stm32g431xx.o(.text)
    I2C3_ER_IRQHandler                       0x0800020b   Thumb Code     0  startup_stm32g431xx.o(.text)
    I2C3_EV_IRQHandler                       0x0800020b   Thumb Code     0  startup_stm32g431xx.o(.text)
    LPTIM1_IRQHandler                        0x0800020b   Thumb Code     0  startup_stm32g431xx.o(.text)
    LPUART1_IRQHandler                       0x0800020b   Thumb Code     0  startup_stm32g431xx.o(.text)
    PVD_PVM_IRQHandler                       0x0800020b   Thumb Code     0  startup_stm32g431xx.o(.text)
    RCC_IRQHandler                           0x0800020b   Thumb Code     0  startup_stm32g431xx.o(.text)
    RNG_IRQHandler                           0x0800020b   Thumb Code     0  startup_stm32g431xx.o(.text)
    RTC_Alarm_IRQHandler                     0x0800020b   Thumb Code     0  startup_stm32g431xx.o(.text)
    RTC_TAMP_LSECSS_IRQHandler               0x0800020b   Thumb Code     0  startup_stm32g431xx.o(.text)
    RTC_WKUP_IRQHandler                      0x0800020b   Thumb Code     0  startup_stm32g431xx.o(.text)
    SAI1_IRQHandler                          0x0800020b   Thumb Code     0  startup_stm32g431xx.o(.text)
    SPI1_IRQHandler                          0x0800020b   Thumb Code     0  startup_stm32g431xx.o(.text)
    SPI2_IRQHandler                          0x0800020b   Thumb Code     0  startup_stm32g431xx.o(.text)
    SPI3_IRQHandler                          0x0800020b   Thumb Code     0  startup_stm32g431xx.o(.text)
    TIM1_BRK_TIM15_IRQHandler                0x0800020b   Thumb Code     0  startup_stm32g431xx.o(.text)
    TIM1_CC_IRQHandler                       0x0800020b   Thumb Code     0  startup_stm32g431xx.o(.text)
    TIM1_UP_TIM16_IRQHandler                 0x0800020b   Thumb Code     0  startup_stm32g431xx.o(.text)
    TIM2_IRQHandler                          0x0800020b   Thumb Code     0  startup_stm32g431xx.o(.text)
    TIM3_IRQHandler                          0x0800020b   Thumb Code     0  startup_stm32g431xx.o(.text)
    TIM6_DAC_IRQHandler                      0x0800020b   Thumb Code     0  startup_stm32g431xx.o(.text)
    TIM7_IRQHandler                          0x0800020b   Thumb Code     0  startup_stm32g431xx.o(.text)
    TIM8_BRK_IRQHandler                      0x0800020b   Thumb Code     0  startup_stm32g431xx.o(.text)
    TIM8_CC_IRQHandler                       0x0800020b   Thumb Code     0  startup_stm32g431xx.o(.text)
    TIM8_TRG_COM_IRQHandler                  0x0800020b   Thumb Code     0  startup_stm32g431xx.o(.text)
    TIM8_UP_IRQHandler                       0x0800020b   Thumb Code     0  startup_stm32g431xx.o(.text)
    UART4_IRQHandler                         0x0800020b   Thumb Code     0  startup_stm32g431xx.o(.text)
    UCPD1_IRQHandler                         0x0800020b   Thumb Code     0  startup_stm32g431xx.o(.text)
    USART1_IRQHandler                        0x0800020b   Thumb Code     0  startup_stm32g431xx.o(.text)
    USART2_IRQHandler                        0x0800020b   Thumb Code     0  startup_stm32g431xx.o(.text)
    USART3_IRQHandler                        0x0800020b   Thumb Code     0  startup_stm32g431xx.o(.text)
    USBWakeUp_IRQHandler                     0x0800020b   Thumb Code     0  startup_stm32g431xx.o(.text)
    USB_HP_IRQHandler                        0x0800020b   Thumb Code     0  startup_stm32g431xx.o(.text)
    USB_LP_IRQHandler                        0x0800020b   Thumb Code     0  startup_stm32g431xx.o(.text)
    WWDG_IRQHandler                          0x0800020b   Thumb Code     0  startup_stm32g431xx.o(.text)
    __aeabi_memset                           0x08000215   Thumb Code    14  memseta.o(.text)
    __aeabi_memset4                          0x08000215   Thumb Code     0  memseta.o(.text)
    __aeabi_memset8                          0x08000215   Thumb Code     0  memseta.o(.text)
    __aeabi_memclr                           0x08000223   Thumb Code     4  memseta.o(.text)
    __aeabi_memclr4                          0x08000223   Thumb Code     0  memseta.o(.text)
    __aeabi_memclr8                          0x08000223   Thumb Code     0  memseta.o(.text)
    _memset$wrapper                          0x08000227   Thumb Code    18  memseta.o(.text)
    __aeabi_dadd                             0x08000239   Thumb Code   322  dadd.o(.text)
    __aeabi_dsub                             0x0800037b   Thumb Code     6  dadd.o(.text)
    __aeabi_drsub                            0x08000381   Thumb Code     6  dadd.o(.text)
    __aeabi_dmul                             0x08000387   Thumb Code   228  dmul.o(.text)
    __aeabi_ddiv                             0x0800046b   Thumb Code   222  ddiv.o(.text)
    __aeabi_i2d                              0x08000549   Thumb Code    34  dflti.o(.text)
    __aeabi_ui2d                             0x0800056b   Thumb Code    26  dfltui.o(.text)
    __aeabi_d2uiz                            0x08000585   Thumb Code    50  dfixui.o(.text)
    __aeabi_f2d                              0x080005b7   Thumb Code    38  f2d.o(.text)
    __aeabi_cdcmpeq                          0x080005dd   Thumb Code     0  cdcmple.o(.text)
    __aeabi_cdcmple                          0x080005dd   Thumb Code    48  cdcmple.o(.text)
    __aeabi_d2f                              0x0800060d   Thumb Code    56  d2f.o(.text)
    __aeabi_uidiv                            0x08000645   Thumb Code     0  uidiv.o(.text)
    __aeabi_uidivmod                         0x08000645   Thumb Code    44  uidiv.o(.text)
    __aeabi_uldivmod                         0x08000671   Thumb Code    98  uldiv.o(.text)
    __aeabi_llsl                             0x080006d3   Thumb Code    30  llshl.o(.text)
    _ll_shift_l                              0x080006d3   Thumb Code     0  llshl.o(.text)
    __aeabi_llsr                             0x080006f1   Thumb Code    32  llushr.o(.text)
    _ll_ushift_r                             0x080006f1   Thumb Code     0  llushr.o(.text)
    __aeabi_lasr                             0x08000711   Thumb Code    36  llsshr.o(.text)
    _ll_sshift_r                             0x08000711   Thumb Code     0  llsshr.o(.text)
    __I$use$fp                               0x08000735   Thumb Code     0  iusefp.o(.text)
    _float_round                             0x08000735   Thumb Code    18  fepilogue.o(.text)
    _float_epilogue                          0x08000747   Thumb Code    92  fepilogue.o(.text)
    _double_round                            0x080007a3   Thumb Code    30  depilogue.o(.text)
    _double_epilogue                         0x080007c1   Thumb Code   156  depilogue.o(.text)
    __aeabi_d2ulz                            0x0800085d   Thumb Code    48  dfixul.o(.text)
    __aeabi_cdrcmple                         0x0800088d   Thumb Code    48  cdrcmple.o(.text)
    __scatterload                            0x080008bd   Thumb Code    28  init.o(.text)
    __scatterload_rt2                        0x080008bd   Thumb Code     0  init.o(.text)
    ADC_Disable                              0x080008e1   Thumb Code   142  stm32g4xx_hal_adc.o(i.ADC_Disable)
    ADC_Enable                               0x08000975   Thumb Code   182  stm32g4xx_hal_adc.o(i.ADC_Enable)
    BusFault_Handler                         0x08000a3d   Thumb Code     4  stm32g4xx_it.o(i.BusFault_Handler)
    DebugMon_Handler                         0x08000a41   Thumb Code     2  stm32g4xx_it.o(i.DebugMon_Handler)
    Delay_LCD                                0x08000a43   Thumb Code    30  lcd.o(i.Delay_LCD)
    Error_Handler                            0x08000a61   Thumb Code     6  main.o(i.Error_Handler)
    HAL_ADCEx_Calibration_Start              0x08000a69   Thumb Code   166  stm32g4xx_hal_adc_ex.o(i.HAL_ADCEx_Calibration_Start)
    HAL_ADC_ConfigChannel                    0x08000b19   Thumb Code  1252  stm32g4xx_hal_adc.o(i.HAL_ADC_ConfigChannel)
    HAL_ADC_GetValue                         0x08001021   Thumb Code     8  stm32g4xx_hal_adc.o(i.HAL_ADC_GetValue)
    HAL_ADC_Init                             0x08001029   Thumb Code   576  stm32g4xx_hal_adc.o(i.HAL_ADC_Init)
    HAL_ADC_MspInit                          0x08001285   Thumb Code   130  adc.o(i.HAL_ADC_MspInit)
    HAL_ADC_Start                            0x08001315   Thumb Code   276  stm32g4xx_hal_adc.o(i.HAL_ADC_Start)
    HAL_Delay                                0x08001431   Thumb Code    36  stm32g4xx_hal.o(i.HAL_Delay)
    HAL_GPIO_Init                            0x08001459   Thumb Code   442  stm32g4xx_hal_gpio.o(i.HAL_GPIO_Init)
    HAL_GPIO_ReadPin                         0x08001635   Thumb Code    16  stm32g4xx_hal_gpio.o(i.HAL_GPIO_ReadPin)
    HAL_GPIO_TogglePin                       0x08001645   Thumb Code    20  stm32g4xx_hal_gpio.o(i.HAL_GPIO_TogglePin)
    HAL_GPIO_WritePin                        0x08001659   Thumb Code    10  stm32g4xx_hal_gpio.o(i.HAL_GPIO_WritePin)
    HAL_GetTick                              0x08001665   Thumb Code     6  stm32g4xx_hal.o(i.HAL_GetTick)
    HAL_IncTick                              0x08001671   Thumb Code    16  stm32g4xx_hal.o(i.HAL_IncTick)
    HAL_Init                                 0x08001689   Thumb Code    30  stm32g4xx_hal.o(i.HAL_Init)
    HAL_InitTick                             0x080016a9   Thumb Code    74  stm32g4xx_hal.o(i.HAL_InitTick)
    HAL_MspInit                              0x08001701   Thumb Code    62  stm32g4xx_hal_msp.o(i.HAL_MspInit)
    HAL_NVIC_EnableIRQ                       0x08001745   Thumb Code    40  stm32g4xx_hal_cortex.o(i.HAL_NVIC_EnableIRQ)
    HAL_NVIC_SetPriority                     0x0800176d   Thumb Code   122  stm32g4xx_hal_cortex.o(i.HAL_NVIC_SetPriority)
    HAL_NVIC_SetPriorityGrouping             0x080017e9   Thumb Code    32  stm32g4xx_hal_cortex.o(i.HAL_NVIC_SetPriorityGrouping)
    HAL_PWREx_ControlVoltageScaling          0x08001811   Thumb Code   268  stm32g4xx_hal_pwr_ex.o(i.HAL_PWREx_ControlVoltageScaling)
    HAL_PWREx_DisableUCPDDeadBattery         0x08001929   Thumb Code    14  stm32g4xx_hal_pwr_ex.o(i.HAL_PWREx_DisableUCPDDeadBattery)
    HAL_RCCEx_PeriphCLKConfig                0x0800193d   Thumb Code   872  stm32g4xx_hal_rcc_ex.o(i.HAL_RCCEx_PeriphCLKConfig)
    HAL_RCC_ClockConfig                      0x08001cad   Thumb Code   522  stm32g4xx_hal_rcc.o(i.HAL_RCC_ClockConfig)
    HAL_RCC_GetSysClockFreq                  0x08001ed1   Thumb Code   138  stm32g4xx_hal_rcc.o(i.HAL_RCC_GetSysClockFreq)
    HAL_RCC_OscConfig                        0x08001f69   Thumb Code  1360  stm32g4xx_hal_rcc.o(i.HAL_RCC_OscConfig)
    HAL_SYSTICK_Config                       0x080024c5   Thumb Code    52  stm32g4xx_hal_cortex.o(i.HAL_SYSTICK_Config)
    HAL_TIMEx_Break2Callback                 0x080024f9   Thumb Code     2  stm32g4xx_hal_tim_ex.o(i.HAL_TIMEx_Break2Callback)
    HAL_TIMEx_BreakCallback                  0x080024fb   Thumb Code     2  stm32g4xx_hal_tim_ex.o(i.HAL_TIMEx_BreakCallback)
    HAL_TIMEx_CommutCallback                 0x080024fd   Thumb Code     2  stm32g4xx_hal_tim_ex.o(i.HAL_TIMEx_CommutCallback)
    HAL_TIMEx_DirectionChangeCallback        0x080024ff   Thumb Code     2  stm32g4xx_hal_tim_ex.o(i.HAL_TIMEx_DirectionChangeCallback)
    HAL_TIMEx_EncoderIndexCallback           0x08002501   Thumb Code     2  stm32g4xx_hal_tim_ex.o(i.HAL_TIMEx_EncoderIndexCallback)
    HAL_TIMEx_IndexErrorCallback             0x08002503   Thumb Code     2  stm32g4xx_hal_tim_ex.o(i.HAL_TIMEx_IndexErrorCallback)
    HAL_TIMEx_MasterConfigSynchronization    0x08002505   Thumb Code   158  stm32g4xx_hal_tim_ex.o(i.HAL_TIMEx_MasterConfigSynchronization)
    HAL_TIMEx_TransitionErrorCallback        0x080025bd   Thumb Code     2  stm32g4xx_hal_tim_ex.o(i.HAL_TIMEx_TransitionErrorCallback)
    HAL_TIM_Base_Init                        0x080025bf   Thumb Code   110  stm32g4xx_hal_tim.o(i.HAL_TIM_Base_Init)
    HAL_TIM_Base_MspInit                     0x0800262d   Thumb Code   178  tim.o(i.HAL_TIM_Base_MspInit)
    HAL_TIM_Base_Start_IT                    0x080026ed   Thumb Code   130  stm32g4xx_hal_tim.o(i.HAL_TIM_Base_Start_IT)
    HAL_TIM_ConfigClockSource                0x08002789   Thumb Code   300  stm32g4xx_hal_tim.o(i.HAL_TIM_ConfigClockSource)
    HAL_TIM_IC_CaptureCallback               0x080028bd   Thumb Code    20  pwm_in.o(i.HAL_TIM_IC_CaptureCallback)
    HAL_TIM_IC_ConfigChannel                 0x080028d5   Thumb Code   222  stm32g4xx_hal_tim.o(i.HAL_TIM_IC_ConfigChannel)
    HAL_TIM_IC_Init                          0x080029b3   Thumb Code   110  stm32g4xx_hal_tim.o(i.HAL_TIM_IC_Init)
    HAL_TIM_IC_MspInit                       0x08002a21   Thumb Code     2  stm32g4xx_hal_tim.o(i.HAL_TIM_IC_MspInit)
    HAL_TIM_IC_Start_IT                      0x08002a25   Thumb Code   408  stm32g4xx_hal_tim.o(i.HAL_TIM_IC_Start_IT)
    HAL_TIM_IRQHandler                       0x08002bd5   Thumb Code   544  stm32g4xx_hal_tim.o(i.HAL_TIM_IRQHandler)
    HAL_TIM_MspPostInit                      0x08002df5   Thumb Code    80  tim.o(i.HAL_TIM_MspPostInit)
    HAL_TIM_OC_DelayElapsedCallback          0x08002e49   Thumb Code     2  stm32g4xx_hal_tim.o(i.HAL_TIM_OC_DelayElapsedCallback)
    HAL_TIM_PWM_ConfigChannel                0x08002e4b   Thumb Code   368  stm32g4xx_hal_tim.o(i.HAL_TIM_PWM_ConfigChannel)
    HAL_TIM_PWM_Init                         0x08002fbb   Thumb Code   110  stm32g4xx_hal_tim.o(i.HAL_TIM_PWM_Init)
    HAL_TIM_PWM_MspInit                      0x08003029   Thumb Code    40  tim.o(i.HAL_TIM_PWM_MspInit)
    HAL_TIM_PWM_PulseFinishedCallback        0x08003055   Thumb Code     2  stm32g4xx_hal_tim.o(i.HAL_TIM_PWM_PulseFinishedCallback)
    HAL_TIM_PWM_Start                        0x08003059   Thumb Code   298  stm32g4xx_hal_tim.o(i.HAL_TIM_PWM_Start)
    HAL_TIM_PeriodElapsedCallback            0x080031a5   Thumb Code    32  task.o(i.HAL_TIM_PeriodElapsedCallback)
    HAL_TIM_ReadCapturedValue                0x080031c9   Thumb Code    50  stm32g4xx_hal_tim.o(i.HAL_TIM_ReadCapturedValue)
    HAL_TIM_TriggerCallback                  0x080031fb   Thumb Code     2  stm32g4xx_hal_tim.o(i.HAL_TIM_TriggerCallback)
    HardFault_Handler                        0x080031fd   Thumb Code     4  stm32g4xx_it.o(i.HardFault_Handler)
    LCD_BusIn                                0x08003201   Thumb Code    42  lcd.o(i.LCD_BusIn)
    LCD_BusOut                               0x08003231   Thumb Code    42  lcd.o(i.LCD_BusOut)
    LCD_Clear                                0x08003261   Thumb Code    66  lcd.o(i.LCD_Clear)
    LCD_CtrlLinesConfig                      0x080032ad   Thumb Code   182  lcd.o(i.LCD_CtrlLinesConfig)
    LCD_DisplayChar                          0x0800336d   Thumb Code    34  lcd.o(i.LCD_DisplayChar)
    LCD_DisplayStringLine                    0x08003395   Thumb Code    80  lcd.o(i.LCD_DisplayStringLine)
    LCD_DrawChar                             0x080033ed   Thumb Code   100  lcd.o(i.LCD_DrawChar)
    LCD_Init                                 0x08003459   Thumb Code    78  lcd.o(i.LCD_Init)
    LCD_ReadReg                              0x080034b5   Thumb Code   164  lcd.o(i.LCD_ReadReg)
    LCD_SetBackColor                         0x08003561   Thumb Code    12  lcd.o(i.LCD_SetBackColor)
    LCD_SetCursor                            0x08003571   Thumb Code    24  lcd.o(i.LCD_SetCursor)
    LCD_SetTextColor                         0x08003589   Thumb Code    12  lcd.o(i.LCD_SetTextColor)
    LCD_WriteRAM                             0x08003599   Thumb Code   110  lcd.o(i.LCD_WriteRAM)
    LCD_WriteRAM_Prepare                     0x08003611   Thumb Code   112  lcd.o(i.LCD_WriteRAM_Prepare)
    LCD_WriteReg                             0x08003689   Thumb Code   136  lcd.o(i.LCD_WriteReg)
    MX_ADC2_Init                             0x080037e1   Thumb Code   120  adc.o(i.MX_ADC2_Init)
    MX_GPIO_Init                             0x08003865   Thumb Code   358  gpio.o(i.MX_GPIO_Init)
    MX_TIM17_Init                            0x080039dd   Thumb Code    96  tim.o(i.MX_TIM17_Init)
    MX_TIM2_Init                             0x08003a45   Thumb Code   116  tim.o(i.MX_TIM2_Init)
    MX_TIM4_Init                             0x08003abd   Thumb Code   104  tim.o(i.MX_TIM4_Init)
    MemManage_Handler                        0x08003b2d   Thumb Code     4  stm32g4xx_it.o(i.MemManage_Handler)
    NMI_Handler                              0x08003b31   Thumb Code     4  stm32g4xx_it.o(i.NMI_Handler)
    PendSV_Handler                           0x08003b35   Thumb Code     2  stm32g4xx_it.o(i.PendSV_Handler)
    REG_8230_Init                            0x08003ba1   Thumb Code   288  lcd.o(i.REG_8230_Init)
    REG_932X_Init                            0x08003cc1   Thumb Code   512  lcd.o(i.REG_932X_Init)
    SVC_Handler                              0x08003ec1   Thumb Code     2  stm32g4xx_it.o(i.SVC_Handler)
    SysTick_Handler                          0x08003ec3   Thumb Code     8  stm32g4xx_it.o(i.SysTick_Handler)
    SystemClock_Config                       0x08003ecb   Thumb Code   104  main.o(i.SystemClock_Config)
    SystemInit                               0x08003f35   Thumb Code    14  system_stm32g4xx.o(i.SystemInit)
    TIM1_TRG_COM_TIM17_IRQHandler            0x08003f49   Thumb Code    10  stm32g4xx_it.o(i.TIM1_TRG_COM_TIM17_IRQHandler)
    TIM4_IRQHandler                          0x08003f59   Thumb Code    10  stm32g4xx_it.o(i.TIM4_IRQHandler)
    TIM_Base_SetConfig                       0x08003f69   Thumb Code   166  stm32g4xx_hal_tim.o(i.TIM_Base_SetConfig)
    TIM_CCxChannelCmd                        0x0800402d   Thumb Code    34  stm32g4xx_hal_tim.o(i.TIM_CCxChannelCmd)
    TIM_ETR_SetConfig                        0x0800404f   Thumb Code    22  stm32g4xx_hal_tim.o(i.TIM_ETR_SetConfig)
    TIM_OC2_SetConfig                        0x0800412d   Thumb Code   160  stm32g4xx_hal_tim.o(i.TIM_OC2_SetConfig)
    TIM_TI1_SetConfig                        0x080044a1   Thumb Code   150  stm32g4xx_hal_tim.o(i.TIM_TI1_SetConfig)
    UsageFault_Handler                       0x0800473d   Thumb Code     4  stm32g4xx_it.o(i.UsageFault_Handler)
    __0sprintf                               0x08004741   Thumb Code    34  printfa.o(i.__0sprintf)
    __1sprintf                               0x08004741   Thumb Code     0  printfa.o(i.__0sprintf)
    __2sprintf                               0x08004741   Thumb Code     0  printfa.o(i.__0sprintf)
    __c89sprintf                             0x08004741   Thumb Code     0  printfa.o(i.__0sprintf)
    sprintf                                  0x08004741   Thumb Code     0  printfa.o(i.__0sprintf)
    __scatterload_copy                       0x080047a1   Thumb Code    14  handlers.o(i.__scatterload_copy)
    __scatterload_null                       0x080047af   Thumb Code     2  handlers.o(i.__scatterload_null)
    __scatterload_zeroinit                   0x080047b1   Thumb Code    14  handlers.o(i.__scatterload_zeroinit)
    duty_set                                 0x08005055   Thumb Code   200  adc_samp.o(i.duty_set)
    key_scan                                 0x08005149   Thumb Code   668  key.o(i.key_scan)
    lcd_show                                 0x08005435   Thumb Code   268  lcd_bsp.o(i.lcd_show)
    led_show                                 0x0800564d   Thumb Code   140  led.o(i.led_show)
    main                                     0x080056ed   Thumb Code   128  main.o(i.main)
    max_speed                                0x08005781   Thumb Code   200  pwm_in.o(i.max_speed)
    pwm_out                                  0x08005875   Thumb Code   150  pwm_out.o(i.pwm_out)
    vel_meas                                 0x08005925   Thumb Code    22  pwm_in.o(i.vel_meas)
    AHBPrescTable                            0x08005948   Data          16  system_stm32g4xx.o(.constdata)
    APBPrescTable                            0x08005958   Data           8  system_stm32g4xx.o(.constdata)
    ASCII_Table                              0x08005960   Data        4560  lcd.o(.constdata)
    Region$$Table$$Base                      0x08006b30   Number         0  anon$$obj.o(Region$$Table)
    Region$$Table$$Limit                     0x08006b50   Number         0  anon$$obj.o(Region$$Table)
    uwTick                                   0x20000000   Data           4  stm32g4xx_hal.o(.data)
    uwTickPrio                               0x20000004   Data           4  stm32g4xx_hal.o(.data)
    uwTickFreq                               0x20000008   Data           4  stm32g4xx_hal.o(.data)
    SystemCoreClock                          0x2000000c   Data           4  system_stm32g4xx.o(.data)
    duty                                     0x20000010   Data           1  adc_samp.o(.data)
    time_count                               0x20000011   Data           1  pwm_out.o(.data)
    vel                                      0x20000014   Data           4  pwm_in.o(.data)
    freq                                     0x20000018   Data           4  pwm_in.o(.data)
    MH                                       0x2000001c   Data           4  pwm_in.o(.data)
    ML                                       0x20000020   Data           4  pwm_in.o(.data)
    counter                                  0x20000024   Data           4  pwm_in.o(.data)
    page                                     0x20000028   Data           1  key.o(.data)
    change                                   0x20000029   Data           1  key.o(.data)
    B2_count                                 0x2000002c   Data           4  key.o(.data)
    B4_start                                 0x20000030   Data           4  key.o(.data)
    mode                                     0x20000034   Data           1  key.o(.data)
    old_mode                                 0x20000035   Data           1  key.o(.data)
    RorK                                     0x20000036   Data           1  key.o(.data)
    R                                        0x20000037   Data           1  key.o(.data)
    K                                        0x20000038   Data           1  key.o(.data)
    lock                                     0x20000039   Data           1  key.o(.data)
    count                                    0x2000003c   Data           4  key.o(.data)
    lowtohigh                                0x20000040   Data           1  key.o(.data)
    dummy                                    0x2000004a   Data           2  lcd.o(.data)
    hadc2                                    0x2000004c   Data         108  adc.o(.bss)
    htim2                                    0x200000b8   Data          76  tim.o(.bss)
    htim4                                    0x20000104   Data          76  tim.o(.bss)
    htim17                                   0x20000150   Data          76  tim.o(.bss)
    s                                        0x2000019c   Data          20  lcd_bsp.o(.bss)
    __initial_sp                             0x200005b0   Data           0  startup_stm32g431xx.o(STACK)



==============================================================================

Memory Map of the image

  Image Entry point : 0x080001d9

  Load Region LR_IROM1 (Base: 0x08000000, Size: 0x00006b9c, Max: 0x00020000, ABSOLUTE)

    Execution Region ER_IROM1 (Exec base: 0x08000000, Load base: 0x08000000, Size: 0x00006b50, Max: 0x00020000, ABSOLUTE)

    Exec Addr    Load Addr    Size         Type   Attr      Idx    E Section Name        Object

    0x08000000   0x08000000   0x000001d8   Data   RO            3    RESET               startup_stm32g431xx.o
    0x080001d8   0x080001d8   0x00000000   Code   RO         4122  * .ARM.Collect$$$$00000000  mc_w.l(entry.o)
    0x080001d8   0x080001d8   0x00000004   Code   RO         4406    .ARM.Collect$$$$00000001  mc_w.l(entry2.o)
    0x080001dc   0x080001dc   0x00000004   Code   RO         4409    .ARM.Collect$$$$00000004  mc_w.l(entry5.o)
    0x080001e0   0x080001e0   0x00000000   Code   RO         4411    .ARM.Collect$$$$00000008  mc_w.l(entry7b.o)
    0x080001e0   0x080001e0   0x00000000   Code   RO         4413    .ARM.Collect$$$$0000000A  mc_w.l(entry8b.o)
    0x080001e0   0x080001e0   0x00000008   Code   RO         4414    .ARM.Collect$$$$0000000B  mc_w.l(entry9a.o)
    0x080001e8   0x080001e8   0x00000004   Code   RO         4421    .ARM.Collect$$$$0000000E  mc_w.l(entry12b.o)
    0x080001ec   0x080001ec   0x00000000   Code   RO         4416    .ARM.Collect$$$$0000000F  mc_w.l(entry10a.o)
    0x080001ec   0x080001ec   0x00000000   Code   RO         4418    .ARM.Collect$$$$00000011  mc_w.l(entry11a.o)
    0x080001ec   0x080001ec   0x00000004   Code   RO         4407    .ARM.Collect$$$$00002712  mc_w.l(entry2.o)
    0x080001f0   0x080001f0   0x00000024   Code   RO            4    .text               startup_stm32g431xx.o
    0x08000214   0x08000214   0x00000024   Code   RO         4125    .text               mc_w.l(memseta.o)
    0x08000238   0x08000238   0x0000014e   Code   RO         4388    .text               mf_w.l(dadd.o)
    0x08000386   0x08000386   0x000000e4   Code   RO         4390    .text               mf_w.l(dmul.o)
    0x0800046a   0x0800046a   0x000000de   Code   RO         4392    .text               mf_w.l(ddiv.o)
    0x08000548   0x08000548   0x00000022   Code   RO         4394    .text               mf_w.l(dflti.o)
    0x0800056a   0x0800056a   0x0000001a   Code   RO         4396    .text               mf_w.l(dfltui.o)
    0x08000584   0x08000584   0x00000032   Code   RO         4398    .text               mf_w.l(dfixui.o)
    0x080005b6   0x080005b6   0x00000026   Code   RO         4400    .text               mf_w.l(f2d.o)
    0x080005dc   0x080005dc   0x00000030   Code   RO         4402    .text               mf_w.l(cdcmple.o)
    0x0800060c   0x0800060c   0x00000038   Code   RO         4404    .text               mf_w.l(d2f.o)
    0x08000644   0x08000644   0x0000002c   Code   RO         4425    .text               mc_w.l(uidiv.o)
    0x08000670   0x08000670   0x00000062   Code   RO         4427    .text               mc_w.l(uldiv.o)
    0x080006d2   0x080006d2   0x0000001e   Code   RO         4429    .text               mc_w.l(llshl.o)
    0x080006f0   0x080006f0   0x00000020   Code   RO         4431    .text               mc_w.l(llushr.o)
    0x08000710   0x08000710   0x00000024   Code   RO         4433    .text               mc_w.l(llsshr.o)
    0x08000734   0x08000734   0x00000000   Code   RO         4435    .text               mc_w.l(iusefp.o)
    0x08000734   0x08000734   0x0000006e   Code   RO         4436    .text               mf_w.l(fepilogue.o)
    0x080007a2   0x080007a2   0x000000ba   Code   RO         4438    .text               mf_w.l(depilogue.o)
    0x0800085c   0x0800085c   0x00000030   Code   RO         4440    .text               mf_w.l(dfixul.o)
    0x0800088c   0x0800088c   0x00000030   Code   RO         4442    .text               mf_w.l(cdrcmple.o)
    0x080008bc   0x080008bc   0x00000024   Code   RO         4444    .text               mc_w.l(init.o)
    0x080008e0   0x080008e0   0x00000094   Code   RO          442    i.ADC_Disable       stm32g4xx_hal_adc.o
    0x08000974   0x08000974   0x000000c8   Code   RO          443    i.ADC_Enable        stm32g4xx_hal_adc.o
    0x08000a3c   0x08000a3c   0x00000004   Code   RO          326    i.BusFault_Handler  stm32g4xx_it.o
    0x08000a40   0x08000a40   0x00000002   Code   RO          327    i.DebugMon_Handler  stm32g4xx_it.o
    0x08000a42   0x08000a42   0x0000001e   Code   RO         3890    i.Delay_LCD         lcd.o
    0x08000a60   0x08000a60   0x00000006   Code   RO           13    i.Error_Handler     main.o
    0x08000a66   0x08000a66   0x00000002   PAD
    0x08000a68   0x08000a68   0x000000b0   Code   RO          716    i.HAL_ADCEx_Calibration_Start  stm32g4xx_hal_adc_ex.o
    0x08000b18   0x08000b18   0x00000508   Code   RO          445    i.HAL_ADC_ConfigChannel  stm32g4xx_hal_adc.o
    0x08001020   0x08001020   0x00000008   Code   RO          452    i.HAL_ADC_GetValue  stm32g4xx_hal_adc.o
    0x08001028   0x08001028   0x0000025c   Code   RO          454    i.HAL_ADC_Init      stm32g4xx_hal_adc.o
    0x08001284   0x08001284   0x00000090   Code   RO          213    i.HAL_ADC_MspInit   adc.o
    0x08001314   0x08001314   0x0000011c   Code   RO          460    i.HAL_ADC_Start     stm32g4xx_hal_adc.o
    0x08001430   0x08001430   0x00000028   Code   RO          957    i.HAL_Delay         stm32g4xx_hal.o
    0x08001458   0x08001458   0x000001dc   Code   RO         1726    i.HAL_GPIO_Init     stm32g4xx_hal_gpio.o
    0x08001634   0x08001634   0x00000010   Code   RO         1728    i.HAL_GPIO_ReadPin  stm32g4xx_hal_gpio.o
    0x08001644   0x08001644   0x00000014   Code   RO         1729    i.HAL_GPIO_TogglePin  stm32g4xx_hal_gpio.o
    0x08001658   0x08001658   0x0000000a   Code   RO         1730    i.HAL_GPIO_WritePin  stm32g4xx_hal_gpio.o
    0x08001662   0x08001662   0x00000002   PAD
    0x08001664   0x08001664   0x0000000c   Code   RO          961    i.HAL_GetTick       stm32g4xx_hal.o
    0x08001670   0x08001670   0x00000018   Code   RO          967    i.HAL_IncTick       stm32g4xx_hal.o
    0x08001688   0x08001688   0x0000001e   Code   RO          968    i.HAL_Init          stm32g4xx_hal.o
    0x080016a6   0x080016a6   0x00000002   PAD
    0x080016a8   0x080016a8   0x00000058   Code   RO          969    i.HAL_InitTick      stm32g4xx_hal.o
    0x08001700   0x08001700   0x00000044   Code   RO          414    i.HAL_MspInit       stm32g4xx_hal_msp.o
    0x08001744   0x08001744   0x00000028   Code   RO         2375    i.HAL_NVIC_EnableIRQ  stm32g4xx_hal_cortex.o
    0x0800176c   0x0800176c   0x0000007a   Code   RO         2381    i.HAL_NVIC_SetPriority  stm32g4xx_hal_cortex.o
    0x080017e6   0x080017e6   0x00000002   PAD
    0x080017e8   0x080017e8   0x00000028   Code   RO         2382    i.HAL_NVIC_SetPriorityGrouping  stm32g4xx_hal_cortex.o
    0x08001810   0x08001810   0x00000118   Code   RO         2129    i.HAL_PWREx_ControlVoltageScaling  stm32g4xx_hal_pwr_ex.o
    0x08001928   0x08001928   0x00000014   Code   RO         2141    i.HAL_PWREx_DisableUCPDDeadBattery  stm32g4xx_hal_pwr_ex.o
    0x0800193c   0x0800193c   0x00000370   Code   RO         1333    i.HAL_RCCEx_PeriphCLKConfig  stm32g4xx_hal_rcc_ex.o
    0x08001cac   0x08001cac   0x00000224   Code   RO         1203    i.HAL_RCC_ClockConfig  stm32g4xx_hal_rcc.o
    0x08001ed0   0x08001ed0   0x00000098   Code   RO         1213    i.HAL_RCC_GetSysClockFreq  stm32g4xx_hal_rcc.o
    0x08001f68   0x08001f68   0x0000055c   Code   RO         1216    i.HAL_RCC_OscConfig  stm32g4xx_hal_rcc.o
    0x080024c4   0x080024c4   0x00000034   Code   RO         2386    i.HAL_SYSTICK_Config  stm32g4xx_hal_cortex.o
    0x080024f8   0x080024f8   0x00000002   Code   RO         3247    i.HAL_TIMEx_Break2Callback  stm32g4xx_hal_tim_ex.o
    0x080024fa   0x080024fa   0x00000002   Code   RO         3248    i.HAL_TIMEx_BreakCallback  stm32g4xx_hal_tim_ex.o
    0x080024fc   0x080024fc   0x00000002   Code   RO         3249    i.HAL_TIMEx_CommutCallback  stm32g4xx_hal_tim_ex.o
    0x080024fe   0x080024fe   0x00000002   Code   RO         3260    i.HAL_TIMEx_DirectionChangeCallback  stm32g4xx_hal_tim_ex.o
    0x08002500   0x08002500   0x00000002   Code   RO         3274    i.HAL_TIMEx_EncoderIndexCallback  stm32g4xx_hal_tim_ex.o
    0x08002502   0x08002502   0x00000002   Code   RO         3288    i.HAL_TIMEx_IndexErrorCallback  stm32g4xx_hal_tim_ex.o
    0x08002504   0x08002504   0x000000b8   Code   RO         3289    i.HAL_TIMEx_MasterConfigSynchronization  stm32g4xx_hal_tim_ex.o
    0x080025bc   0x080025bc   0x00000002   Code   RO         3310    i.HAL_TIMEx_TransitionErrorCallback  stm32g4xx_hal_tim_ex.o
    0x080025be   0x080025be   0x0000006e   Code   RO         2522    i.HAL_TIM_Base_Init  stm32g4xx_hal_tim.o
    0x0800262c   0x0800262c   0x000000c0   Code   RO          255    i.HAL_TIM_Base_MspInit  tim.o
    0x080026ec   0x080026ec   0x0000009c   Code   RO         2527    i.HAL_TIM_Base_Start_IT  stm32g4xx_hal_tim.o
    0x08002788   0x08002788   0x00000134   Code   RO         2531    i.HAL_TIM_ConfigClockSource  stm32g4xx_hal_tim.o
    0x080028bc   0x080028bc   0x00000018   Code   RO         3822    i.HAL_TIM_IC_CaptureCallback  pwm_in.o
    0x080028d4   0x080028d4   0x000000de   Code   RO         2558    i.HAL_TIM_IC_ConfigChannel  stm32g4xx_hal_tim.o
    0x080029b2   0x080029b2   0x0000006e   Code   RO         2561    i.HAL_TIM_IC_Init   stm32g4xx_hal_tim.o
    0x08002a20   0x08002a20   0x00000002   Code   RO         2563    i.HAL_TIM_IC_MspInit  stm32g4xx_hal_tim.o
    0x08002a22   0x08002a22   0x00000002   PAD
    0x08002a24   0x08002a24   0x000001b0   Code   RO         2566    i.HAL_TIM_IC_Start_IT  stm32g4xx_hal_tim.o
    0x08002bd4   0x08002bd4   0x00000220   Code   RO         2570    i.HAL_TIM_IRQHandler  stm32g4xx_hal_tim.o
    0x08002df4   0x08002df4   0x00000054   Code   RO          256    i.HAL_TIM_MspPostInit  tim.o
    0x08002e48   0x08002e48   0x00000002   Code   RO         2573    i.HAL_TIM_OC_DelayElapsedCallback  stm32g4xx_hal_tim.o
    0x08002e4a   0x08002e4a   0x00000170   Code   RO         2594    i.HAL_TIM_PWM_ConfigChannel  stm32g4xx_hal_tim.o
    0x08002fba   0x08002fba   0x0000006e   Code   RO         2597    i.HAL_TIM_PWM_Init  stm32g4xx_hal_tim.o
    0x08003028   0x08003028   0x0000002c   Code   RO          258    i.HAL_TIM_PWM_MspInit  tim.o
    0x08003054   0x08003054   0x00000002   Code   RO         2600    i.HAL_TIM_PWM_PulseFinishedCallback  stm32g4xx_hal_tim.o
    0x08003056   0x08003056   0x00000002   PAD
    0x08003058   0x08003058   0x0000014c   Code   RO         2602    i.HAL_TIM_PWM_Start  stm32g4xx_hal_tim.o
    0x080031a4   0x080031a4   0x00000024   Code   RO         4101    i.HAL_TIM_PeriodElapsedCallback  task.o
    0x080031c8   0x080031c8   0x00000032   Code   RO         2610    i.HAL_TIM_ReadCapturedValue  stm32g4xx_hal_tim.o
    0x080031fa   0x080031fa   0x00000002   Code   RO         2613    i.HAL_TIM_TriggerCallback  stm32g4xx_hal_tim.o
    0x080031fc   0x080031fc   0x00000004   Code   RO          328    i.HardFault_Handler  stm32g4xx_it.o
    0x08003200   0x08003200   0x00000030   Code   RO         3891    i.LCD_BusIn         lcd.o
    0x08003230   0x08003230   0x00000030   Code   RO         3892    i.LCD_BusOut        lcd.o
    0x08003260   0x08003260   0x0000004c   Code   RO         3893    i.LCD_Clear         lcd.o
    0x080032ac   0x080032ac   0x000000c0   Code   RO         3895    i.LCD_CtrlLinesConfig  lcd.o
    0x0800336c   0x0800336c   0x00000028   Code   RO         3896    i.LCD_DisplayChar   lcd.o
    0x08003394   0x08003394   0x00000058   Code   RO         3899    i.LCD_DisplayStringLine  lcd.o
    0x080033ec   0x080033ec   0x0000006c   Code   RO         3900    i.LCD_DrawChar      lcd.o
    0x08003458   0x08003458   0x0000005c   Code   RO         3906    i.LCD_Init          lcd.o
    0x080034b4   0x080034b4   0x000000ac   Code   RO         3909    i.LCD_ReadReg       lcd.o
    0x08003560   0x08003560   0x00000010   Code   RO         3910    i.LCD_SetBackColor  lcd.o
    0x08003570   0x08003570   0x00000018   Code   RO         3911    i.LCD_SetCursor     lcd.o
    0x08003588   0x08003588   0x00000010   Code   RO         3913    i.LCD_SetTextColor  lcd.o
    0x08003598   0x08003598   0x00000078   Code   RO         3916    i.LCD_WriteRAM      lcd.o
    0x08003610   0x08003610   0x00000078   Code   RO         3917    i.LCD_WriteRAM_Prepare  lcd.o
    0x08003688   0x08003688   0x00000090   Code   RO         3918    i.LCD_WriteReg      lcd.o
    0x08003718   0x08003718   0x00000010   Code   RO          468    i.LL_ADC_Enable     stm32g4xx_hal_adc.o
    0x08003728   0x08003728   0x0000000a   Code   RO          469    i.LL_ADC_GetMultimode  stm32g4xx_hal_adc.o
    0x08003732   0x08003732   0x00000012   Code   RO          470    i.LL_ADC_GetOffsetChannel  stm32g4xx_hal_adc.o
    0x08003744   0x08003744   0x0000000a   Code   RO          471    i.LL_ADC_INJ_IsConversionOngoing  stm32g4xx_hal_adc.o
    0x0800374e   0x0800374e   0x0000000a   Code   RO          472    i.LL_ADC_IsDisableOngoing  stm32g4xx_hal_adc.o
    0x08003758   0x08003758   0x0000000a   Code   RO          473    i.LL_ADC_IsEnabled  stm32g4xx_hal_adc.o
    0x08003762   0x08003762   0x0000000a   Code   RO          474    i.LL_ADC_IsInternalRegulatorEnabled  stm32g4xx_hal_adc.o
    0x0800376c   0x0800376c   0x0000000a   Code   RO          475    i.LL_ADC_REG_IsConversionOngoing  stm32g4xx_hal_adc.o
    0x08003776   0x08003776   0x00000002   PAD
    0x08003778   0x08003778   0x00000010   Code   RO          477    i.LL_ADC_REG_StartConversion  stm32g4xx_hal_adc.o
    0x08003788   0x08003788   0x00000028   Code   RO          479    i.LL_ADC_SetChannelSamplingTime  stm32g4xx_hal_adc.o
    0x080037b0   0x080037b0   0x0000000c   Code   RO          480    i.LL_ADC_SetCommonPathInternalCh  stm32g4xx_hal_adc.o
    0x080037bc   0x080037bc   0x00000016   Code   RO          481    i.LL_ADC_SetOffsetState  stm32g4xx_hal_adc.o
    0x080037d2   0x080037d2   0x0000000c   Code   RO          482    i.LL_ADC_SetSamplingTimeCommonConfig  stm32g4xx_hal_adc.o
    0x080037de   0x080037de   0x00000002   PAD
    0x080037e0   0x080037e0   0x00000084   Code   RO          214    i.MX_ADC2_Init      adc.o
    0x08003864   0x08003864   0x00000178   Code   RO          188    i.MX_GPIO_Init      gpio.o
    0x080039dc   0x080039dc   0x00000068   Code   RO          259    i.MX_TIM17_Init     tim.o
    0x08003a44   0x08003a44   0x00000078   Code   RO          260    i.MX_TIM2_Init      tim.o
    0x08003abc   0x08003abc   0x00000070   Code   RO          261    i.MX_TIM4_Init      tim.o
    0x08003b2c   0x08003b2c   0x00000004   Code   RO          329    i.MemManage_Handler  stm32g4xx_it.o
    0x08003b30   0x08003b30   0x00000004   Code   RO          330    i.NMI_Handler       stm32g4xx_it.o
    0x08003b34   0x08003b34   0x00000002   Code   RO          331    i.PendSV_Handler    stm32g4xx_it.o
    0x08003b36   0x08003b36   0x00000002   PAD
    0x08003b38   0x08003b38   0x00000068   Code   RO         1217    i.RCC_GetSysClockFreqFromPLLSource  stm32g4xx_hal_rcc.o
    0x08003ba0   0x08003ba0   0x00000120   Code   RO         3919    i.REG_8230_Init     lcd.o
    0x08003cc0   0x08003cc0   0x00000200   Code   RO         3920    i.REG_932X_Init     lcd.o
    0x08003ec0   0x08003ec0   0x00000002   Code   RO          332    i.SVC_Handler       stm32g4xx_it.o
    0x08003ec2   0x08003ec2   0x00000008   Code   RO          333    i.SysTick_Handler   stm32g4xx_it.o
    0x08003eca   0x08003eca   0x00000068   Code   RO           14    i.SystemClock_Config  main.o
    0x08003f32   0x08003f32   0x00000002   PAD
    0x08003f34   0x08003f34   0x00000014   Code   RO         3677    i.SystemInit        system_stm32g4xx.o
    0x08003f48   0x08003f48   0x00000010   Code   RO          334    i.TIM1_TRG_COM_TIM17_IRQHandler  stm32g4xx_it.o
    0x08003f58   0x08003f58   0x00000010   Code   RO          335    i.TIM4_IRQHandler   stm32g4xx_it.o
    0x08003f68   0x08003f68   0x000000c4   Code   RO         2615    i.TIM_Base_SetConfig  stm32g4xx_hal_tim.o
    0x0800402c   0x0800402c   0x00000022   Code   RO         2616    i.TIM_CCxChannelCmd  stm32g4xx_hal_tim.o
    0x0800404e   0x0800404e   0x00000016   Code   RO         2626    i.TIM_ETR_SetConfig  stm32g4xx_hal_tim.o
    0x08004064   0x08004064   0x00000018   Code   RO         2627    i.TIM_ITRx_SetConfig  stm32g4xx_hal_tim.o
    0x0800407c   0x0800407c   0x000000b0   Code   RO         2628    i.TIM_OC1_SetConfig  stm32g4xx_hal_tim.o
    0x0800412c   0x0800412c   0x000000b8   Code   RO         2629    i.TIM_OC2_SetConfig  stm32g4xx_hal_tim.o
    0x080041e4   0x080041e4   0x000000b8   Code   RO         2630    i.TIM_OC3_SetConfig  stm32g4xx_hal_tim.o
    0x0800429c   0x0800429c   0x000000b8   Code   RO         2631    i.TIM_OC4_SetConfig  stm32g4xx_hal_tim.o
    0x08004354   0x08004354   0x00000070   Code   RO         2632    i.TIM_OC5_SetConfig  stm32g4xx_hal_tim.o
    0x080043c4   0x080043c4   0x00000070   Code   RO         2633    i.TIM_OC6_SetConfig  stm32g4xx_hal_tim.o
    0x08004434   0x08004434   0x0000006c   Code   RO         2635    i.TIM_TI1_ConfigInputStage  stm32g4xx_hal_tim.o
    0x080044a0   0x080044a0   0x000000b4   Code   RO         2636    i.TIM_TI1_SetConfig  stm32g4xx_hal_tim.o
    0x08004554   0x08004554   0x0000006c   Code   RO         2637    i.TIM_TI2_ConfigInputStage  stm32g4xx_hal_tim.o
    0x080045c0   0x080045c0   0x00000080   Code   RO         2638    i.TIM_TI2_SetConfig  stm32g4xx_hal_tim.o
    0x08004640   0x08004640   0x0000007c   Code   RO         2639    i.TIM_TI3_SetConfig  stm32g4xx_hal_tim.o
    0x080046bc   0x080046bc   0x00000080   Code   RO         2640    i.TIM_TI4_SetConfig  stm32g4xx_hal_tim.o
    0x0800473c   0x0800473c   0x00000004   Code   RO          336    i.UsageFault_Handler  stm32g4xx_it.o
    0x08004740   0x08004740   0x00000028   Code   RO         4362    i.__0sprintf        mc_w.l(printfa.o)
    0x08004768   0x08004768   0x00000010   Code   RO         2388    i.__NVIC_GetPriorityGrouping  stm32g4xx_hal_cortex.o
    0x08004778   0x08004778   0x00000028   Code   RO         2389    i.__NVIC_SetPriority  stm32g4xx_hal_cortex.o
    0x080047a0   0x080047a0   0x0000000e   Code   RO         4450    i.__scatterload_copy  mc_w.l(handlers.o)
    0x080047ae   0x080047ae   0x00000002   Code   RO         4451    i.__scatterload_null  mc_w.l(handlers.o)
    0x080047b0   0x080047b0   0x0000000e   Code   RO         4452    i.__scatterload_zeroinit  mc_w.l(handlers.o)
    0x080047be   0x080047be   0x00000002   PAD
    0x080047c0   0x080047c0   0x00000184   Code   RO         4367    i._fp_digits        mc_w.l(printfa.o)
    0x08004944   0x08004944   0x000006b4   Code   RO         4368    i._printf_core      mc_w.l(printfa.o)
    0x08004ff8   0x08004ff8   0x00000024   Code   RO         4369    i._printf_post_padding  mc_w.l(printfa.o)
    0x0800501c   0x0800501c   0x0000002e   Code   RO         4370    i._printf_pre_padding  mc_w.l(printfa.o)
    0x0800504a   0x0800504a   0x0000000a   Code   RO         4372    i._sputc            mc_w.l(printfa.o)
    0x08005054   0x08005054   0x000000f4   Code   RO         3766    i.duty_set          adc_samp.o
    0x08005148   0x08005148   0x000002ec   Code   RO         3862    i.key_scan          key.o
    0x08005434   0x08005434   0x00000218   Code   RO         3738    i.lcd_show          lcd_bsp.o
    0x0800564c   0x0800564c   0x000000a0   Code   RO         3713    i.led_show          led.o
    0x080056ec   0x080056ec   0x00000094   Code   RO           15    i.main              main.o
    0x08005780   0x08005780   0x000000f4   Code   RO         3823    i.max_speed         pwm_in.o
    0x08005874   0x08005874   0x000000b0   Code   RO         3794    i.pwm_out           pwm_out.o
    0x08005924   0x08005924   0x00000024   Code   RO         3824    i.vel_meas          pwm_in.o
    0x08005948   0x08005948   0x00000018   Data   RO         3678    .constdata          system_stm32g4xx.o
    0x08005960   0x08005960   0x000011d0   Data   RO         3921    .constdata          lcd.o
    0x08006b30   0x08006b30   0x00000020   Data   RO         4448    Region$$Table       anon$$obj.o


    Execution Region RW_IRAM1 (Exec base: 0x20000000, Load base: 0x08006b50, Size: 0x000005b0, Max: 0x00008000, ABSOLUTE)

    Exec Addr    Load Addr    Size         Type   Attr      Idx    E Section Name        Object

    0x20000000   0x08006b50   0x0000000c   Data   RW          988    .data               stm32g4xx_hal.o
    0x2000000c   0x08006b5c   0x00000004   Data   RW         3679    .data               system_stm32g4xx.o
    0x20000010   0x08006b60   0x00000001   Data   RW         3767    .data               adc_samp.o
    0x20000011   0x08006b61   0x00000001   Data   RW         3795    .data               pwm_out.o
    0x20000012   0x08006b62   0x00000002   PAD
    0x20000014   0x08006b64   0x00000014   Data   RW         3825    .data               pwm_in.o
    0x20000028   0x08006b78   0x0000001d   Data   RW         3863    .data               key.o
    0x20000045   0x08006b95   0x00000001   PAD
    0x20000046   0x08006b96   0x00000006   Data   RW         3922    .data               lcd.o
    0x2000004c        -       0x0000006c   Zero   RW          215    .bss                adc.o
    0x200000b8        -       0x000000e4   Zero   RW          262    .bss                tim.o
    0x2000019c        -       0x00000014   Zero   RW         3739    .bss                lcd_bsp.o
    0x200001b0        -       0x00000400   Zero   RW            1    STACK               startup_stm32g431xx.o


==============================================================================

Image component sizes


      Code (inc. data)   RO Data    RW Data    ZI Data      Debug   Object Name

       276         26          0          0        108       1801   adc.o
       244         44          0          1          0        862   adc_samp.o
       376         18          0          0          0       1099   gpio.o
       748         80          0         29          0       1611   key.o
      2134        110       4560          6          0      11272   lcd.o
       536        268          0          0         20       1296   lcd_bsp.o
       160         20          0          0          0        583   led.o
       258         20          0          0          0     657784   main.o
       304         62          0         20          0       2228   pwm_in.o
       176         26          0          1          0        699   pwm_out.o
        36          8        472          0       1024        832   startup_stm32g431xx.o
       194         32          0         12          0       4301   stm32g4xx_hal.o
      2728        118          0          0          0      80553   stm32g4xx_hal_adc.o
       176         10          0          0          0      67198   stm32g4xx_hal_adc_ex.o
       310         22          0          0          0      34319   stm32g4xx_hal_cortex.o
       522         34          0          0          0       3376   stm32g4xx_hal_gpio.o
        68          6          0          0          0        850   stm32g4xx_hal_msp.o
       300         18          0          0          0       1405   stm32g4xx_hal_pwr_ex.o
      2176         80          0          0          0       5524   stm32g4xx_hal_rcc.o
       880          8          0          0          0       1892   stm32g4xx_hal_rcc_ex.o
      4754        420          0          0          0      24485   stm32g4xx_hal_tim.o
       198         26          0          0          0       5524   stm32g4xx_hal_tim_ex.o
        66         12          0          0          0       5196   stm32g4xx_it.o
        20          6         24          4          0       1115   system_stm32g4xx.o
        36          4          0          0          0        816   task.o
       656         42          0          0        228       4306   tim.o

    ----------------------------------------------------------------------
     18352       1520       5088         76       1380     920927   Object Totals
         0          0         32          0          0          0   (incl. Generated)
        20          0          0          3          0          0   (incl. Padding)

    ----------------------------------------------------------------------

      Code (inc. data)   RO Data    RW Data    ZI Data      Debug   Library Member Name

         0          0          0          0          0          0   entry.o
         0          0          0          0          0          0   entry10a.o
         0          0          0          0          0          0   entry11a.o
         4          0          0          0          0          0   entry12b.o
         8          4          0          0          0          0   entry2.o
         4          0          0          0          0          0   entry5.o
         0          0          0          0          0          0   entry7b.o
         0          0          0          0          0          0   entry8b.o
         8          4          0          0          0          0   entry9a.o
        30          0          0          0          0          0   handlers.o
        36          8          0          0          0         68   init.o
         0          0          0          0          0          0   iusefp.o
        30          0          0          0          0         68   llshl.o
        36          0          0          0          0         68   llsshr.o
        32          0          0          0          0         68   llushr.o
        36          0          0          0          0        108   memseta.o
      2236         86          0          0          0        532   printfa.o
        44          0          0          0          0         80   uidiv.o
        98          0          0          0          0         92   uldiv.o
        48          0          0          0          0         68   cdcmple.o
        48          0          0          0          0         68   cdrcmple.o
        56          0          0          0          0         88   d2f.o
       334          0          0          0          0        148   dadd.o
       222          0          0          0          0        100   ddiv.o
       186          0          0          0          0        176   depilogue.o
        50          0          0          0          0         76   dfixui.o
        48          0          0          0          0         68   dfixul.o
        34          0          0          0          0         76   dflti.o
        26          0          0          0          0         76   dfltui.o
       228          0          0          0          0         96   dmul.o
        38          0          0          0          0         68   f2d.o
       110          0          0          0          0        168   fepilogue.o

    ----------------------------------------------------------------------
      4032        102          0          0          0       2360   Library Totals
         2          0          0          0          0          0   (incl. Padding)

    ----------------------------------------------------------------------

      Code (inc. data)   RO Data    RW Data    ZI Data      Debug   Library Name

      2602        102          0          0          0       1084   mc_w.l
      1428          0          0          0          0       1276   mf_w.l

    ----------------------------------------------------------------------
      4032        102          0          0          0       2360   Library Totals

    ----------------------------------------------------------------------

==============================================================================


      Code (inc. data)   RO Data    RW Data    ZI Data      Debug   

     22384       1622       5088         76       1380     909595   Grand Totals
     22384       1622       5088         76       1380     909595   ELF Image Totals
     22384       1622       5088         76          0          0   ROM Totals

==============================================================================

    Total RO  Size (Code + RO Data)                27472 (  26.83kB)
    Total RW  Size (RW Data + ZI Data)              1456 (   1.42kB)
    Total ROM Size (Code + RO Data + RW Data)      27548 (  26.90kB)

==============================================================================

