<html>
<body>
<pre>
<h1>µVision Build Log</h1>
<h2>Tool Versions:</h2>
IDE-Version: ¦ÌVision V5.34.0.0
Copyright (C) 2021 ARM Ltd and ARM Germany GmbH. All rights reserved.
License Information: 1 yshen68@hotmail.com, 11, LIC=S5ISZ-JSI14-8Y8VV-PZWC0-LG29X-U37UU
 
Tool Versions:
Toolchain:       MDK-ARM Professional  Version: 5.34.0.0
Toolchain Path:  C:\Keil_v5\ARM\ARMCC\Bin
C Compiler:      Armcc.exe V5.06 update 7 (build 960)
Assembler:       Armasm.exe V5.06 update 7 (build 960)
Linker/Locator:  ArmLink.exe V5.06 update 7 (build 960)
Library Manager: ArmAr.exe V5.06 update 7 (build 960)
Hex Converter:   FromElf.exe V5.06 update 7 (build 960)
CPU DLL:         SARMCM3.DLL V5.34.0.0
Dialog DLL:      DCM.DLL V1.17.3.0
Target DLL:      CMSIS_AGDI.dll V1.32.13.0
Dialog DLL:      TCM.DLL V1.48.0.0
 
<h2>Project:</h2>
C:\Users\yshen\Desktop\Moni\MDK-ARM\Moni.uvprojx
Project File Date:  03/29/2026

<h2>Output:</h2>
*** Using Compiler 'V5.06 update 7 (build 960)', folder: 'C:\Keil_v5\ARM\ARMCC\Bin'
Build target 'Moni'
compiling lcd_bsp.c...
../APP/Inc/lcd_bsp.h(7): warning:  #1295-D: Deprecated declaration lcd_show - give arg types
  void lcd_show();
../APP/Inc/lcd_bsp.h(9): warning:  #1-D: last line of file ends without a newline
  #endif
..\APP\Src\lcd_bsp.c(20): warning:  #1035-D: single-precision operand implicitly converted to double-precision
  		else if (3.3 * 27.0 / 28.0 <= adc_1 && adc_1 <= 3.3) show1 = 14;
..\APP\Src\lcd_bsp.c(28): warning:  #1035-D: single-precision operand implicitly converted to double-precision
  		else if (3.3 * 27.0 / 28.0 <= adc_2 && adc_2 <= 3.3) show2 = 14;
..\APP\Src\lcd_bsp.c(181): warning:  #1-D: last line of file ends without a newline
  }
..\APP\Src\lcd_bsp.c: 5 warnings, 0 errors
linking...
Program Size: Code=13232 RO-data=5080 RW-data=40 ZI-data=1320  
FromELF: creating hex file...
"Moni\Moni.axf" - 0 Error(s), 5 Warning(s).

<h2>Software Packages used:</h2>

Package Vendor: Keil
                https://www.keil.com/pack/Keil.STM32G4xx_DFP.2.0.0.pack
                Keil.STM32G4xx_DFP.2.0.0
                STMicroelectronics STM32G4 Series Device Support

<h2>Collection of Component include folders:</h2>

<h2>Collection of Component Files used:</h2>
Build Time Elapsed:  00:00:05
</pre>
</body>
</html>
